Component: ARM Compiler 5.06 update 1 (build 61) Tool: armlink [4d35a8]

==============================================================================

Section Cross References

    main.o(i.Init_UART) refers to uart_lpc17xx.o(.constdata) for Driver_USART1
    main.o(i.Init_UART) refers to main.o(i.usart_cb) for usart_cb
    main.o(i.affichePoint) refers to glcd_mcb1700.o(i.GLCD_SetForegroundColor) for GLCD_SetForegroundColor
    main.o(i.affichePoint) refers to glcd_mcb1700.o(i.GLCD_DrawPixel) for GLCD_DrawPixel
    main.o(i.effacePoint) refers to glcd_mcb1700.o(i.GLCD_SetForegroundColor) for GLCD_SetForegroundColor
    main.o(i.effacePoint) refers to glcd_mcb1700.o(i.GLCD_DrawPixel) for GLCD_DrawPixel
    main.o(i.main) refers to rt_cmsis.o(i.osKernelInitialize) for osKernelInitialize
    main.o(i.main) refers to main.o(i.Init_UART) for Init_UART
    main.o(i.main) refers to glcd_mcb1700.o(i.GLCD_Initialize) for GLCD_Initialize
    main.o(i.main) refers to glcd_mcb1700.o(i.GLCD_ClearScreen) for GLCD_ClearScreen
    main.o(i.main) refers to glcd_mcb1700.o(i.GLCD_SetFont) for GLCD_SetFont
    main.o(i.main) refers to glcd_mcb1700.o(i.GLCD_DrawHLine) for GLCD_DrawHLine
    main.o(i.main) refers to glcd_mcb1700.o(i.GLCD_DrawVLine) for GLCD_DrawVLine
    main.o(i.main) refers to glcd_mcb1700.o(i.GLCD_DrawString) for GLCD_DrawString
    main.o(i.main) refers to rt_cmsis.o(i.osThreadCreate) for osThreadCreate
    main.o(i.main) refers to rt_cmsis.o(i.osKernelStart) for osKernelStart
    main.o(i.main) refers to rt_cmsis.o(i.osDelay) for osDelay
    main.o(i.main) refers to glcd_fonts.o(.constdata) for GLCD_Font_6x8
    main.o(i.main) refers to main.o(.constdata) for os_thread_def_tache1
    main.o(i.main) refers to main.o(.data) for ID_Tache1
    main.o(i.tache1) refers to rt_cmsis.o(i.osSignalWait) for osSignalWait
    main.o(i.tache1) refers to rt_cmsis.o(i.osSignalSet) for osSignalSet
    main.o(i.tache1) refers to uart_lpc17xx.o(.constdata) for Driver_USART1
    main.o(i.tache1) refers to main.o(.bss) for data
    main.o(i.tache1) refers to main.o(.data) for ID_Tache2
    main.o(i.tache2) refers to _printf_percent.o(.ARM.Collect$$_printf_percent$$00000000) for _printf_percent
    main.o(i.tache2) refers to _printf_f.o(.ARM.Collect$$_printf_percent$$00000003) for _printf_f
    main.o(i.tache2) refers to printf1.o(x$fpl$printf1) for _printf_fp_dec
    main.o(i.tache2) refers to rt_cmsis.o(i.osSignalWait) for osSignalWait
    main.o(i.tache2) refers to strtof.o(i.strtof) for strtof
    main.o(i.tache2) refers to f2d.o(x$fpl$f2d) for __aeabi_f2d
    main.o(i.tache2) refers to noretval__2sprintf.o(.text) for __2sprintf
    main.o(i.tache2) refers to glcd_mcb1700.o(i.GLCD_DrawString) for GLCD_DrawString
    main.o(i.tache2) refers to feqf.o(x$fpl$feqf) for __aeabi_cfcmpeq
    main.o(i.tache2) refers to daddsub_clz.o(x$fpl$dsub) for __aeabi_dsub
    main.o(i.tache2) refers to dmul.o(x$fpl$dmul) for __aeabi_dmul
    main.o(i.tache2) refers to daddsub_clz.o(x$fpl$dadd) for __aeabi_dadd
    main.o(i.tache2) refers to dfix.o(x$fpl$dfix) for __aeabi_d2iz
    main.o(i.tache2) refers to main.o(i.effacePoint) for effacePoint
    main.o(i.tache2) refers to main.o(i.affichePoint) for affichePoint
    main.o(i.tache2) refers to main.o(.bss) for data
    main.o(i.usart_cb) refers to rt_cmsis.o(i.osSignalSet) for osSignalSet
    main.o(i.usart_cb) refers to main.o(.data) for ID_Tache1
    main.o(.constdata) refers to main.o(i.tache1) for tache1
    main.o(.constdata) refers to main.o(i.tache2) for tache2
    glcd_mcb1700.o(i.GLCD_ClearScreen) refers to glcd_mcb1700.o(i.GLCD_WindowMax) for GLCD_WindowMax
    glcd_mcb1700.o(i.GLCD_ClearScreen) refers to glcd_mcb1700.o(i.wr_cmd) for wr_cmd
    glcd_mcb1700.o(i.GLCD_ClearScreen) refers to glcd_mcb1700.o(i.wr_dat_start) for wr_dat_start
    glcd_mcb1700.o(i.GLCD_ClearScreen) refers to glcd_mcb1700.o(i.wr_dat_only) for wr_dat_only
    glcd_mcb1700.o(i.GLCD_ClearScreen) refers to glcd_mcb1700.o(i.wr_dat_stop) for wr_dat_stop
    glcd_mcb1700.o(i.GLCD_ClearScreen) refers to glcd_mcb1700.o(.data) for background_color
    glcd_mcb1700.o(i.GLCD_DrawBargraph) refers to glcd_mcb1700.o(i.GLCD_SetWindow) for GLCD_SetWindow
    glcd_mcb1700.o(i.GLCD_DrawBargraph) refers to glcd_mcb1700.o(i.wr_cmd) for wr_cmd
    glcd_mcb1700.o(i.GLCD_DrawBargraph) refers to glcd_mcb1700.o(i.wr_dat_start) for wr_dat_start
    glcd_mcb1700.o(i.GLCD_DrawBargraph) refers to glcd_mcb1700.o(i.wr_dat_only) for wr_dat_only
    glcd_mcb1700.o(i.GLCD_DrawBargraph) refers to glcd_mcb1700.o(i.wr_dat_stop) for wr_dat_stop
    glcd_mcb1700.o(i.GLCD_DrawBargraph) refers to glcd_mcb1700.o(.data) for background_color
    glcd_mcb1700.o(i.GLCD_DrawBitmap) refers to glcd_mcb1700.o(i.GLCD_SetWindow) for GLCD_SetWindow
    glcd_mcb1700.o(i.GLCD_DrawBitmap) refers to glcd_mcb1700.o(i.wr_cmd) for wr_cmd
[...]
    Channel_info                             0x10001d78   Data         160  gpdma_lpc17xx.o(.bss)
    .bss                                     0x10001e18   Section       52  rt_task.o(.bss)
    .bss                                     0x10001e4c   Section       48  rt_list.o(.bss)
    .bss                                     0x10001e7c   Section       96  libspace.o(.bss)
    HEAP                                     0x10001ee0   Section        0  startup_lpc17xx.o(HEAP)
    STACK                                    0x10001ee0   Section      512  startup_lpc17xx.o(STACK)
    Heap_Mem                                 0x10001ee0   Data           0  startup_lpc17xx.o(HEAP)
    Stack_Mem                                0x10001ee0   Data         512  startup_lpc17xx.o(STACK)
    __initial_sp                             0x100020e0   Data           0  startup_lpc17xx.o(STACK)

    Global Symbols

    Symbol Name                              Value     Ov Type        Size  Object(Section)

    BuildAttributes$$THM_ISAv4$P$D$K$B$S$PE$A:L22UL41UL21$X:L11$S22US41US21$IEEE1$IW$USESV6$~STKCKD$USESV7$~SHL$OTIME$ROPI$IEEEX$EBA8$UX$STANDARDLIB$REQ8$PRES8$EABIv2 0x00000000   Number         0  anon$$obj.o ABSOLUTE
    __ARM_use_no_argv                        0x00000000   Number         0  main.o ABSOLUTE
    __Vectors                                0x00000000   Data           4  startup_lpc17xx.o(RESET)
    __ARM_exceptions_init                     - Undefined Weak Reference
    __alloca_initialize                       - Undefined Weak Reference
    __arm_preinit_                            - Undefined Weak Reference
    __cpp_initialize__aeabi_                  - Undefined Weak Reference
    __cxa_finalize                            - Undefined Weak Reference
    __sigvec_lookup                           - Undefined Weak Reference
    _atexit_init                              - Undefined Weak Reference
    _call_atexit_fns                          - Undefined Weak Reference
    _clock_init                               - Undefined Weak Reference
    _fp_trap_init                             - Undefined Weak Reference
    _fp_trap_shutdown                         - Undefined Weak Reference
    _get_lc_collate                           - Undefined Weak Reference
    _get_lc_monetary                          - Undefined Weak Reference
    _get_lc_time                              - Undefined Weak Reference
    _getenv_init                              - Undefined Weak Reference
    _handle_redirection                       - Undefined Weak Reference
    _init_alloc                               - Undefined Weak Reference
    _init_user_alloc                          - Undefined Weak Reference
    _initio                                   - Undefined Weak Reference
    _printf_post_padding                      - Undefined Weak Reference
    _printf_pre_padding                       - Undefined Weak Reference
    _rand_init                                - Undefined Weak Reference
    _signal_finish                            - Undefined Weak Reference
    _signal_init                              - Undefined Weak Reference
    _terminate_alloc                          - Undefined Weak Reference
    _terminate_user_alloc                     - Undefined Weak Reference
    _terminateio                              - Undefined Weak Reference
    __main                                   0x000000cd   Thumb Code     8  __main.o(!!!main)
    __scatterload                            0x000000d5   Thumb Code     0  __scatter.o(!!!scatter)
    __scatterload_rt2                        0x000000d5   Thumb Code    44  __scatter.o(!!!scatter)
    __scatterload_rt2_thumb_only             0x000000d5   Thumb Code     0  __scatter.o(!!!scatter)
    __scatterload_null                       0x000000e3   Thumb Code     0  __scatter.o(!!!scatter)
    __scatterload_copy                       0x00000109   Thumb Code    26  __scatter_copy.o(!!handler_copy)
    __scatterload_zeroinit                   0x00000125   Thumb Code    28  __scatter_zi.o(!!handler_zi)
    _printf_f                                0x00000141   Thumb Code     0  _printf_f.o(.ARM.Collect$$_printf_percent$$00000003)
    _printf_percent                          0x00000141   Thumb Code     0  _printf_percent.o(.ARM.Collect$$_printf_percent$$00000000)
    _printf_percent_end                      0x00000147   Thumb Code     0  _printf_percent_end.o(.ARM.Collect$$_printf_percent$$00000017)
    __rt_lib_init                            0x0000014b   Thumb Code     0  libinit.o(.ARM.Collect$$libinit$$00000000)
    __rt_lib_init_fp_1                       0x0000014d   Thumb Code     0  libinit2.o(.ARM.Collect$$libinit$$00000002)
    __rt_lib_init_heap_1                     0x0000014d   Thumb Code     0  libinit2.o(.ARM.Collect$$libinit$$0000000A)
    __rt_lib_init_lc_common                  0x0000014d   Thumb Code     0  libinit2.o(.ARM.Collect$$libinit$$0000000F)
    __rt_lib_init_preinit_1                  0x0000014d   Thumb Code     0  libinit2.o(.ARM.Collect$$libinit$$00000004)
    __rt_lib_init_rand_1                     0x0000014d   Thumb Code     0  libinit2.o(.ARM.Collect$$libinit$$0000000E)
    __rt_lib_init_user_alloc_1               0x0000014d   Thumb Code     0  libinit2.o(.ARM.Collect$$libinit$$0000000C)
    __rt_lib_init_lc_collate_1               0x00000153   Thumb Code     0  libinit2.o(.ARM.Collect$$libinit$$00000011)
    __rt_lib_init_lc_ctype_2                 0x00000153   Thumb Code     0  libinit2.o(.ARM.Collect$$libinit$$00000012)
    __rt_lib_init_lc_ctype_1                 0x0000015f   Thumb Code     0  libinit2.o(.ARM.Collect$$libinit$$00000013)
    __rt_lib_init_lc_monetary_1              0x0000015f   Thumb Code     0  libinit2.o(.ARM.Collect$$libinit$$00000015)
    __rt_lib_init_lc_numeric_2               0x0000015f   Thumb Code     0  libinit2.o(.ARM.Collect$$libinit$$00000016)
    __rt_lib_init_alloca_1                   0x00000169   Thumb Code     0  libinit2.o(.ARM.Collect$$libinit$$0000002E)
    __rt_lib_init_argv_1                     0x00000169   Thumb Code     0  libinit2.o(.ARM.Collect$$libinit$$0000002C)
    __rt_lib_init_atexit_1                   0x00000169   Thumb Code     0  libinit2.o(.ARM.Collect$$libinit$$0000001B)
    __rt_lib_init_clock_1                    0x00000169   Thumb Code     0  libinit2.o(.ARM.Collect$$libinit$$00000021)
    __rt_lib_init_cpp_1                      0x00000169   Thumb Code     0  libinit2.o(.ARM.Collect$$libinit$$00000032)
    __rt_lib_init_exceptions_1               0x00000169   Thumb Code     0  libinit2.o(.ARM.Collect$$libinit$$00000030)
    __rt_lib_init_fp_trap_1                  0x00000169   Thumb Code     0  libinit2.o(.ARM.Collect$$libinit$$0000001F)
    __rt_lib_init_getenv_1                   0x00000169   Thumb Code     0  libinit2.o(.ARM.Collect$$libinit$$00000023)
    __rt_lib_init_lc_numeric_1               0x00000169   Thumb Code     0  libinit2.o(.ARM.Collect$$libinit$$00000017)
    __rt_lib_init_lc_time_1                  0x00000169   Thumb Code     0  libinit2.o(.ARM.Collect$$libinit$$00000019)
    __rt_lib_init_return                     0x00000169   Thumb Code     0  libinit2.o(.ARM.Collect$$libinit$$00000033)
    __rt_lib_init_signal_1                   0x00000169   Thumb Code     0  libinit2.o(.ARM.Collect$$libinit$$0000001D)
    __rt_lib_init_stdio_1                    0x00000169   Thumb Code     0  libinit2.o(.ARM.Collect$$libinit$$00000025)
    __rt_lib_shutdown                        0x0000016b   Thumb Code     0  libshutdown.o(.ARM.Collect$$libshutdown$$00000000)
    __rt_lib_shutdown_cpp_1                  0x0000016d   Thumb Code     0  libshutdown2.o(.ARM.Collect$$libshutdown$$00000002)
    __rt_lib_shutdown_fp_trap_1              0x0000016d   Thumb Code     0  libshutdown2.o(.ARM.Collect$$libshutdown$$00000007)
    __rt_lib_shutdown_heap_1                 0x0000016d   Thumb Code     0  libshutdown2.o(.ARM.Collect$$libshutdown$$0000000F)
    __rt_lib_shutdown_return                 0x0000016d   Thumb Code     0  libshutdown2.o(.ARM.Collect$$libshutdown$$00000010)
    __rt_lib_shutdown_signal_1               0x0000016d   Thumb Code     0  libshutdown2.o(.ARM.Collect$$libshutdown$$0000000A)
    __rt_lib_shutdown_stdio_1                0x0000016d   Thumb Code     0  libshutdown2.o(.ARM.Collect$$libshutdown$$00000004)
    __rt_lib_shutdown_user_alloc_1           0x0000016d   Thumb Code     0  libshutdown2.o(.ARM.Collect$$libshutdown$$0000000C)
    __rt_entry                               0x0000016f   Thumb Code     0  __rtentry.o(.ARM.Collect$$rtentry$$00000000)
    __rt_entry_presh_1                       0x0000016f   Thumb Code     0  __rtentry2.o(.ARM.Collect$$rtentry$$00000002)
    __rt_entry_sh                            0x0000016f   Thumb Code     0  __rtentry4.o(.ARM.Collect$$rtentry$$00000004)
    __rt_entry_li                            0x00000175   Thumb Code     0  __rtentry2.o(.ARM.Collect$$rtentry$$0000000A)
    __rt_entry_postsh_1                      0x00000175   Thumb Code     0  __rtentry2.o(.ARM.Collect$$rtentry$$00000009)
    __rt_entry_postli_1                      0x00000179   Thumb Code     0  __rtentry2.o(.ARM.Collect$$rtentry$$0000000B)
    __rt_entry_main                          0x00000181   Thumb Code     0  __rtentry2.o(.ARM.Collect$$rtentry$$0000000D)
    __rt_exit                                0x00000189   Thumb Code     0  rtexit.o(.ARM.Collect$$rtexit$$00000000)
    __rt_exit_ls                             0x0000018b   Thumb Code     0  rtexit2.o(.ARM.Collect$$rtexit$$00000003)
    __rt_exit_prels_1                        0x0000018b   Thumb Code     0  rtexit2.o(.ARM.Collect$$rtexit$$00000002)
    __rt_exit_exit                           0x0000018f   Thumb Code     0  rtexit2.o(.ARM.Collect$$rtexit$$00000004)
    _platform_post_lib_init                  0x00000195   Thumb Code    24  rtx_conf_cm.o(.emb_text)
    rt_set_PSP                               0x000001b1   Thumb Code     6  hal_cm3.o(.emb_text)
    rt_get_PSP                               0x000001b7   Thumb Code     6  hal_cm3.o(.emb_text)
    os_set_env                               0x000001bd   Thumb Code    24  hal_cm3.o(.emb_text)
    _alloc_box                               0x000001d9   Thumb Code    28  hal_cm3.o(.emb_text)
    _free_box                                0x000001f9   Thumb Code    28  hal_cm3.o(.emb_text)
    SVC_Handler                              0x00000219   Thumb Code   108  hal_cm3.o(.emb_text)
    PendSV_Handler                           0x00000291   Thumb Code    56  hal_cm3.o(.emb_text)
    SysTick_Handler                          0x000002cd   Thumb Code     8  hal_cm3.o(.emb_text)
    OS_Tick_Handler                          0x000002d5   Thumb Code    12  hal_cm3.o(.emb_text)
    __user_libspace                          0x000002e1   Thumb Code     8  libspace.o(.text)
    __user_perproc_libspace                  0x000002e1   Thumb Code     0  libspace.o(.text)
    exit                                     0x000002e9   Thumb Code    18  exit.o(.text)
    __I$use$semihosting                      0x000002fb   Thumb Code     0  use_no_semi.o(.text)
    __use_no_semihosting_swi                 0x000002fb   Thumb Code     2  use_no_semi.o(.text)
    Reset_Handler                            0x00000301   Thumb Code     8  startup_lpc17xx.o(.text)
    NMI_Handler                              0x00000309   Thumb Code     2  startup_lpc17xx.o(.text)
    HardFault_Handler                        0x0000030b   Thumb Code     2  startup_lpc17xx.o(.text)
    MemManage_Handler                        0x0000030d   Thumb Code     2  startup_lpc17xx.o(.text)
    BusFault_Handler                         0x0000030f   Thumb Code     2  startup_lpc17xx.o(.text)
    UsageFault_Handler                       0x00000311   Thumb Code     2  startup_lpc17xx.o(.text)
    DebugMon_Handler                         0x00000315   Thumb Code     2  startup_lpc17xx.o(.text)
    ADC_IRQHandler                           0x0000031b   Thumb Code     0  startup_lpc17xx.o(.text)
    BOD_IRQHandler                           0x0000031b   Thumb Code     0  startup_lpc17xx.o(.text)
    CANActivity_IRQHandler                   0x0000031b   Thumb Code     0  startup_lpc17xx.o(.text)
    CAN_IRQHandler                           0x0000031b   Thumb Code     0  startup_lpc17xx.o(.text)
    EINT0_IRQHandler                         0x0000031b   Thumb Code     0  startup_lpc17xx.o(.text)
    EINT1_IRQHandler                         0x0000031b   Thumb Code     0  startup_lpc17xx.o(.text)
    EINT2_IRQHandler                         0x0000031b   Thumb Code     0  startup_lpc17xx.o(.text)
    EINT3_IRQHandler                         0x0000031b   Thumb Code     0  startup_lpc17xx.o(.text)
    ENET_IRQHandler                          0x0000031b   Thumb Code     0  startup_lpc17xx.o(.text)
    I2C0_IRQHandler                          0x0000031b   Thumb Code     0  startup_lpc17xx.o(.text)
    I2C1_IRQHandler                          0x0000031b   Thumb Code     0  startup_lpc17xx.o(.text)
    I2C2_IRQHandler                          0x0000031b   Thumb Code     0  startup_lpc17xx.o(.text)
    I2S_IRQHandler                           0x0000031b   Thumb Code     0  startup_lpc17xx.o(.text)
    MCPWM_IRQHandler                         0x0000031b   Thumb Code     0  startup_lpc17xx.o(.text)
    PLL0_IRQHandler                          0x0000031b   Thumb Code     0  startup_lpc17xx.o(.text)
    PLL1_IRQHandler                          0x0000031b   Thumb Code     0  startup_lpc17xx.o(.text)
    PWM1_IRQHandler                          0x0000031b   Thumb Code     0  startup_lpc17xx.o(.text)
    QEI_IRQHandler                           0x0000031b   Thumb Code     0  startup_lpc17xx.o(.text)
    RIT_IRQHandler                           0x0000031b   Thumb Code     0  startup_lpc17xx.o(.text)
    RTC_IRQHandler                           0x0000031b   Thumb Code     0  startup_lpc17xx.o(.text)
    SPI_IRQHandler                           0x0000031b   Thumb Code     0  startup_lpc17xx.o(.text)
    SSP0_IRQHandler                          0x0000031b   Thumb Code     0  startup_lpc17xx.o(.text)
    TIMER0_IRQHandler                        0x0000031b   Thumb Code     0  startup_lpc17xx.o(.text)
    TIMER1_IRQHandler                        0x0000031b   Thumb Code     0  startup_lpc17xx.o(.text)
    TIMER2_IRQHandler                        0x0000031b   Thumb Code     0  startup_lpc17xx.o(.text)
    TIMER3_IRQHandler                        0x0000031b   Thumb Code     0  startup_lpc17xx.o(.text)
    UART2_IRQHandler                         0x0000031b   Thumb Code     0  startup_lpc17xx.o(.text)
    UART3_IRQHandler                         0x0000031b   Thumb Code     0  startup_lpc17xx.o(.text)
    USBActivity_IRQHandler                   0x0000031b   Thumb Code     0  startup_lpc17xx.o(.text)
    USB_IRQHandler                           0x0000031b   Thumb Code     0  startup_lpc17xx.o(.text)
    WDT_IRQHandler                           0x0000031b   Thumb Code     0  startup_lpc17xx.o(.text)
    __user_initial_stackheap                 0x0000031d   Thumb Code     0  startup_lpc17xx.o(.text)
    __aeabi_uldivmod                         0x0000033d   Thumb Code     0  lludivv7m.o(.text)
    _ll_udiv                                 0x0000033d   Thumb Code   238  lludivv7m.o(.text)
    __2sprintf                               0x0000042d   Thumb Code    34  noretval__2sprintf.o(.text)
    __printf                                 0x00000455   Thumb Code   104  __printf.o(.text)
    __RL_RTX_VER                             0x00000482   Number         0  rt_system.o ABSOLUTE
    __aeabi_memclr4                          0x000004bd   Thumb Code     0  rt_memclr_w.o(.text)
    __aeabi_memclr8                          0x000004bd   Thumb Code     0  rt_memclr_w.o(.text)
    __rt_memclr_w                            0x000004bd   Thumb Code    78  rt_memclr_w.o(.text)
    _memset_w                                0x000004c1   Thumb Code     0  rt_memclr_w.o(.text)
    __use_two_region_memory                  0x0000050b   Thumb Code     2  heapauxi.o(.text)
    __rt_heap_escrow$2region                 0x0000050d   Thumb Code     2  heapauxi.o(.text)
    __rt_heap_expand$2region                 0x0000050f   Thumb Code     2  heapauxi.o(.text)
    __lib_sel_fp_printf                      0x00000511   Thumb Code     2  _printf_fp_dec.o(.text)
    _printf_fp_dec_real                      0x000006bf   Thumb Code   620  _printf_fp_dec.o(.text)
    _printf_char_common                      0x00000937   Thumb Code    32  _printf_char_common.o(.text)
    _sputc                                   0x0000095d   Thumb Code    10  _sputc.o(.text)
    __strtod_int                             0x000009a5   Thumb Code    88  strtod.o(.text)
    __rt_locale                              0x00000a09   Thumb Code    10  rt_locale_twolibspace.o(.text)
    _ll_udiv10                               0x00000a13   Thumb Code   138  lludiv10.o(.text)
    isspace                                  0x00000a9d   Thumb Code    18  isspace.o(.text)
    _printf_fp_infnan                        0x00000ab1   Thumb Code   112  _printf_fp_infnan.o(.text)
    _sgetc                                   0x00000b31   Thumb Code    30  _sgetc.o(.text)
    _sbackspace                              0x00000b4f   Thumb Code    34  _sgetc.o(.text)
    _btod_etento                             0x00000b71   Thumb Code   216  bigflt0.o(.text)
    _sys_exit                                0x00000c4d   Thumb Code     8  sys_exit.o(.text)
    __user_setup_stackheap                   0x00000c59   Thumb Code    74  sys_stackheap_outer.o(.text)
    __rt_ctype_table                         0x00000ca5   Thumb Code    16  rt_ctype_table.o(.text)
    _scanf_really_real                       0x00000eb1   Thumb Code   668  scanf_fp.o(.text)
    strcmp                                   0x00001159   Thumb Code   128  strcmpv7m.o(.text)
    __aeabi_errno_addr                       0x000011d9   Thumb Code     4  rt_errno_addr_twolibspace.o(.text)
    __errno$twolibspace                      0x000011d9   Thumb Code     0  rt_errno_addr_twolibspace.o(.text)
    __rt_errno_addr$twolibspace              0x000011d9   Thumb Code     0  rt_errno_addr_twolibspace.o(.text)
    __semihosting_library_function           0x000011d9   Thumb Code     0  indicate_semi.o(.text)
    __read_errno                             0x000011dd   Thumb Code    10  _rserrno.o(.text)
    __set_errno                              0x000011e7   Thumb Code    12  _rserrno.o(.text)
    _scanf_really_hex_real                   0x000011f5   Thumb Code   778  scanf_hexfp.o(.text)
    _scanf_really_infnan                     0x0000150d   Thumb Code   292  scanf_infnan.o(.text)
    __aeabi_llsl                             0x00001641   Thumb Code     0  llshl.o(.text)
    _ll_shift_l                              0x00001641   Thumb Code    38  llshl.o(.text)
    _chval                                   0x00001667   Thumb Code    28  _chval.o(.text)
    _btod_d2e                                0x00001683   Thumb Code    62  btod.o(CL$$btod_d2e)
    _d2e_denorm_low                          0x000016c1   Thumb Code    70  btod.o(CL$$btod_d2e_denorm_low)
    _d2e_norm_op1                            0x00001707   Thumb Code    96  btod.o(CL$$btod_d2e_norm_op1)
    __btod_div_common                        0x00001767   Thumb Code   696  btod.o(CL$$btod_div_common)
    _e2d                                     0x00001aa1   Thumb Code    80  btod.o(CL$$btod_e2d)
    _e2e                                     0x00001af5   Thumb Code   198  btod.o(CL$$btod_e2e)
    _btod_ediv                               0x00001bbb   Thumb Code    40  btod.o(CL$$btod_ediv)
    _btod_edivd                              0x00001be3   Thumb Code    40  btod.o(CL$$btod_edivd)
    _btod_emul                               0x00001c0b   Thumb Code    40  btod.o(CL$$btod_emul)
    _btod_emuld                              0x00001c33   Thumb Code    40  btod.o(CL$$btod_emuld)
    __btod_mult_common                       0x00001c5b   Thumb Code   580  btod.o(CL$$btod_mult_common)
    SVC_Count                                0x00001ea0   Data           4  svc_table.o(SVC_TABLE)
    SVC_Table                                0x00001ea4   Data           0  svc_table.o(SVC_TABLE)
    DMA_IRQHandler                           0x00001ec5   Thumb Code   372  gpdma_lpc17xx.o(i.DMA_IRQHandler)
    GLCD_ClearScreen                         0x00002045   Thumb Code    44  glcd_mcb1700.o(i.GLCD_ClearScreen)
    GLCD_DrawChar                            0x00002075   Thumb Code   194  glcd_mcb1700.o(i.GLCD_DrawChar)
    GLCD_DrawHLine                           0x00002145   Thumb Code    56  glcd_mcb1700.o(i.GLCD_DrawHLine)
    GLCD_DrawPixel                           0x00002181   Thumb Code   120  glcd_mcb1700.o(i.GLCD_DrawPixel)
    GLCD_DrawString                          0x00002201   Thumb Code    38  glcd_mcb1700.o(i.GLCD_DrawString)
    GLCD_DrawVLine                           0x0000222d   Thumb Code    56  glcd_mcb1700.o(i.GLCD_DrawVLine)
    GLCD_Initialize                          0x00002269   Thumb Code  1462  glcd_mcb1700.o(i.GLCD_Initialize)
    GLCD_SetFont                             0x00002821   Thumb Code    10  glcd_mcb1700.o(i.GLCD_SetFont)
    GLCD_SetForegroundColor                  0x00002831   Thumb Code    10  glcd_mcb1700.o(i.GLCD_SetForegroundColor)
    GLCD_SetWindow                           0x00002841   Thumb Code   168  glcd_mcb1700.o(i.GLCD_SetWindow)
    GLCD_WindowMax                           0x000028ed   Thumb Code    18  glcd_mcb1700.o(i.GLCD_WindowMax)
    GPDMA_ChannelConfigure                   0x00002901   Thumb Code   232  gpdma_lpc17xx.o(i.GPDMA_ChannelConfigure)
    GPDMA_ChannelDisable                     0x000029f5   Thumb Code    44  gpdma_lpc17xx.o(i.GPDMA_ChannelDisable)
    GPDMA_ChannelGetCount                    0x00002a25   Thumb Code    38  gpdma_lpc17xx.o(i.GPDMA_ChannelGetCount)
    GPDMA_Initialize                         0x00002a55   Thumb Code   154  gpdma_lpc17xx.o(i.GPDMA_Initialize)
    GPDMA_PeripheralSelect                   0x00002b05   Thumb Code    62  gpdma_lpc17xx.o(i.GPDMA_PeripheralSelect)
    GPDMA_Uninitialize                       0x00002b49   Thumb Code   116  gpdma_lpc17xx.o(i.GPDMA_Uninitialize)
    GPIO_PinRead                             0x00002bc9   Thumb Code    28  gpio_lpc17xx.o(i.GPIO_PinRead)
    GPIO_PinWrite                            0x00002be9   Thumb Code    36  gpio_lpc17xx.o(i.GPIO_PinWrite)
    GPIO_PortClock                           0x00002c11   Thumb Code    38  gpio_lpc17xx.o(i.GPIO_PortClock)
    GPIO_SetDir                              0x00002c3d   Thumb Code    52  gpio_lpc17xx.o(i.GPIO_SetDir)
    Init_UART                                0x00002cfd   Thumb Code    52  main.o(i.Init_UART)
    PIN_Configure                            0x00002d39   Thumb Code   246  pin_lpc17xx.o(i.PIN_Configure)
    SSP1_GPDMA_Rx_SignalEvent                0x00002e4d   Thumb Code    14  ssp_lpc17xx.o(i.SSP1_GPDMA_Rx_SignalEvent)
    SSP1_GPDMA_Tx_SignalEvent                0x00002e61   Thumb Code    14  ssp_lpc17xx.o(i.SSP1_GPDMA_Tx_SignalEvent)
    SSP1_IRQHandler                          0x00002e95   Thumb Code    10  ssp_lpc17xx.o(i.SSP1_IRQHandler)
    SSPx_GPDMA_Rx_SignalEvent                0x00003463   Thumb Code    54  ssp_lpc17xx.o(i.SSPx_GPDMA_Rx_SignalEvent)
    SSPx_GPDMA_Tx_SignalEvent                0x00003499   Thumb Code    28  ssp_lpc17xx.o(i.SSPx_GPDMA_Tx_SignalEvent)
    SystemInit                               0x00003d51   Thumb Code   302  system_lpc17xx.o(i.SystemInit)
    UART0_IRQHandler                         0x00003e91   Thumb Code    10  uart_lpc17xx.o(i.UART0_IRQHandler)
    UART1_IRQHandler                         0x00003ea1   Thumb Code    10  uart_lpc17xx.o(i.UART1_IRQHandler)
    USART0_GPDMA_Rx_Event                    0x00003ec9   Thumb Code    14  uart_lpc17xx.o(i.USART0_GPDMA_Rx_Event)
    USART0_GPDMA_Tx_Event                    0x00003edd   Thumb Code    14  uart_lpc17xx.o(i.USART0_GPDMA_Tx_Event)
    USART1_GPDMA_Rx_Event                    0x00003ff1   Thumb Code    14  uart_lpc17xx.o(i.USART1_GPDMA_Rx_Event)
    USART1_GPDMA_Tx_Event                    0x00004005   Thumb Code    14  uart_lpc17xx.o(i.USART1_GPDMA_Tx_Event)
    USART_SetBaudrate                        0x000052f9   Thumb Code   302  uart_lpc17xx.o(i.USART_SetBaudrate)
    __ARM_fpclassify                         0x00005639   Thumb Code    40  fpclassify.o(i.__ARM_fpclassify)
    __mathlib_dbl_overflow                   0x000056b5   Thumb Code    14  dunder.o(i.__mathlib_dbl_overflow)
    __mathlib_dbl_underflow                  0x000056c5   Thumb Code    10  dunder.o(i.__mathlib_dbl_underflow)
    __mathlib_narrow                         0x000056d5   Thumb Code    16  narrow.o(i.__mathlib_narrow)
    __mathlib_tofloat                        0x000056e5   Thumb Code   132  narrow.o(i.__mathlib_tofloat)
    __support_ldexp                          0x0000576d   Thumb Code    22  ldexp.o(i.__support_ldexp)
    __user_perthread_libspace                0x00005785   Thumb Code    32  rtx_conf_cm.o(i.__user_perthread_libspace)
    _init_box                                0x000057b1   Thumb Code    70  rt_membox.o(i._init_box)
    _is_digit                                0x000057f7   Thumb Code    14  __printf_wp.o(i._is_digit)
    _mutex_acquire                           0x00005805   Thumb Code    22  rtx_conf_cm.o(i._mutex_acquire)
    _mutex_release                           0x00005825   Thumb Code    18  rtx_conf_cm.o(i._mutex_release)
    affichePoint                             0x00005841   Thumb Code    88  main.o(i.affichePoint)
    dbg_init                                 0x00005899   Thumb Code    34  hal_cm.o(i.dbg_init)
    dbg_task_notify                          0x000058c9   Thumb Code    32  hal_cm.o(i.dbg_task_notify)
    dbg_task_switch                          0x000058e9   Thumb Code    16  hal_cm.o(i.dbg_task_switch)
    effacePoint                              0x00005925   Thumb Code    88  main.o(i.effacePoint)
    frexp                                    0x0000597d   Thumb Code    80  frexp.o(i.frexp)
    isrMessageGet                            0x000059d5   Thumb Code    42  rt_cmsis.o(i.isrMessageGet)
    isrMessagePut                            0x000059ff   Thumb Code    44  rt_cmsis.o(i.isrMessagePut)
    isrSignalSet                             0x00005a2b   Thumb Code    36  rt_cmsis.o(i.isrSignalSet)
    isr_evt_set                              0x00005a51   Thumb Code    34  rt_event.o(i.isr_evt_set)
    isr_mbx_receive                          0x00005a79   Thumb Code    86  rt_mailbox.o(i.isr_mbx_receive)
    isr_mbx_send                             0x00005acf   Thumb Code    14  rt_mailbox.o(i.isr_mbx_send)
    ldexp                                    0x00005add   Thumb Code   116  ldexp.o(i.ldexp)
    main                                     0x00005b51   Thumb Code   114  main.o(i.main)
    osDelay                                  0x00005be1   Thumb Code    18  rt_cmsis.o(i.osDelay)
    osKernelInitialize                       0x00005bf9   Thumb Code    30  rt_cmsis.o(i.osKernelInitialize)
    osKernelStart                            0x00005c1d   Thumb Code    98  rt_cmsis.o(i.osKernelStart)
    osMessageGet                             0x00005c89   Thumb Code    18  rt_cmsis.o(i.osMessageGet)
    osSignalSet                              0x00005ca1   Thumb Code    18  rt_cmsis.o(i.osSignalSet)
    osSignalWait                             0x00005cb9   Thumb Code    18  rt_cmsis.o(i.osSignalWait)
    osThreadCreate                           0x00005cd1   Thumb Code    36  rt_cmsis.o(i.osThreadCreate)
    osThreadExit                             0x00005cfd   Thumb Code    14  rt_cmsis.o(i.osThreadExit)
    osTimerCall                              0x00005d15   Thumb Code     8  rt_cmsis.o(i.osTimerCall)
    osTimerThread                            0x00005d21   Thumb Code    38  rt_cmsis.o(i.osTimerThread)
    os_error                                 0x00005d4d   Thumb Code    34  rtx_conf_cm.o(i.os_error)
    os_idle_demon                            0x00005d6f   Thumb Code     4  rtx_conf_cm.o(i.os_idle_demon)
    os_tick_init                             0x00005d75   Thumb Code    32  rt_system.o(i.os_tick_init)
    os_tick_irqack                           0x00005d9d   Thumb Code     2  rt_system.o(i.os_tick_irqack)
    rt_alloc_box                             0x00005ebd   Thumb Code    26  rt_membox.o(i.rt_alloc_box)
    rt_alloc_mem                             0x00005ed7   Thumb Code    62  rt_memory.o(i.rt_alloc_mem)
    rt_block                                 0x00005f15   Thumb Code    48  rt_task.o(i.rt_block)
    rt_chk_robin                             0x00005f4d   Thumb Code    60  rt_robin.o(i.rt_chk_robin)
    rt_dec_dly                               0x00005f95   Thumb Code   102  rt_list.o(i.rt_dec_dly)
    rt_dispatch                              0x00006005   Thumb Code    60  rt_task.o(i.rt_dispatch)
    rt_dly_wait                              0x00006049   Thumb Code     6  rt_time.o(i.rt_dly_wait)
    rt_evt_psh                               0x00006051   Thumb Code    76  rt_event.o(i.rt_evt_psh)
    rt_evt_set                               0x000060a1   Thumb Code    88  rt_event.o(i.rt_evt_set)
    rt_evt_wait                              0x000060fd   Thumb Code    56  rt_event.o(i.rt_evt_wait)
    rt_free_box                              0x00006139   Thumb Code    44  rt_membox.o(i.rt_free_box)
    rt_free_mem                              0x00006165   Thumb Code    40  rt_memory.o(i.rt_free_mem)
    rt_get_first                             0x0000618d   Thumb Code    40  rt_list.o(i.rt_get_first)
    rt_init_mem                              0x00006205   Thumb Code    26  rt_memory.o(i.rt_init_mem)
    rt_init_robin                            0x00006221   Thumb Code    14  rt_robin.o(i.rt_init_robin)
    rt_init_stack                            0x00006239   Thumb Code   118  hal_cm.o(i.rt_init_stack)
    rt_mbx_check                             0x000062b9   Thumb Code     8  rt_mailbox.o(i.rt_mbx_check)
    rt_mbx_init                              0x000062c1   Thumb Code    26  rt_mailbox.o(i.rt_mbx_init)
    rt_mbx_psh                               0x000062dd   Thumb Code   236  rt_mailbox.o(i.rt_mbx_psh)
    rt_mbx_wait                              0x000063cd   Thumb Code   174  rt_mailbox.o(i.rt_mbx_wait)
    rt_mut_release                           0x000064c5   Thumb Code   208  rt_mutex.o(i.rt_mut_release)
    rt_mut_wait                              0x0000659d   Thumb Code   114  rt_mutex.o(i.rt_mut_wait)
    rt_pop_req                               0x00006615   Thumb Code   112  rt_system.o(i.rt_pop_req)
    rt_psh_req                               0x00006691   Thumb Code    22  rt_system.o(i.rt_psh_req)
    rt_psq_enq                               0x000066b1   Thumb Code    88  rt_list.o(i.rt_psq_enq)
    rt_put_dly                               0x0000670d   Thumb Code    68  rt_list.o(i.rt_put_dly)
    rt_put_prio                              0x00006755   Thumb Code    54  rt_list.o(i.rt_put_prio)
    rt_put_rdy_first                         0x0000678d   Thumb Code    14  rt_list.o(i.rt_put_rdy_first)
    rt_resort_prio                           0x000067a1   Thumb Code    46  rt_list.o(i.rt_resort_prio)
    rt_ret_val                               0x000067d5   Thumb Code     6  hal_cm.o(i.rt_ret_val)
    rt_ret_val2                              0x000067db   Thumb Code     8  hal_cm.o(i.rt_ret_val2)
    rt_rmv_dly                               0x000067e3   Thumb Code    40  rt_list.o(i.rt_rmv_dly)
    rt_rmv_list                              0x0000680d   Thumb Code    44  rt_list.o(i.rt_rmv_list)
    rt_sem_psh                               0x0000683d   Thumb Code    48  rt_semaphore.o(i.rt_sem_psh)
    rt_stk_check                             0x00006871   Thumb Code    28  rt_system.o(i.rt_stk_check)
    rt_switch_req                            0x00006895   Thumb Code    30  rt_task.o(i.rt_switch_req)
    rt_sys_init                              0x000068bd   Thumb Code   138  rt_task.o(i.rt_sys_init)
    rt_sys_start                             0x00006989   Thumb Code   110  rt_task.o(i.rt_sys_start)
    rt_systick                               0x00006a01   Thumb Code    50  rt_system.o(i.rt_systick)
    rt_tsk_create                            0x00006a89   Thumb Code   118  rt_task.o(i.rt_tsk_create)
    rt_tsk_delete                            0x00006b11   Thumb Code   352  rt_task.o(i.rt_tsk_delete)
    rt_tsk_prio                              0x00006c8d   Thumb Code   108  rt_task.o(i.rt_tsk_prio)
    rt_tsk_self                              0x00006d09   Thumb Code    12  rt_task.o(i.rt_tsk_self)
    strtof                                   0x00006dcd   Thumb Code    34  strtof.o(i.strtof)
    svcDelay                                 0x00006def   Thumb Code    18  rt_cmsis.o(i.svcDelay)
    svcKernelInitialize                      0x00006e01   Thumb Code    80  rt_cmsis.o(i.svcKernelInitialize)
    svcKernelStart                           0x00006e71   Thumb Code    62  rt_cmsis.o(i.svcKernelStart)
    svcMessageCreate                         0x00006eb9   Thumb Code    36  rt_cmsis.o(i.svcMessageCreate)
    svcMessageGet                            0x00006edd   Thumb Code    58  rt_cmsis.o(i.svcMessageGet)
    svcSignalSet                             0x00006f17   Thumb Code    36  rt_cmsis.o(i.svcSignalSet)
    svcSignalWait                            0x00006f3d   Thumb Code    80  rt_cmsis.o(i.svcSignalWait)
    svcThreadCreate                          0x00006f91   Thumb Code    96  rt_cmsis.o(i.svcThreadCreate)
    svcThreadGetId                           0x00006ffd   Thumb Code    22  rt_cmsis.o(i.svcThreadGetId)
    svcThreadTerminate                       0x00007019   Thumb Code    50  rt_cmsis.o(i.svcThreadTerminate)
    svcTimerCall                             0x00007051   Thumb Code    24  rt_cmsis.o(i.svcTimerCall)
    sysTimerTick                             0x00007069   Thumb Code    84  rt_cmsis.o(i.sysTimerTick)
    tache1                                   0x000070c5   Thumb Code   158  main.o(i.tache1)
    tache2                                   0x00007171   Thumb Code   300  main.o(i.tache2)
    usart_cb                                 0x000072d1   Thumb Code    24  main.o(i.usart_cb)
    _get_lc_numeric                          0x00007475   Thumb Code    44  lc_numeric_c.o(locale$$code)
    _get_lc_ctype                            0x000074a1   Thumb Code    44  lc_ctype_c.o(locale$$code)
    __aeabi_d2f                              0x000074cd   Thumb Code     0  d2f.o(x$fpl$d2f)
    _d2f                                     0x000074cd   Thumb Code    98  d2f.o(x$fpl$d2f)
    __aeabi_dadd                             0x00007531   Thumb Code     0  daddsub_clz.o(x$fpl$dadd)
    _dadd                                    0x00007531   Thumb Code   332  daddsub_clz.o(x$fpl$dadd)
    __fpl_dcheck_NaN1                        0x00007681   Thumb Code    10  dcheck1.o(x$fpl$dcheck1)
    __fpl_dcmp_Inf                           0x00007691   Thumb Code    24  dcmpi.o(x$fpl$dcmpinf)
    __aeabi_cdcmpeq                          0x000076a9   Thumb Code     0  deqf.o(x$fpl$deqf)
    _dcmpeq                                  0x000076a9   Thumb Code   120  deqf.o(x$fpl$deqf)
    __aeabi_d2iz                             0x00007721   Thumb Code     0  dfix.o(x$fpl$dfix)
    _dfix                                    0x00007721   Thumb Code    94  dfix.o(x$fpl$dfix)
    __aeabi_cdcmple                          0x00007781   Thumb Code     0  dleqf.o(x$fpl$dleqf)
    _dcmple                                  0x00007781   Thumb Code   120  dleqf.o(x$fpl$dleqf)
    __fpl_dcmple_InfNaN                      0x000077e3   Thumb Code     0  dleqf.o(x$fpl$dleqf)
    __aeabi_dmul                             0x000077f9   Thumb Code     0  dmul.o(x$fpl$dmul)
    _dmul                                    0x000077f9   Thumb Code   332  dmul.o(x$fpl$dmul)
    __fpl_dnaninf                            0x0000794d   Thumb Code   156  dnaninf.o(x$fpl$dnaninf)
    __fpl_dretinf                            0x000079e9   Thumb Code    12  dretinf.o(x$fpl$dretinf)
    __aeabi_cdrcmple                         0x000079f5   Thumb Code     0  drleqf.o(x$fpl$drleqf)
    _drcmple                                 0x000079f5   Thumb Code   108  drleqf.o(x$fpl$drleqf)
    __aeabi_dsub                             0x00007a61   Thumb Code     0  daddsub_clz.o(x$fpl$dsub)
    _dsub                                    0x00007a61   Thumb Code   464  daddsub_clz.o(x$fpl$dsub)
    __aeabi_f2d                              0x00007c35   Thumb Code     0  f2d.o(x$fpl$f2d)
    _f2d                                     0x00007c35   Thumb Code    86  f2d.o(x$fpl$f2d)
    __fpl_fcmp_Inf                           0x00007c8b   Thumb Code    24  fcmpi.o(x$fpl$fcmpinf)
    __aeabi_cfcmpeq                          0x00007ca5   Thumb Code     0  feqf.o(x$fpl$feqf)
    _fcmpeq                                  0x00007ca5   Thumb Code   104  feqf.o(x$fpl$feqf)
    __fpl_fnaninf                            0x00007d0d   Thumb Code   140  fnaninf.o(x$fpl$fnaninf)
    __fpl_fretinf                            0x00007d99   Thumb Code    10  fretinf.o(x$fpl$fretinf)
    _printf_fp_dec                           0x00007da3   Thumb Code     4  printf1.o(x$fpl$printf1)
    __fpl_return_NaN                         0x00007da7   Thumb Code   100  retnan.o(x$fpl$retnan)
    __ARM_scalbn                             0x00007e0b   Thumb Code    92  scalbn.o(x$fpl$scalbn)
    _scanf_real                              0x00007e67   Thumb Code     4  scanf1.o(x$fpl$scanf1)
    _scanf_hex_real                          0x00007e6b   Thumb Code     4  scanf2.o(x$fpl$scanf2)
    _scanf_infnan                            0x00007e6f   Thumb Code     4  scanf2.o(x$fpl$scanf2)
    __fpl_cmpreturn                          0x00007e73   Thumb Code    48  trapv.o(x$fpl$trapveneer)
    __I$use$fp                               0x00007ea2   Number         0  usenofp.o(x$fpl$usenofp)
    os_thread_def_tache1                     0x00007ea4   Data          16  main.o(.constdata)
    os_thread_def_tache2                     0x00007eb4   Data          16  main.o(.constdata)
    GLCD_Font_6x8                            0x00009744   Data          16  glcd_fonts.o(.constdata)
    GLCD_Font_16x24                          0x00009754   Data          16  glcd_fonts.o(.constdata)
    os_maxtaskrun                            0x00009764   Data           2  rtx_conf_cm.o(.constdata)
    os_stackinfo                             0x00009768   Data           4  rtx_conf_cm.o(.constdata)
    os_rrobin                                0x0000976c   Data           4  rtx_conf_cm.o(.constdata)
    os_tickfreq                              0x00009770   Data           4  rtx_conf_cm.o(.constdata)
    os_tickus_i                              0x00009774   Data           2  rtx_conf_cm.o(.constdata)
    os_tickus_f                              0x00009776   Data           2  rtx_conf_cm.o(.constdata)
    os_trv                                   0x00009778   Data           4  rtx_conf_cm.o(.constdata)
    os_flags                                 0x0000977c   Data           1  rtx_conf_cm.o(.constdata)
    CMSIS_RTOS_API_Version                   0x00009780   Data           4  rtx_conf_cm.o(.constdata)
    CMSIS_RTOS_RTX_Version                   0x00009784   Data           4  rtx_conf_cm.o(.constdata)
    os_clockrate                             0x00009788   Data           4  rtx_conf_cm.o(.constdata)
    os_timernum                              0x0000978c   Data           4  rtx_conf_cm.o(.constdata)
    mp_tcb_size                              0x00009790   Data           2  rtx_conf_cm.o(.constdata)
    mp_stk_size                              0x00009794   Data           4  rtx_conf_cm.o(.constdata)
    os_stack_sz                              0x00009798   Data           4  rtx_conf_cm.o(.constdata)
    os_fifo_size                             0x0000979c   Data           1  rtx_conf_cm.o(.constdata)
    os_thread_def_osTimerThread              0x000097a0   Data          16  rtx_conf_cm.o(.constdata)
    os_messageQ_def_osTimerMessageQ          0x000097b0   Data           8  rtx_conf_cm.o(.constdata)
    mp_tmr_size                              0x000097b8   Data           2  rtx_conf_cm.o(.constdata)
    os_thread_def_main                       0x000097bc   Data          16  rtx_conf_cm.o(.constdata)
    Driver_SPI1                              0x0000981c   Data          44  ssp_lpc17xx.o(.constdata)
    Driver_USART0                            0x00009a54   Data          56  uart_lpc17xx.o(.constdata)
    Driver_USART1                            0x00009a8c   Data          56  uart_lpc17xx.o(.constdata)
    Region$$Table$$Base                      0x00009b58   Number         0  anon$$obj.o(Region$$Table)
    Region$$Table$$Limit                     0x00009b78   Number         0  anon$$obj.o(Region$$Table)
    __aeabi_HUGE_VAL                         0x00009b78   Data           0  fpconst.o(c$$dinf)
    __aeabi_HUGE_VALL                        0x00009b78   Data           0  fpconst.o(c$$dinf)
    __aeabi_INFINITY                         0x00009b78   Data           0  fpconst.o(c$$dinf)
    __dInf                                   0x00009b78   Data           0  fpconst.o(c$$dinf)
    __huge_val                               0x00009b78   Data           0  fpconst.o(c$$dinf)
    __ctype                                  0x00009ba9   Data           0  lc_ctype_c.o(locale$$data)
    ID_Tache1                                0x10000000   Data           4  main.o(.data)
    ID_Tache2                                0x10000004   Data           4  main.o(.data)
    osThreadId_osTimerThread                 0x1000001c   Data           4  rtx_conf_cm.o(.data)
    osMessageQId_osTimerMessageQ             0x10000020   Data           4  rtx_conf_cm.o(.data)
    os_tmr                                   0x10000024   Data           4  rtx_conf_cm.o(.data)
    m_tmr                                    0x10000028   Data           4  rtx_conf_cm.o(.data)
    SystemCoreClock                          0x10000050   Data           4  system_lpc17xx.o(.data)
    os_initialized                           0x10000054   Data           1  rt_cmsis.o(.data)
    os_running                               0x10000055   Data           1  rt_cmsis.o(.data)
    os_timer_head                            0x10000058   Data           4  rt_cmsis.o(.data)
    os_tsk                                   0x1000005c   Data           8  rt_task.o(.data)
    os_tick_irqn                             0x10000068   Data           4  rt_system.o(.data)
    os_time                                  0x1000006c   Data           4  rt_time.o(.data)
    os_robin                                 0x10000070   Data           8  rt_robin.o(.data)
    dbg_msg                                  0x10000078   Data           1  hal_cm.o(.data)
    data                                     0x1000007c   Data          60  main.o(.bss)
    mp_tcb                                   0x100000b8   Data         376  rtx_conf_cm.o(.bss)
    mp_stk                                   0x10000230   Data        4816  rtx_conf_cm.o(.bss)
    os_stack_mem                             0x10001500   Data        1032  rtx_conf_cm.o(.bss)
    os_fifo                                  0x10001908   Data         132  rtx_conf_cm.o(.bss)
    os_active_TCB                            0x1000198c   Data          28  rtx_conf_cm.o(.bss)
    os_messageQ_q_osTimerMessageQ            0x100019a8   Data          32  rtx_conf_cm.o(.bss)
    os_idle_TCB                              0x10001e18   Data          52  rt_task.o(.bss)
    os_rdy                                   0x10001e4c   Data          24  rt_list.o(.bss)
    os_dly                                   0x10001e64   Data          24  rt_list.o(.bss)
    __libspace_start                         0x10001e7c   Data          96  libspace.o(.bss)
    __temporary_stack_top$libspace           0x10001edc   Data           0  libspace.o(.bss)



==============================================================================

Memory Map of the image

  Image Entry point : 0x00000301

  Load Region LR_1 (Base: 0x00000000, Size: 0x00009d28, Max: 0xffffffff, ABSOLUTE)

    Execution Region ER_RO (Base: 0x00000000, Size: 0x00009cac, Max: 0xffffffff, ABSOLUTE)

    Base Addr    Size         Type   Attr      Idx    E Section Name        Object

    0x00000000   0x000000cc   Data   RO         1057    RESET               startup_lpc17xx.o
    0x000000cc   0x00000008   Code   RO         2353  * !!!main             c_w.l(__main.o)
    0x000000d4   0x00000034   Code   RO         2701    !!!scatter          c_w.l(__scatter.o)
    0x00000108   0x0000001a   Code   RO         2703    !!handler_copy      c_w.l(__scatter_copy.o)
    0x00000122   0x00000002   PAD
    0x00000124   0x0000001c   Code   RO         2705    !!handler_zi        c_w.l(__scatter_zi.o)
    0x00000140   0x00000000   Code   RO         2346    .ARM.Collect$$_printf_percent$$00000000  c_w.l(_printf_percent.o)
    0x00000140   0x00000006   Code   RO         2345    .ARM.Collect$$_printf_percent$$00000003  c_w.l(_printf_f.o)
    0x00000146   0x00000004   Code   RO         2390    .ARM.Collect$$_printf_percent$$00000017  c_w.l(_printf_percent_end.o)
    0x0000014a   0x00000002   Code   RO         2501    .ARM.Collect$$libinit$$00000000  c_w.l(libinit.o)
    0x0000014c   0x00000000   Code   RO         2503    .ARM.Collect$$libinit$$00000002  c_w.l(libinit2.o)
    0x0000014c   0x00000000   Code   RO         2505    .ARM.Collect$$libinit$$00000004  c_w.l(libinit2.o)
    0x0000014c   0x00000000   Code   RO         2508    .ARM.Collect$$libinit$$0000000A  c_w.l(libinit2.o)
    0x0000014c   0x00000000   Code   RO         2510    .ARM.Collect$$libinit$$0000000C  c_w.l(libinit2.o)
    0x0000014c   0x00000000   Code   RO         2512    .ARM.Collect$$libinit$$0000000E  c_w.l(libinit2.o)
    0x0000014c   0x00000006   Code   RO         2513    .ARM.Collect$$libinit$$0000000F  c_w.l(libinit2.o)
    0x00000152   0x00000000   Code   RO         2515    .ARM.Collect$$libinit$$00000011  c_w.l(libinit2.o)
    0x00000152   0x0000000c   Code   RO         2516    .ARM.Collect$$libinit$$00000012  c_w.l(libinit2.o)
    0x0000015e   0x00000000   Code   RO         2517    .ARM.Collect$$libinit$$00000013  c_w.l(libinit2.o)
    0x0000015e   0x00000000   Code   RO         2519    .ARM.Collect$$libinit$$00000015  c_w.l(libinit2.o)
    0x0000015e   0x0000000a   Code   RO         2520    .ARM.Collect$$libinit$$00000016  c_w.l(libinit2.o)
    0x00000168   0x00000000   Code   RO         2521    .ARM.Collect$$libinit$$00000017  c_w.l(libinit2.o)
    0x00000168   0x00000000   Code   RO         2523    .ARM.Collect$$libinit$$00000019  c_w.l(libinit2.o)
    0x00000168   0x00000000   Code   RO         2525    .ARM.Collect$$libinit$$0000001B  c_w.l(libinit2.o)
    0x00000168   0x00000000   Code   RO         2527    .ARM.Collect$$libinit$$0000001D  c_w.l(libinit2.o)
    0x00000168   0x00000000   Code   RO         2529    .ARM.Collect$$libinit$$0000001F  c_w.l(libinit2.o)
    0x00000168   0x00000000   Code   RO         2531    .ARM.Collect$$libinit$$00000021  c_w.l(libinit2.o)
    0x00000168   0x00000000   Code   RO         2533    .ARM.Collect$$libinit$$00000023  c_w.l(libinit2.o)
    0x00000168   0x00000000   Code   RO         2535    .ARM.Collect$$libinit$$00000025  c_w.l(libinit2.o)
    0x00000168   0x00000000   Code   RO         2539    .ARM.Collect$$libinit$$0000002C  c_w.l(libinit2.o)
    0x00000168   0x00000000   Code   RO         2541    .ARM.Collect$$libinit$$0000002E  c_w.l(libinit2.o)
    0x00000168   0x00000000   Code   RO         2543    .ARM.Collect$$libinit$$00000030  c_w.l(libinit2.o)
    0x00000168   0x00000000   Code   RO         2545    .ARM.Collect$$libinit$$00000032  c_w.l(libinit2.o)
    0x00000168   0x00000002   Code   RO         2546    .ARM.Collect$$libinit$$00000033  c_w.l(libinit2.o)
    0x0000016a   0x00000002   Code   RO         2547    .ARM.Collect$$libshutdown$$00000000  c_w.l(libshutdown.o)
    0x0000016c   0x00000000   Code   RO         2570    .ARM.Collect$$libshutdown$$00000002  c_w.l(libshutdown2.o)
    0x0000016c   0x00000000   Code   RO         2572    .ARM.Collect$$libshutdown$$00000004  c_w.l(libshutdown2.o)
    0x0000016c   0x00000000   Code   RO         2575    .ARM.Collect$$libshutdown$$00000007  c_w.l(libshutdown2.o)
    0x0000016c   0x00000000   Code   RO         2578    .ARM.Collect$$libshutdown$$0000000A  c_w.l(libshutdown2.o)
    0x0000016c   0x00000000   Code   RO         2580    .ARM.Collect$$libshutdown$$0000000C  c_w.l(libshutdown2.o)
    0x0000016c   0x00000000   Code   RO         2583    .ARM.Collect$$libshutdown$$0000000F  c_w.l(libshutdown2.o)
    0x0000016c   0x00000002   Code   RO         2584    .ARM.Collect$$libshutdown$$00000010  c_w.l(libshutdown2.o)
    0x0000016e   0x00000000   Code   RO         2377    .ARM.Collect$$rtentry$$00000000  c_w.l(__rtentry.o)
    0x0000016e   0x00000000   Code   RO         2405    .ARM.Collect$$rtentry$$00000002  c_w.l(__rtentry2.o)
    0x0000016e   0x00000006   Code   RO         2417    .ARM.Collect$$rtentry$$00000004  c_w.l(__rtentry4.o)
    0x00000174   0x00000000   Code   RO         2407    .ARM.Collect$$rtentry$$00000009  c_w.l(__rtentry2.o)
    0x00000174   0x00000004   Code   RO         2408    .ARM.Collect$$rtentry$$0000000A  c_w.l(__rtentry2.o)
    0x00000178   0x00000008   Code   RO         2409    .ARM.Collect$$rtentry$$0000000B  c_w.l(__rtentry2.o)
    0x00000180   0x00000008   Code   RO         2411    .ARM.Collect$$rtentry$$0000000D  c_w.l(__rtentry2.o)
    0x00000188   0x00000002   Code   RO         2378    .ARM.Collect$$rtexit$$00000000  c_w.l(rtexit.o)
    0x0000018a   0x00000000   Code   RO         2420    .ARM.Collect$$rtexit$$00000002  c_w.l(rtexit2.o)
    0x0000018a   0x00000004   Code   RO         2421    .ARM.Collect$$rtexit$$00000003  c_w.l(rtexit2.o)
    0x0000018e   0x00000006   Code   RO         2422    .ARM.Collect$$rtexit$$00000004  c_w.l(rtexit2.o)
    0x00000194   0x0000001c   Code   RO          329    .emb_text           rtx_conf_cm.o
    0x000001b0   0x00000130   Code   RO         2299    .emb_text           RTX_CM3.lib(hal_cm3.o)
    0x000002e0   0x00000008   Code   RO         2314    .text               c_w.l(libspace.o)
    0x000002e8   0x00000012   Code   RO         2347    .text               c_w.l(exit.o)
    0x000002fa   0x00000002   Code   RO         2548    .text               c_w.l(use_no_semi.o)
    0x000002fc   0x00000004   Code   RO         1058    .ARM.__at_0x02FC    startup_lpc17xx.o
    0x00000300   0x0000003c   Code   RO         1059  * .text               startup_lpc17xx.o
    0x0000033c   0x000000ee   Code   RO         2317    .text               c_w.l(lludivv7m.o)
    0x0000042a   0x00000002   PAD
    0x0000042c   0x00000028   Code   RO         2321    .text               c_w.l(noretval__2sprintf.o)
    0x00000454   0x00000068   Code   RO         2323    .text               c_w.l(__printf.o)
    0x000004bc   0x0000004e   Code   RO         2349    .text               c_w.l(rt_memclr_w.o)
    0x0000050a   0x00000006   Code   RO         2351    .text               c_w.l(heapauxi.o)
    0x00000510   0x0000041a   Code   RO         2384    .text               c_w.l(_printf_fp_dec.o)
    0x0000092a   0x00000002   PAD
    0x0000092c   0x00000030   Code   RO         2386    .text               c_w.l(_printf_char_common.o)
    0x0000095c   0x0000000a   Code   RO         2388    .text               c_w.l(_sputc.o)
    0x00000966   0x00000002   PAD
    0x00000968   0x000000a0   Code   RO         2391    .text               c_w.l(strtod.o)
    0x00000a08   0x0000000a   Code   RO         2433    .text               c_w.l(rt_locale_twolibspace.o)
    0x00000a12   0x0000008a   Code   RO         2435    .text               c_w.l(lludiv10.o)
    0x00000a9c   0x00000012   Code   RO         2437    .text               c_w.l(isspace.o)
    0x00000aae   0x00000002   PAD
    0x00000ab0   0x00000080   Code   RO         2439    .text               c_w.l(_printf_fp_infnan.o)
    0x00000b30   0x00000040   Code   RO         2443    .text               c_w.l(_sgetc.o)
    0x00000b70   0x000000dc   Code   RO         2445    .text               c_w.l(bigflt0.o)
    0x00000c4c   0x0000000c   Code   RO         2481    .text               c_w.l(sys_exit.o)
    0x00000c58   0x0000004a   Code   RO         2483    .text               c_w.l(sys_stackheap_outer.o)
    0x00000ca2   0x00000002   PAD
    0x00000ca4   0x00000010   Code   RO         2485    .text               c_w.l(rt_ctype_table.o)
    0x00000cb4   0x000004a4   Code   RO         2487    .text               c_w.l(scanf_fp.o)
    0x00001158   0x00000080   Code   RO         2493    .text               c_w.l(strcmpv7m.o)
    0x000011d8   0x00000000   Code   RO         2550    .text               c_w.l(indicate_semi.o)
    0x000011d8   0x00000004   Code   RO         2558    .text               c_w.l(rt_errno_addr_twolibspace.o)
    0x000011dc   0x00000016   Code   RO         2602    .text               c_w.l(_rserrno.o)
    0x000011f2   0x00000002   PAD
    0x000011f4   0x00000318   Code   RO         2604    .text               c_w.l(scanf_hexfp.o)
    0x0000150c   0x00000134   Code   RO         2606    .text               c_w.l(scanf_infnan.o)
    0x00001640   0x00000026   Code   RO         2630    .text               c_w.l(llshl.o)
    0x00001666   0x0000001c   Code   RO         2632    .text               c_w.l(_chval.o)
    0x00001682   0x0000003e   Code   RO         2448    CL$$btod_d2e        c_w.l(btod.o)
    0x000016c0   0x00000046   Code   RO         2450    CL$$btod_d2e_denorm_low  c_w.l(btod.o)
    0x00001706   0x00000060   Code   RO         2449    CL$$btod_d2e_norm_op1  c_w.l(btod.o)
    0x00001766   0x00000338   Code   RO         2458    CL$$btod_div_common  c_w.l(btod.o)
    0x00001a9e   0x00000002   PAD
    0x00001aa0   0x00000054   Code   RO         2456    CL$$btod_e2d        c_w.l(btod.o)
    0x00001af4   0x000000c6   Code   RO         2455    CL$$btod_e2e        c_w.l(btod.o)
    0x00001bba   0x00000028   Code   RO         2452    CL$$btod_ediv       c_w.l(btod.o)
    0x00001be2   0x00000028   Code   RO         2454    CL$$btod_edivd      c_w.l(btod.o)
    0x00001c0a   0x00000028   Code   RO         2451    CL$$btod_emul       c_w.l(btod.o)
    0x00001c32   0x00000028   Code   RO         2453    CL$$btod_emuld      c_w.l(btod.o)
    0x00001c5a   0x00000244   Code   RO         2457    CL$$btod_mult_common  c_w.l(btod.o)
    0x00001e9e   0x00000002   PAD
    0x00001ea0   0x00000004   Code   RO         2309    SVC_TABLE           RTX_CM3.lib(svc_table.o)
    0x00001ea4   0x00000020   Code   RO          878    i.Clear_Channel_active_flag  gpdma_lpc17xx.o
    0x00001ec4   0x00000180   Code   RO          879    i.DMA_IRQHandler    gpdma_lpc17xx.o
    0x00002044   0x00000030   Code   RO          104    i.GLCD_ClearScreen  glcd_mcb1700.o
    0x00002074   0x000000d0   Code   RO          107    i.GLCD_DrawChar     glcd_mcb1700.o
    0x00002144   0x0000003c   Code   RO          108    i.GLCD_DrawHLine    glcd_mcb1700.o
    0x00002180   0x00000080   Code   RO          109    i.GLCD_DrawPixel    glcd_mcb1700.o
    0x00002200   0x0000002c   Code   RO          111    i.GLCD_DrawString   glcd_mcb1700.o
    0x0000222c   0x0000003c   Code   RO          112    i.GLCD_DrawVLine    glcd_mcb1700.o
    0x00002268   0x000005b6   Code   RO          115    i.GLCD_Initialize   glcd_mcb1700.o
    0x0000281e   0x00000002   PAD
    0x00002820   0x00000010   Code   RO          117    i.GLCD_SetFont      glcd_mcb1700.o
    0x00002830   0x00000010   Code   RO          118    i.GLCD_SetForegroundColor  glcd_mcb1700.o
    0x00002840   0x000000ac   Code   RO          119    i.GLCD_SetWindow    glcd_mcb1700.o
    0x000028ec   0x00000012   Code   RO          122    i.GLCD_WindowMax    glcd_mcb1700.o
    0x000028fe   0x00000002   PAD
    0x00002900   0x000000f4   Code   RO          880    i.GPDMA_ChannelConfigure  gpdma_lpc17xx.o
    0x000029f4   0x00000030   Code   RO          881    i.GPDMA_ChannelDisable  gpdma_lpc17xx.o
    0x00002a24   0x00000030   Code   RO          883    i.GPDMA_ChannelGetCount  gpdma_lpc17xx.o
    0x00002a54   0x000000b0   Code   RO          885    i.GPDMA_Initialize  gpdma_lpc17xx.o
    0x00002b04   0x00000044   Code   RO          886    i.GPDMA_PeripheralSelect  gpdma_lpc17xx.o
    0x00002b48   0x00000080   Code   RO          887    i.GPDMA_Uninitialize  gpdma_lpc17xx.o
    0x00002bc8   0x00000020   Code   RO          968    i.GPIO_PinRead      gpio_lpc17xx.o
    0x00002be8   0x00000028   Code   RO          969    i.GPIO_PinWrite     gpio_lpc17xx.o
    0x00002c10   0x0000002c   Code   RO          970    i.GPIO_PortClock    gpio_lpc17xx.o
    0x00002c3c   0x00000038   Code   RO          973    i.GPIO_SetDir       gpio_lpc17xx.o
    0x00002c74   0x00000044   Code   RO          390    i.GetSSPClockFreq   ssp_lpc17xx.o
    0x00002cb8   0x00000044   Code   RO          580    i.GetUsartClockFreq  uart_lpc17xx.o
    0x00002cfc   0x0000003c   Code   RO            1    i.Init_UART         main.o
    0x00002d38   0x000000fc   Code   RO         1022    i.PIN_Configure     pin_lpc17xx.o
    0x00002e34   0x00000018   Code   RO          391    i.SSP1_Control      ssp_lpc17xx.o
    0x00002e4c   0x00000014   Code   RO          392    i.SSP1_GPDMA_Rx_SignalEvent  ssp_lpc17xx.o
    0x00002e60   0x00000014   Code   RO          393    i.SSP1_GPDMA_Tx_SignalEvent  ssp_lpc17xx.o
    0x00002e74   0x00000010   Code   RO          394    i.SSP1_GetDataCount  ssp_lpc17xx.o
    0x00002e84   0x00000010   Code   RO          395    i.SSP1_GetStatus    ssp_lpc17xx.o
    0x00002e94   0x00000010   Code   RO          396    i.SSP1_IRQHandler   ssp_lpc17xx.o
    0x00002ea4   0x00000014   Code   RO          397    i.SSP1_Initialize   ssp_lpc17xx.o
    0x00002eb8   0x00000014   Code   RO          398    i.SSP1_PowerControl  ssp_lpc17xx.o
    0x00002ecc   0x00000018   Code   RO          399    i.SSP1_Receive      ssp_lpc17xx.o
    0x00002ee4   0x00000018   Code   RO          400    i.SSP1_Send         ssp_lpc17xx.o
    0x00002efc   0x0000001c   Code   RO          401    i.SSP1_Transfer     ssp_lpc17xx.o
    0x00002f18   0x00000010   Code   RO          402    i.SSP1_Uninitialize  ssp_lpc17xx.o
    0x00002f28   0x0000000c   Code   RO          403    i.SSP_GetCapabilities  ssp_lpc17xx.o
    0x00002f34   0x00000010   Code   RO          404    i.SSP_GetVersion    ssp_lpc17xx.o
    0x00002f44   0x0000051e   Code   RO          405    i.SSPx_Control      ssp_lpc17xx.o
    0x00003462   0x00000036   Code   RO          406    i.SSPx_GPDMA_Rx_SignalEvent  ssp_lpc17xx.o
    0x00003498   0x0000001c   Code   RO          407    i.SSPx_GPDMA_Tx_SignalEvent  ssp_lpc17xx.o
    0x000034b4   0x0000002c   Code   RO          408    i.SSPx_GetDataCount  ssp_lpc17xx.o
    0x000034e0   0x0000005a   Code   RO          409    i.SSPx_GetStatus    ssp_lpc17xx.o
    0x0000353a   0x00000104   Code   RO          410    i.SSPx_IRQHandler   ssp_lpc17xx.o
    0x0000363e   0x000000a8   Code   RO          411    i.SSPx_Initialize   ssp_lpc17xx.o
    0x000036e6   0x00000002   PAD
    0x000036e8   0x000001bc   Code   RO          412    i.SSPx_PowerControl  ssp_lpc17xx.o
    0x000038a4   0x0000015c   Code   RO          413    i.SSPx_Receive      ssp_lpc17xx.o
    0x00003a00   0x00000154   Code   RO          414    i.SSPx_Send         ssp_lpc17xx.o
    0x00003b54   0x00000152   Code   RO          415    i.SSPx_Transfer     ssp_lpc17xx.o
    0x00003ca6   0x00000070   Code   RO          416    i.SSPx_Uninitialize  ssp_lpc17xx.o
    0x00003d16   0x00000002   PAD
    0x00003d18   0x00000038   Code   RO          888    i.Set_Channel_active_flag  gpdma_lpc17xx.o
    0x00003d50   0x00000140   Code   RO         1069    i.SystemInit        system_lpc17xx.o
    0x00003e90   0x00000010   Code   RO          581    i.UART0_IRQHandler  uart_lpc17xx.o
    0x00003ea0   0x00000010   Code   RO          582    i.UART1_IRQHandler  uart_lpc17xx.o
    0x00003eb0   0x00000018   Code   RO          583    i.USART0_Control    uart_lpc17xx.o
    0x00003ec8   0x00000014   Code   RO          584    i.USART0_GPDMA_Rx_Event  uart_lpc17xx.o
    0x00003edc   0x00000014   Code   RO          585    i.USART0_GPDMA_Tx_Event  uart_lpc17xx.o
    0x00003ef0   0x00000010   Code   RO          586    i.USART0_GetCapabilities  uart_lpc17xx.o
    0x00003f00   0x00000010   Code   RO          587    i.USART0_GetModemStatus  uart_lpc17xx.o
    0x00003f10   0x00000010   Code   RO          588    i.USART0_GetRxCount  uart_lpc17xx.o
    0x00003f20   0x00000010   Code   RO          589    i.USART0_GetStatus  uart_lpc17xx.o
    0x00003f30   0x00000010   Code   RO          590    i.USART0_GetTxCount  uart_lpc17xx.o
    0x00003f40   0x00000014   Code   RO          591    i.USART0_Initialize  uart_lpc17xx.o
    0x00003f54   0x00000014   Code   RO          592    i.USART0_PowerControl  uart_lpc17xx.o
    0x00003f68   0x00000018   Code   RO          593    i.USART0_Receive    uart_lpc17xx.o
    0x00003f80   0x00000018   Code   RO          594    i.USART0_Send       uart_lpc17xx.o
    0x00003f98   0x00000014   Code   RO          595    i.USART0_SetModemControl  uart_lpc17xx.o
    0x00003fac   0x0000001c   Code   RO          596    i.USART0_Transfer   uart_lpc17xx.o
    0x00003fc8   0x00000010   Code   RO          597    i.USART0_Uninitialize  uart_lpc17xx.o
    0x00003fd8   0x00000018   Code   RO          598    i.USART1_Control    uart_lpc17xx.o
    0x00003ff0   0x00000014   Code   RO          599    i.USART1_GPDMA_Rx_Event  uart_lpc17xx.o
    0x00004004   0x00000014   Code   RO          600    i.USART1_GPDMA_Tx_Event  uart_lpc17xx.o
    0x00004018   0x00000010   Code   RO          601    i.USART1_GetCapabilities  uart_lpc17xx.o
    0x00004028   0x00000010   Code   RO          602    i.USART1_GetModemStatus  uart_lpc17xx.o
    0x00004038   0x00000010   Code   RO          603    i.USART1_GetRxCount  uart_lpc17xx.o
    0x00004048   0x00000010   Code   RO          604    i.USART1_GetStatus  uart_lpc17xx.o
    0x00004058   0x00000010   Code   RO          605    i.USART1_GetTxCount  uart_lpc17xx.o
    0x00004068   0x00000014   Code   RO          606    i.USART1_Initialize  uart_lpc17xx.o
    0x0000407c   0x00000014   Code   RO          607    i.USART1_PowerControl  uart_lpc17xx.o
    0x00004090   0x00000018   Code   RO          608    i.USART1_Receive    uart_lpc17xx.o
    0x000040a8   0x00000018   Code   RO          609    i.USART1_Send       uart_lpc17xx.o
    0x000040c0   0x00000014   Code   RO          610    i.USART1_SetModemControl  uart_lpc17xx.o
    0x000040d4   0x0000001c   Code   RO          611    i.USART1_Transfer   uart_lpc17xx.o
    0x000040f0   0x00000010   Code   RO          612    i.USART1_Uninitialize  uart_lpc17xx.o
    0x00004100   0x00000670   Code   RO          613    i.USART_Control     uart_lpc17xx.o
    0x00004770   0x00000086   Code   RO          614    i.USART_GPDMA_Rx_Event  uart_lpc17xx.o
    0x000047f6   0x0000004a   Code   RO          615    i.USART_GPDMA_Tx_Event  uart_lpc17xx.o
    0x00004840   0x00000006   Code   RO          616    i.USART_GetCapabilities  uart_lpc17xx.o
    0x00004846   0x000000ec   Code   RO          617    i.USART_GetModemStatus  uart_lpc17xx.o
    0x00004932   0x0000001c   Code   RO          618    i.USART_GetRxCount  uart_lpc17xx.o
    0x0000494e   0x000000bc   Code   RO          619    i.USART_GetStatus   uart_lpc17xx.o
    0x00004a0a   0x0000001c   Code   RO          620    i.USART_GetTxCount  uart_lpc17xx.o
    0x00004a26   0x0000026c   Code   RO          621    i.USART_IRQHandler  uart_lpc17xx.o
    0x00004c92   0x000000fe   Code   RO          622    i.USART_Initialize  uart_lpc17xx.o
    0x00004d90   0x00000254   Code   RO          623    i.USART_PowerControl  uart_lpc17xx.o
    0x00004fe4   0x00000110   Code   RO          624    i.USART_Receive     uart_lpc17xx.o
    0x000050f4   0x00000068   Code   RO          625    i.USART_RxLineIntHandler  uart_lpc17xx.o
    0x0000515c   0x0000019c   Code   RO          626    i.USART_Send        uart_lpc17xx.o
    0x000052f8   0x00000134   Code   RO          627    i.USART_SetBaudrate  uart_lpc17xx.o
    0x0000542c   0x000000a0   Code   RO          628    i.USART_SetModemControl  uart_lpc17xx.o
    0x000054cc   0x0000007a   Code   RO          629    i.USART_Transfer    uart_lpc17xx.o
    0x00005546   0x000000e2   Code   RO          630    i.USART_Uninitialize  uart_lpc17xx.o
    0x00005628   0x00000010   Code   RO          631    i.USARTx_GetVersion  uart_lpc17xx.o
    0x00005638   0x00000028   Code   RO         2479    i.__ARM_fpclassify  m_ws.l(fpclassify.o)
    0x00005660   0x0000001c   Code   RO          417    i.__NVIC_ClearPendingIRQ  ssp_lpc17xx.o
    0x0000567c   0x0000001c   Code   RO          632    i.__NVIC_ClearPendingIRQ  uart_lpc17xx.o
    0x00005698   0x0000001c   Code   RO          889    i.__NVIC_ClearPendingIRQ  gpdma_lpc17xx.o
    0x000056b4   0x0000000e   Code   RO         2680    i.__mathlib_dbl_overflow  m_ws.l(dunder.o)
    0x000056c2   0x00000002   PAD
    0x000056c4   0x00000010   Code   RO         2682    i.__mathlib_dbl_underflow  m_ws.l(dunder.o)
    0x000056d4   0x00000010   Code   RO         2596    i.__mathlib_narrow  m_ws.l(narrow.o)
    0x000056e4   0x00000088   Code   RO         2597    i.__mathlib_tofloat  m_ws.l(narrow.o)
    0x0000576c   0x00000016   Code   RO         2647    i.__support_ldexp   m_ws.l(ldexp.o)
    0x00005782   0x00000002   PAD
    0x00005784   0x0000002c   Code   RO          330    i.__user_perthread_libspace  rtx_conf_cm.o
    0x000057b0   0x00000046   Code   RO         2198    i._init_box         RTX_CM3.lib(rt_membox.o)
    0x000057f6   0x0000000e   Code   RO         2335    i._is_digit         c_w.l(__printf_wp.o)
    0x00005804   0x00000020   Code   RO          331    i._mutex_acquire    rtx_conf_cm.o
    0x00005824   0x0000001c   Code   RO          333    i._mutex_release    rtx_conf_cm.o
    0x00005840   0x00000058   Code   RO            2    i.affichePoint      main.o
    0x00005898   0x00000030   Code   RO         2251    i.dbg_init          RTX_CM3.lib(hal_cm.o)
    0x000058c8   0x00000020   Code   RO         2252    i.dbg_task_notify   RTX_CM3.lib(hal_cm.o)
    0x000058e8   0x00000010   Code   RO         2253    i.dbg_task_switch   RTX_CM3.lib(hal_cm.o)
    0x000058f8   0x0000002c   Code   RO          123    i.delay_ms          glcd_mcb1700.o
    0x00005924   0x00000058   Code   RO            3    i.effacePoint       main.o
    0x0000597c   0x00000058   Code   RO         2621    i.frexp             m_ws.l(frexp.o)
    0x000059d4   0x0000002a   Code   RO         1104    i.isrMessageGet     RTX_CM3.lib(rt_cmsis.o)
    0x000059fe   0x0000002c   Code   RO         1105    i.isrMessagePut     RTX_CM3.lib(rt_cmsis.o)
    0x00005a2a   0x00000024   Code   RO         1107    i.isrSignalSet      RTX_CM3.lib(rt_cmsis.o)
    0x00005a4e   0x00000002   PAD
    0x00005a50   0x00000028   Code   RO         1935    i.isr_evt_set       RTX_CM3.lib(rt_event.o)
    0x00005a78   0x00000056   Code   RO         2053    i.isr_mbx_receive   RTX_CM3.lib(rt_mailbox.o)
    0x00005ace   0x0000000e   Code   RO         2054    i.isr_mbx_send      RTX_CM3.lib(rt_mailbox.o)
    0x00005adc   0x00000074   Code   RO         2648    i.ldexp             m_ws.l(ldexp.o)
    0x00005b50   0x00000090   Code   RO            4    i.main              main.o
    0x00005be0   0x00000018   Code   RO         1108    i.osDelay           RTX_CM3.lib(rt_cmsis.o)
    0x00005bf8   0x00000024   Code   RO         1109    i.osKernelInitialize  RTX_CM3.lib(rt_cmsis.o)
    0x00005c1c   0x0000006c   Code   RO         1111    i.osKernelStart     RTX_CM3.lib(rt_cmsis.o)
    0x00005c88   0x00000018   Code   RO         1120    i.osMessageGet      RTX_CM3.lib(rt_cmsis.o)
    0x00005ca0   0x00000018   Code   RO         1135    i.osSignalSet       RTX_CM3.lib(rt_cmsis.o)
    0x00005cb8   0x00000018   Code   RO         1136    i.osSignalWait      RTX_CM3.lib(rt_cmsis.o)
    0x00005cd0   0x0000002c   Code   RO         1137    i.osThreadCreate    RTX_CM3.lib(rt_cmsis.o)
    0x00005cfc   0x00000018   Code   RO         1138    i.osThreadExit      RTX_CM3.lib(rt_cmsis.o)
    0x00005d14   0x0000000c   Code   RO         1144    i.osTimerCall       RTX_CM3.lib(rt_cmsis.o)
    0x00005d20   0x0000002c   Code   RO         1149    i.osTimerThread     RTX_CM3.lib(rt_cmsis.o)
    0x00005d4c   0x00000022   Code   RO          334    i.os_error          rtx_conf_cm.o
    0x00005d6e   0x00000004   Code   RO          335    i.os_idle_demon     rtx_conf_cm.o
    0x00005d72   0x00000002   PAD
    0x00005d74   0x00000028   Code   RO         1845    i.os_tick_init      RTX_CM3.lib(rt_system.o)
    0x00005d9c   0x00000002   Code   RO         1846    i.os_tick_irqack    RTX_CM3.lib(rt_system.o)
    0x00005d9e   0x00000002   PAD
    0x00005da0   0x00000044   Code   RO          124    i.rd_dat            glcd_mcb1700.o
    0x00005de4   0x000000c8   Code   RO          125    i.rd_id_man         glcd_mcb1700.o
    0x00005eac   0x00000010   Code   RO          126    i.rd_reg            glcd_mcb1700.o
    0x00005ebc   0x0000001a   Code   RO         2199    i.rt_alloc_box      RTX_CM3.lib(rt_membox.o)
    0x00005ed6   0x0000003e   Code   RO         2227    i.rt_alloc_mem      RTX_CM3.lib(rt_memory.o)
    0x00005f14   0x00000038   Code   RO         1726    i.rt_block          RTX_CM3.lib(rt_task.o)
    0x00005f4c   0x00000048   Code   RO         2176    i.rt_chk_robin      RTX_CM3.lib(rt_robin.o)
    0x00005f94   0x00000070   Code   RO         1977    i.rt_dec_dly        RTX_CM3.lib(rt_list.o)
    0x00006004   0x00000044   Code   RO         1727    i.rt_dispatch       RTX_CM3.lib(rt_task.o)
    0x00006048   0x00000006   Code   RO         2143    i.rt_dly_wait       RTX_CM3.lib(rt_time.o)
    0x0000604e   0x00000002   PAD
    0x00006050   0x00000050   Code   RO         1938    i.rt_evt_psh        RTX_CM3.lib(rt_event.o)
    0x000060a0   0x0000005c   Code   RO         1939    i.rt_evt_set        RTX_CM3.lib(rt_event.o)
    0x000060fc   0x0000003c   Code   RO         1940    i.rt_evt_wait       RTX_CM3.lib(rt_event.o)
    0x00006138   0x0000002c   Code   RO         2200    i.rt_free_box       RTX_CM3.lib(rt_membox.o)
    0x00006164   0x00000028   Code   RO         2228    i.rt_free_mem       RTX_CM3.lib(rt_memory.o)
    0x0000618c   0x00000028   Code   RO         1978    i.rt_get_first      RTX_CM3.lib(rt_list.o)
    0x000061b4   0x00000008   Code   RO         1154    i.rt_id2obj         RTX_CM3.lib(rt_cmsis.o)
    0x000061bc   0x00000048   Code   RO         1728    i.rt_init_context   RTX_CM3.lib(rt_task.o)
    0x00006204   0x0000001a   Code   RO         2229    i.rt_init_mem       RTX_CM3.lib(rt_memory.o)
    0x0000621e   0x00000002   PAD
    0x00006220   0x00000018   Code   RO         2177    i.rt_init_robin     RTX_CM3.lib(rt_robin.o)
    0x00006238   0x00000080   Code   RO         2254    i.rt_init_stack     RTX_CM3.lib(hal_cm.o)
    0x000062b8   0x00000008   Code   RO         2055    i.rt_mbx_check      RTX_CM3.lib(rt_mailbox.o)
    0x000062c0   0x0000001a   Code   RO         2056    i.rt_mbx_init       RTX_CM3.lib(rt_mailbox.o)
    0x000062da   0x00000002   PAD
    0x000062dc   0x000000f0   Code   RO         2057    i.rt_mbx_psh        RTX_CM3.lib(rt_mailbox.o)
    0x000063cc   0x000000b4   Code   RO         2059    i.rt_mbx_wait       RTX_CM3.lib(rt_mailbox.o)
    0x00006480   0x00000044   Code   RO         1155    i.rt_ms2tick        RTX_CM3.lib(rt_cmsis.o)
    0x000064c4   0x000000d8   Code   RO         1812    i.rt_mut_release    RTX_CM3.lib(rt_mutex.o)
    0x0000659c   0x00000078   Code   RO         1813    i.rt_mut_wait       RTX_CM3.lib(rt_mutex.o)
    0x00006614   0x0000007c   Code   RO         1849    i.rt_pop_req        RTX_CM3.lib(rt_system.o)
    0x00006690   0x00000020   Code   RO         1850    i.rt_psh_req        RTX_CM3.lib(rt_system.o)
    0x000066b0   0x0000005c   Code   RO         1980    i.rt_psq_enq        RTX_CM3.lib(rt_list.o)
    0x0000670c   0x00000048   Code   RO         1981    i.rt_put_dly        RTX_CM3.lib(rt_list.o)
    0x00006754   0x00000036   Code   RO         1982    i.rt_put_prio       RTX_CM3.lib(rt_list.o)
    0x0000678a   0x00000002   PAD
    0x0000678c   0x00000014   Code   RO         1983    i.rt_put_rdy_first  RTX_CM3.lib(rt_list.o)
    0x000067a0   0x00000034   Code   RO         1984    i.rt_resort_prio    RTX_CM3.lib(rt_list.o)
    0x000067d4   0x00000006   Code   RO         2255    i.rt_ret_val        RTX_CM3.lib(hal_cm.o)
    0x000067da   0x00000008   Code   RO         2256    i.rt_ret_val2       RTX_CM3.lib(hal_cm.o)
    0x000067e2   0x00000028   Code   RO         1985    i.rt_rmv_dly        RTX_CM3.lib(rt_list.o)
    0x0000680a   0x00000002   PAD
    0x0000680c   0x00000030   Code   RO         1986    i.rt_rmv_list       RTX_CM3.lib(rt_list.o)
    0x0000683c   0x00000034   Code   RO         2104    i.rt_sem_psh        RTX_CM3.lib(rt_semaphore.o)
    0x00006870   0x00000024   Code   RO         1852    i.rt_stk_check      RTX_CM3.lib(rt_system.o)
    0x00006894   0x00000028   Code   RO         1729    i.rt_switch_req     RTX_CM3.lib(rt_task.o)
    0x000068bc   0x000000cc   Code   RO         1730    i.rt_sys_init       RTX_CM3.lib(rt_task.o)
    0x00006988   0x00000078   Code   RO         1731    i.rt_sys_start      RTX_CM3.lib(rt_task.o)
    0x00006a00   0x00000040   Code   RO         1854    i.rt_systick        RTX_CM3.lib(rt_system.o)
    0x00006a40   0x00000012   Code   RO         1156    i.rt_tid2ptcb       RTX_CM3.lib(rt_cmsis.o)
    0x00006a52   0x00000002   PAD
    0x00006a54   0x00000034   Code   RO         1157    i.rt_timer_insert   RTX_CM3.lib(rt_cmsis.o)
    0x00006a88   0x00000088   Code   RO         1732    i.rt_tsk_create     RTX_CM3.lib(rt_task.o)
    0x00006b10   0x0000017c   Code   RO         1733    i.rt_tsk_delete     RTX_CM3.lib(rt_task.o)
    0x00006c8c   0x0000007c   Code   RO         1735    i.rt_tsk_prio       RTX_CM3.lib(rt_task.o)
    0x00006d08   0x00000010   Code   RO         1736    i.rt_tsk_self       RTX_CM3.lib(rt_task.o)
    0x00006d18   0x0000002c   Code   RO          127    i.spi_tran          glcd_mcb1700.o
    0x00006d44   0x00000088   Code   RO          128    i.spi_tran_man      glcd_mcb1700.o
    0x00006dcc   0x00000022   Code   RO         2374    i.strtof            m_ws.l(strtof.o)
    0x00006dee   0x00000012   Code   RO         1159    i.svcDelay          RTX_CM3.lib(rt_cmsis.o)
    0x00006e00   0x00000070   Code   RO         1160    i.svcKernelInitialize  RTX_CM3.lib(rt_cmsis.o)
    0x00006e70   0x00000048   Code   RO         1162    i.svcKernelStart    RTX_CM3.lib(rt_cmsis.o)
    0x00006eb8   0x00000024   Code   RO         1165    i.svcMessageCreate  RTX_CM3.lib(rt_cmsis.o)
    0x00006edc   0x0000003a   Code   RO         1166    i.svcMessageGet     RTX_CM3.lib(rt_cmsis.o)
    0x00006f16   0x00000024   Code   RO         1178    i.svcSignalSet      RTX_CM3.lib(rt_cmsis.o)
    0x00006f3a   0x00000002   PAD
    0x00006f3c   0x00000054   Code   RO         1179    i.svcSignalWait     RTX_CM3.lib(rt_cmsis.o)
    0x00006f90   0x0000006c   Code   RO         1180    i.svcThreadCreate   RTX_CM3.lib(rt_cmsis.o)
    0x00006ffc   0x0000001c   Code   RO         1181    i.svcThreadGetId    RTX_CM3.lib(rt_cmsis.o)
    0x00007018   0x00000038   Code   RO         1184    i.svcThreadTerminate  RTX_CM3.lib(rt_cmsis.o)
    0x00007050   0x00000018   Code   RO         1186    i.svcTimerCall      RTX_CM3.lib(rt_cmsis.o)
    0x00007068   0x0000005c   Code   RO         1195    i.sysTimerTick      RTX_CM3.lib(rt_cmsis.o)
    0x000070c4   0x000000ac   Code   RO            5    i.tache1            main.o
    0x00007170   0x00000160   Code   RO            6    i.tache2            main.o
    0x000072d0   0x0000001c   Code   RO            7    i.usart_cb          main.o
    0x000072ec   0x0000004c   Code   RO          129    i.wr_cmd            glcd_mcb1700.o
    0x00007338   0x0000004c   Code   RO          130    i.wr_dat            glcd_mcb1700.o
    0x00007384   0x00000034   Code   RO          131    i.wr_dat_only       glcd_mcb1700.o
    0x000073b8   0x00000018   Code   RO          132    i.wr_dat_start      glcd_mcb1700.o
    0x000073d0   0x00000014   Code   RO          133    i.wr_dat_stop       glcd_mcb1700.o
    0x000073e4   0x00000090   Code   RO          134    i.wr_reg            glcd_mcb1700.o
    0x00007474   0x0000002c   Code   RO         2471    locale$$code        c_w.l(lc_numeric_c.o)
    0x000074a0   0x0000002c   Code   RO         2561    locale$$code        c_w.l(lc_ctype_c.o)
    0x000074cc   0x00000062   Code   RO         2393    x$fpl$d2f           fz_ws.l(d2f.o)
    0x0000752e   0x00000002   PAD
    0x00007530   0x00000150   Code   RO         2355    x$fpl$dadd          fz_ws.l(daddsub_clz.o)
    0x00007680   0x00000010   Code   RO         2674    x$fpl$dcheck1       fz_ws.l(dcheck1.o)
    0x00007690   0x00000018   Code   RO         2640    x$fpl$dcmpinf       fz_ws.l(dcmpi.o)
    0x000076a8   0x00000078   Code   RO         2616    x$fpl$deqf          fz_ws.l(deqf.o)
    0x00007720   0x0000005e   Code   RO         2361    x$fpl$dfix          fz_ws.l(dfix.o)
    0x0000777e   0x00000002   PAD
    0x00007780   0x00000078   Code   RO         2642    x$fpl$dleqf         fz_ws.l(dleqf.o)
    0x000077f8   0x00000154   Code   RO         2365    x$fpl$dmul          fz_ws.l(dmul.o)
    0x0000794c   0x0000009c   Code   RO         2395    x$fpl$dnaninf       fz_ws.l(dnaninf.o)
    0x000079e8   0x0000000c   Code   RO         2397    x$fpl$dretinf       fz_ws.l(dretinf.o)
    0x000079f4   0x0000006c   Code   RO         2618    x$fpl$drleqf        fz_ws.l(drleqf.o)
    0x00007a60   0x000001d4   Code   RO         2357    x$fpl$dsub          fz_ws.l(daddsub_clz.o)
    0x00007c34   0x00000056   Code   RO         2367    x$fpl$f2d           fz_ws.l(f2d.o)
    0x00007c8a   0x00000018   Code   RO         2399    x$fpl$fcmpinf       fz_ws.l(fcmpi.o)
    0x00007ca2   0x00000002   PAD
    0x00007ca4   0x00000068   Code   RO         2369    x$fpl$feqf          fz_ws.l(feqf.o)
    0x00007d0c   0x0000008c   Code   RO         2401    x$fpl$fnaninf       fz_ws.l(fnaninf.o)
    0x00007d98   0x0000000a   Code   RO         2473    x$fpl$fretinf       fz_ws.l(fretinf.o)
    0x00007da2   0x00000004   Code   RO         2371    x$fpl$printf1       fz_ws.l(printf1.o)
    0x00007da6   0x00000064   Code   RO         2695    x$fpl$retnan        fz_ws.l(retnan.o)
    0x00007e0a   0x0000005c   Code   RO         2644    x$fpl$scalbn        fz_ws.l(scalbn.o)
    0x00007e66   0x00000004   Code   RO         2477    x$fpl$scanf1        fz_ws.l(scanf1.o)
    0x00007e6a   0x00000008   Code   RO         2590    x$fpl$scanf2        fz_ws.l(scanf2.o)
    0x00007e72   0x00000030   Code   RO         2697    x$fpl$trapveneer    fz_ws.l(trapv.o)
    0x00007ea2   0x00000000   Code   RO         2403    x$fpl$usenofp       fz_ws.l(usenofp.o)
    0x00007ea2   0x00000002   PAD
    0x00007ea4   0x00000020   Data   RO            9    .constdata          main.o
    0x00007ec4   0x000018a0   Data   RO           92    .constdata          glcd_fonts.o
    0x00009764   0x00000068   Data   RO          337    .constdata          rtx_conf_cm.o
    0x000097cc   0x0000007c   Data   RO          419    .constdata          ssp_lpc17xx.o
    0x00009848   0x0000027c   Data   RO          634    .constdata          uart_lpc17xx.o
    0x00009ac4   0x00000094   Data   RO         2446    .constdata          c_w.l(bigflt0.o)
    0x00009b58   0x00000020   Data   RO         2699    Region$$Table       anon$$obj.o
    0x00009b78   0x00000008   Data   RO         2585    c$$dinf             fz_ws.l(fpconst.o)
    0x00009b80   0x0000001c   Data   RO         2470    locale$$data        c_w.l(lc_numeric_c.o)
    0x00009b9c   0x00000110   Data   RO         2560    locale$$data        c_w.l(lc_ctype_c.o)


    Execution Region ER_RW (Base: 0x10000000, Size: 0x0000007c, Max: 0xffffffff, ABSOLUTE)

    Base Addr    Size         Type   Attr      Idx    E Section Name        Object

    0x10000000   0x00000008   Data   RW           10    .data               main.o
    0x10000008   0x00000011   Data   RW          135    .data               glcd_mcb1700.o
    0x10000019   0x00000003   PAD
    0x1000001c   0x00000014   Data   RW          338    .data               rtx_conf_cm.o
    0x10000030   0x00000010   Data   RW          420    .data               ssp_lpc17xx.o
    0x10000040   0x00000008   Data   RW          635    .data               uart_lpc17xx.o
    0x10000048   0x00000008   Data   RW          891    .data               gpdma_lpc17xx.o
    0x10000050   0x00000004   Data   RW         1070    .data               system_lpc17xx.o
    0x10000054   0x00000008   Data   RW         1198    .data               RTX_CM3.lib(rt_cmsis.o)
    0x1000005c   0x00000008   Data   RW         1738    .data               RTX_CM3.lib(rt_task.o)
    0x10000064   0x00000008   Data   RW         1857    .data               RTX_CM3.lib(rt_system.o)
    0x1000006c   0x00000004   Data   RW         2147    .data               RTX_CM3.lib(rt_time.o)
    0x10000070   0x00000008   Data   RW         2178    .data               RTX_CM3.lib(rt_robin.o)
    0x10000078   0x00000001   Data   RW         2257    .data               RTX_CM3.lib(hal_cm.o)


    Execution Region ER_ZI (Base: 0x1000007c, Size: 0x00002064, Max: 0xffffffff, ABSOLUTE)

    Base Addr    Size         Type   Attr      Idx    E Section Name        Object

    0x1000007c   0x0000003c   Zero   RW            8    .bss                main.o
    0x100000b8   0x00001c30   Zero   RW          336    .bss                rtx_conf_cm.o
    0x10001ce8   0x00000028   Zero   RW          418    .bss                ssp_lpc17xx.o
    0x10001d10   0x00000068   Zero   RW          633    .bss                uart_lpc17xx.o
    0x10001d78   0x000000a0   Zero   RW          890    .bss                gpdma_lpc17xx.o
    0x10001e18   0x00000034   Zero   RW         1737    .bss                RTX_CM3.lib(rt_task.o)
    0x10001e4c   0x00000030   Zero   RW         1987    .bss                RTX_CM3.lib(rt_list.o)
    0x10001e7c   0x00000060   Zero   RW         2315    .bss                c_w.l(libspace.o)
    0x10001edc   0x00000004   PAD
    0x10001ee0   0x00000000   Zero   RW         1056    HEAP                startup_lpc17xx.o
    0x10001ee0   0x00000200   Zero   RW         1055    STACK               startup_lpc17xx.o


==============================================================================

Image component sizes


      Code (inc. data)   RO Data    RW Data    ZI Data      Debug   Object Name

         0          0       6304          0          0        736   glcd_fonts.o
      3132        124          0         17          0      37463   glcd_mcb1700.o
      1212         94          0          8        160       8082   gpdma_lpc17xx.o
       172         18          0          0          0       2294   gpio_lpc17xx.o
       932        108         32          8         60      20602   main.o
       252          6          0          0          0        804   pin_lpc17xx.o
       170         38        104         20       7216       9531   rtx_conf_cm.o
      3904        106        124         16         40      53055   ssp_lpc17xx.o
        64         26        204          0        512        956   startup_lpc17xx.o
       320         18          0          4          0        763   system_lpc17xx.o
      6152        242        636          8        104      41376   uart_lpc17xx.o

    ----------------------------------------------------------------------
     16320        780       7436         84       8092     175662   Object Totals
         0          0         32          0          0          0   (incl. Generated)
        10          0          0          3          0          0   (incl. Padding)

    ----------------------------------------------------------------------

      Code (inc. data)   RO Data    RW Data    ZI Data      Debug   Library Member Name

       238         24          0          1          0       3268   hal_cm.o
       304         36          0          0          0        760   hal_cm3.o
      1356        160          0          8          0      36406   rt_cmsis.o
       272         18          0          0          0       2618   rt_event.o
       530         34          0          0         48       8169   rt_list.o
       554         10          0          0          0       3901   rt_mailbox.o
       140          0          0          0          0       1901   rt_membox.o
       128          0          0          0          0       2275   rt_memory.o
       336         14          0          0          0       1631   rt_mutex.o
        96         22          0          8          0       1134   rt_robin.o
        52          4          0          0          0        565   rt_semaphore.o
       298         52          0          8          0       6151   rt_system.o
      1216        174          0          8         52       9565   rt_task.o
         6          0          0          4          0        644   rt_time.o
         4          4          0          0          0        200   svc_table.o
         8          0          0          0          0         68   __main.o
       104          0          0          0          0         84   __printf.o
        14          0          0          0          0         68   __printf_wp.o
         0          0          0          0          0          0   __rtentry.o
        20          0          0          0          0          0   __rtentry2.o
         6          0          0          0          0          0   __rtentry4.o
        52          8          0          0          0          0   __scatter.o
        26          0          0          0          0          0   __scatter_copy.o
        28          0          0          0          0          0   __scatter_zi.o
        28          0          0          0          0         68   _chval.o
        48          6          0          0          0         96   _printf_char_common.o
         6          0          0          0          0          0   _printf_f.o
      1050          0          0          0          0        216   _printf_fp_dec.o
       128         16          0          0          0         84   _printf_fp_infnan.o
         0          0          0          0          0          0   _printf_percent.o
         4          0          0          0          0          0   _printf_percent_end.o
        22          0          0          0          0        100   _rserrno.o
        64          0          0          0          0         84   _sgetc.o
        10          0          0          0          0         68   _sputc.o
       220          4        148          0          0         96   bigflt0.o
      2074        132          0          0          0        940   btod.o
        18          0          0          0          0         80   exit.o
         6          0          0          0          0        152   heapauxi.o
         0          0          0          0          0          0   indicate_semi.o
        18          0          0          0          0         76   isspace.o
        44         10        272          0          0         76   lc_ctype_c.o
        44         10         28          0          0         76   lc_numeric_c.o
         2          0          0          0          0          0   libinit.o
        30          0          0          0          0          0   libinit2.o
         2          0          0          0          0          0   libshutdown.o
         2          0          0          0          0          0   libshutdown2.o
         8          4          0          0         96         68   libspace.o
        38          0          0          0          0         68   llshl.o
       138          0          0          0          0         80   lludiv10.o
       238          0          0          0          0        100   lludivv7m.o
        40          6          0          0          0         84   noretval__2sprintf.o
        16          4          0          0          0         76   rt_ctype_table.o
         4          0          0          0          0         68   rt_errno_addr_twolibspace.o
        10          0          0          0          0         76   rt_locale_twolibspace.o
        78          0          0          0          0         80   rt_memclr_w.o
         2          0          0          0          0          0   rtexit.o
        10          0          0          0          0          0   rtexit2.o
      1188         12          0          0          0        148   scanf_fp.o
       792         14          0          0          0        100   scanf_hexfp.o
       308         16          0          0          0        100   scanf_infnan.o
       128          0          0          0          0         68   strcmpv7m.o
       160         12          0          0          0        120   strtod.o
        12          4          0          0          0         68   sys_exit.o
        74          0          0          0          0         80   sys_stackheap_outer.o
         2          0          0          0          0         68   use_no_semi.o
        98          4          0          0          0         92   d2f.o
       804         16          0          0          0        272   daddsub_clz.o
        16          4          0          0          0         68   dcheck1.o
        24          0          0          0          0         68   dcmpi.o
       120          4          0          0          0         92   deqf.o
        94          4          0          0          0         92   dfix.o
       120          4          0          0          0         92   dleqf.o
       340         12          0          0          0        104   dmul.o
       156          4          0          0          0         92   dnaninf.o
        12          0          0          0          0         68   dretinf.o
       108          0          0          0          0         80   drleqf.o
        86          4          0          0          0         84   f2d.o
        24          0          0          0          0         68   fcmpi.o
       104          4          0          0          0         84   feqf.o
       140          4          0          0          0         84   fnaninf.o
         0          0          8          0          0          0   fpconst.o
        10          0          0          0          0         68   fretinf.o
         4          0          0          0          0         68   printf1.o
       100          0          0          0          0         68   retnan.o
        92          0          0          0          0         68   scalbn.o
         4          0          0          0          0         68   scanf1.o
         8          0          0          0          0         84   scanf2.o
        48          0          0          0          0         68   trapv.o
         0          0          0          0          0          0   usenofp.o
        30          6          0          0          0        136   dunder.o
        40          0          0          0          0         68   fpclassify.o
        88          8          0          0          0         76   frexp.o
       138          0          0          0          0        160   ldexp.o
       152          4          0          0          0        168   narrow.o
        34          0          0          0          0         84   strtof.o

    ----------------------------------------------------------------------
     15896        894        456         40        200      85696   Library Totals
        48          2          0          3          4          0   (incl. Padding)

    ----------------------------------------------------------------------

      Code (inc. data)   RO Data    RW Data    ZI Data      Debug   Library Name

      5530        552          0         37        100      79188   RTX_CM3.lib
      7324        258        448          0         96       3884   c_w.l
      2512         64          8          0          0       1932   fz_ws.l
       482         18          0          0          0        692   m_ws.l

    ----------------------------------------------------------------------
     15896        894        456         40        200      85696   Library Totals

    ----------------------------------------------------------------------

==============================================================================


      Code (inc. data)   RO Data    RW Data    ZI Data      Debug   

     32216       1674       7892        124       8292     246794   Grand Totals
     32216       1674       7892        124       8292     246794   ELF Image Totals
     32216       1674       7892        124          0          0   ROM Totals

==============================================================================

    Total RO  Size (Code + RO Data)                40108 (  39.17kB)
    Total RW  Size (RW Data + ZI Data)              8416 (   8.22kB)
    Total ROM Size (Code + RO Data + RW Data)      40232 (  39.29kB)

==============================================================================

