Component: ARM Compiler 5.06 update 1 (build 61) Tool: armlink [4d35a8]

==============================================================================

Section Cross References

    main.o(i.Init_UART) refers to uart_lpc17xx.o(.constdata) for Driver_USART1
    main.o(i.Send_DFP) refers to uart_lpc17xx.o(.constdata) for Driver_USART1
    main.o(i.Tache1) refers to main.o(i.Send_DFP) for Send_DFP
    main.o(i.Tache1) refers to rt_cmsis.o(i.osDelay) for osDelay
    main.o(i.main) refers to rt_cmsis.o(i.osKernelInitialize) for osKernelInitialize
    main.o(i.main) refers to main.o(i.Init_UART) for Init_UART
    main.o(i.main) refers to rt_cmsis.o(i.osThreadCreate) for osThreadCreate
    main.o(i.main) refers to main.o(i.Send_DFP) for Send_DFP
    main.o(i.main) refers to rt_cmsis.o(i.osDelay) for osDelay
    main.o(i.main) refers to rt_cmsis.o(i.osKernelStart) for osKernelStart
    main.o(i.main) refers to main.o(.constdata) for os_thread_def_Tache1
    main.o(i.main) refers to main.o(.data) for ID_Tache1
    main.o(.constdata) refers to main.o(i.Tache1) for Tache1
    rtx_conf_cm.o(.emb_text) refers to rt_cmsis.o(i.osKernelInitialize) for osKernelInitialize
    rtx_conf_cm.o(.emb_text) refers to rt_cmsis.o(i.osThreadCreate) for osThreadCreate
    rtx_conf_cm.o(.emb_text) refers to rt_cmsis.o(i.osKernelStart) for osKernelStart
    rtx_conf_cm.o(.emb_text) refers to exit.o(.text) for exit
    rtx_conf_cm.o(.emb_text) refers to rtx_conf_cm.o(.constdata) for os_thread_def_main
    rtx_conf_cm.o(i.__user_perthread_libspace) refers to rt_task.o(i.rt_tsk_self) for rt_tsk_self
    rtx_conf_cm.o(i.__user_perthread_libspace) refers to rt_cmsis.o(.data) for os_running
    rtx_conf_cm.o(i.__user_perthread_libspace) refers to rtx_conf_cm.o(.bss) for .bss
    rtx_conf_cm.o(i.__user_perthread_libspace) refers to libspace.o(.bss) for __libspace_start
    rtx_conf_cm.o(i._mutex_acquire) refers to rt_cmsis.o(.data) for os_running
    rtx_conf_cm.o(i._mutex_acquire) refers to rt_mutex.o(i.rt_mut_wait) for rt_mut_wait
    rtx_conf_cm.o(i._mutex_initialize) refers to rt_mutex.o(i.rt_mut_init) for rt_mut_init
    rtx_conf_cm.o(i._mutex_initialize) refers to rtx_conf_cm.o(.data) for .data
    rtx_conf_cm.o(i._mutex_initialize) refers to rtx_conf_cm.o(.bss) for .bss
    rtx_conf_cm.o(i._mutex_release) refers to rt_cmsis.o(.data) for os_running
    rtx_conf_cm.o(i._mutex_release) refers to rt_mutex.o(i.rt_mut_release) for rt_mut_release
    rtx_conf_cm.o(.constdata) refers to rt_cmsis.o(i.osTimerThread) for osTimerThread
    rtx_conf_cm.o(.constdata) refers to rtx_conf_cm.o(.bss) for os_messageQ_q_osTimerMessageQ
    rtx_conf_cm.o(.constdata) refers to main.o(i.main) for main
    uart_lpc17xx.o(i.GetUsartClockFreq) refers to system_lpc17xx.o(.data) for SystemCoreClock
    uart_lpc17xx.o(i.UART1_IRQHandler) refers to uart_lpc17xx.o(i.USART_IRQHandler) for USART_IRQHandler
    uart_lpc17xx.o(i.UART1_IRQHandler) refers to uart_lpc17xx.o(.constdata) for USART1_Resources
    uart_lpc17xx.o(i.USART1_Control) refers to uart_lpc17xx.o(i.USART_Control) for USART_Control
    uart_lpc17xx.o(i.USART1_Control) refers to uart_lpc17xx.o(.constdata) for USART1_Resources
    uart_lpc17xx.o(i.USART1_GPDMA_Rx_Event) refers to uart_lpc17xx.o(i.USART_GPDMA_Rx_Event) for USART_GPDMA_Rx_Event
    uart_lpc17xx.o(i.USART1_GPDMA_Rx_Event) refers to uart_lpc17xx.o(.constdata) for USART1_Resources
    uart_lpc17xx.o(i.USART1_GPDMA_Tx_Event) refers to uart_lpc17xx.o(i.USART_GPDMA_Tx_Event) for USART_GPDMA_Tx_Event
    uart_lpc17xx.o(i.USART1_GPDMA_Tx_Event) refers to uart_lpc17xx.o(.constdata) for USART1_Resources
    uart_lpc17xx.o(i.USART1_GetCapabilities) refers to uart_lpc17xx.o(i.USART_GetCapabilities) for USART_GetCapabilities
    uart_lpc17xx.o(i.USART1_GetCapabilities) refers to uart_lpc17xx.o(.constdata) for USART1_Resources
    uart_lpc17xx.o(i.USART1_GetModemStatus) refers to uart_lpc17xx.o(i.USART_GetModemStatus) for USART_GetModemStatus
    uart_lpc17xx.o(i.USART1_GetModemStatus) refers to uart_lpc17xx.o(.constdata) for USART1_Resources
    uart_lpc17xx.o(i.USART1_GetRxCount) refers to uart_lpc17xx.o(i.USART_GetRxCount) for USART_GetRxCount
    uart_lpc17xx.o(i.USART1_GetRxCount) refers to uart_lpc17xx.o(.constdata) for USART1_Resources
    uart_lpc17xx.o(i.USART1_GetStatus) refers to uart_lpc17xx.o(i.USART_GetStatus) for USART_GetStatus
    uart_lpc17xx.o(i.USART1_GetStatus) refers to uart_lpc17xx.o(.constdata) for USART1_Resources
    uart_lpc17xx.o(i.USART1_GetTxCount) refers to uart_lpc17xx.o(i.USART_GetTxCount) for USART_GetTxCount
    uart_lpc17xx.o(i.USART1_GetTxCount) refers to uart_lpc17xx.o(.constdata) for USART1_Resources
    uart_lpc17xx.o(i.USART1_Initialize) refers to uart_lpc17xx.o(i.USART_Initialize) for USART_Initialize
    uart_lpc17xx.o(i.USART1_Initialize) refers to uart_lpc17xx.o(.constdata) for USART1_Resources
[...]
    ../clib/angel/sys.s                      0x00000000   Number         0  libspace.o ABSOLUTE
    ../clib/angel/sys.s                      0x00000000   Number         0  sys_stackheap_outer.o ABSOLUTE
    ../clib/angel/sys.s                      0x00000000   Number         0  use_no_semi.o ABSOLUTE
    ../clib/angel/sys.s                      0x00000000   Number         0  indicate_semi.o ABSOLUTE
    ../clib/angel/sysapp.c                   0x00000000   Number         0  sys_wrch.o ABSOLUTE
    ../clib/angel/sysapp.c                   0x00000000   Number         0  sys_exit.o ABSOLUTE
    ../clib/angel/sysapp.c                   0x00000000   Number         0  sys_command.o ABSOLUTE
    ../clib/armsys.c                         0x00000000   Number         0  argv_veneer.o ABSOLUTE
    ../clib/armsys.c                         0x00000000   Number         0  argv_veneer.o ABSOLUTE
    ../clib/armsys.c                         0x00000000   Number         0  _get_argv_nomalloc.o ABSOLUTE
    ../clib/armsys.c                         0x00000000   Number         0  no_argv.o ABSOLUTE
    ../clib/heapalloc.c                      0x00000000   Number         0  hrguard.o ABSOLUTE
    ../clib/heapaux.c                        0x00000000   Number         0  heapauxi.o ABSOLUTE
    ../clib/libinit.s                        0x00000000   Number         0  libinit.o ABSOLUTE
    ../clib/libinit.s                        0x00000000   Number         0  libshutdown.o ABSOLUTE
    ../clib/libinit.s                        0x00000000   Number         0  libinit2.o ABSOLUTE
    ../clib/libinit.s                        0x00000000   Number         0  libshutdown2.o ABSOLUTE
    ../clib/longlong.s                       0x00000000   Number         0  lludivv7m.o ABSOLUTE
    ../clib/signal.c                         0x00000000   Number         0  defsig_fpe_inner.o ABSOLUTE
    ../clib/signal.c                         0x00000000   Number         0  __raise.o ABSOLUTE
    ../clib/signal.c                         0x00000000   Number         0  defsig_fpe_outer.o ABSOLUTE
    ../clib/signal.c                         0x00000000   Number         0  defsig_fpe_formal.o ABSOLUTE
    ../clib/signal.c                         0x00000000   Number         0  defsig_rtmem_formal.o ABSOLUTE
    ../clib/signal.c                         0x00000000   Number         0  defsig_other.o ABSOLUTE
    ../clib/signal.c                         0x00000000   Number         0  defsig_segv_inner.o ABSOLUTE
    ../clib/signal.c                         0x00000000   Number         0  defsig_cppl_inner.o ABSOLUTE
    ../clib/signal.c                         0x00000000   Number         0  defsig_pvfn_inner.o ABSOLUTE
    ../clib/signal.c                         0x00000000   Number         0  defsig_stak_inner.o ABSOLUTE
    ../clib/signal.c                         0x00000000   Number         0  defsig_general.o ABSOLUTE
    ../clib/signal.c                         0x00000000   Number         0  defsig_abrt_inner.o ABSOLUTE
    ../clib/signal.c                         0x00000000   Number         0  defsig_rtred_inner.o ABSOLUTE
    ../clib/signal.c                         0x00000000   Number         0  defsig_rtmem_inner.o ABSOLUTE
    ../clib/signal.c                         0x00000000   Number         0  defsig_exit.o ABSOLUTE
    ../clib/signal.c                         0x00000000   Number         0  defsig_rtmem_outer.o ABSOLUTE
    ../clib/signal.s                         0x00000000   Number         0  defsig.o ABSOLUTE
    ../clib/stdlib.c                         0x00000000   Number         0  exit.o ABSOLUTE
    ../fplib/fpinit.s                        0x00000000   Number         0  fpinit.o ABSOLUTE
    ..\HAL_CM.c                              0x00000000   Number         0  hal_cm.o ABSOLUTE
    ..\\rt_CMSIS.c                           0x00000000   Number         0  rt_cmsis.o ABSOLUTE
    ..\\rt_System.c                          0x00000000   Number         0  rt_system.o ABSOLUTE
    ..\rt_CMSIS.c                            0x00000000   Number         0  rt_cmsis.o ABSOLUTE
    ..\rt_Event.c                            0x00000000   Number         0  rt_event.o ABSOLUTE
    ..\rt_List.c                             0x00000000   Number         0  rt_list.o ABSOLUTE
    ..\rt_Mailbox.c                          0x00000000   Number         0  rt_mailbox.o ABSOLUTE
    ..\rt_MemBox.c                           0x00000000   Number         0  rt_membox.o ABSOLUTE
    ..\rt_Memory.c                           0x00000000   Number         0  rt_memory.o ABSOLUTE
    ..\rt_Mutex.c                            0x00000000   Number         0  rt_mutex.o ABSOLUTE
    ..\rt_Robin.c                            0x00000000   Number         0  rt_robin.o ABSOLUTE
    ..\rt_Semaphore.c                        0x00000000   Number         0  rt_semaphore.o ABSOLUTE
    ..\rt_System.c                           0x00000000   Number         0  rt_system.o ABSOLUTE
    ..\rt_Task.c                             0x00000000   Number         0  rt_task.o ABSOLUTE
    ..\rt_Time.c                             0x00000000   Number         0  rt_time.o ABSOLUTE
    C:\Keil_v5\ARM\PACK\Keil\LPC1700_DFP\2.4.0\RTE_Driver\GPDMA_LPC17xx.c 0x00000000   Number         0  gpdma_lpc17xx.o ABSOLUTE
    C:\Keil_v5\ARM\PACK\Keil\LPC1700_DFP\2.4.0\RTE_Driver\PIN_LPC17xx.c 0x00000000   Number         0  pin_lpc17xx.o ABSOLUTE
    C:\Keil_v5\ARM\PACK\Keil\LPC1700_DFP\2.4.0\RTE_Driver\UART_LPC17xx.c 0x00000000   Number         0  uart_lpc17xx.o ABSOLUTE
    C:\\Keil_v5\\ARM\\PACK\\Keil\\LPC1700_DFP\\2.4.0\\RTE_Driver\\GPDMA_LPC17xx.c 0x00000000   Number         0  gpdma_lpc17xx.o ABSOLUTE
    C:\\Keil_v5\\ARM\\PACK\\Keil\\LPC1700_DFP\\2.4.0\\RTE_Driver\\PIN_LPC17xx.c 0x00000000   Number         0  pin_lpc17xx.o ABSOLUTE
    C:\\Keil_v5\\ARM\\PACK\\Keil\\LPC1700_DFP\\2.4.0\\RTE_Driver\\UART_LPC17xx.c 0x00000000   Number         0  uart_lpc17xx.o ABSOLUTE
    HAL_CM3.c                                0x00000000   Number         0  hal_cm3.o ABSOLUTE
    HAL_CM3.c                                0x00000000   Number         0  hal_cm3.o ABSOLUTE
    RTE\CMSIS\RTX_Conf_CM.c                  0x00000000   Number         0  rtx_conf_cm.o ABSOLUTE
    RTE\Device\LPC1768\startup_LPC17xx.s     0x00000000   Number         0  startup_lpc17xx.o ABSOLUTE
    RTE\Device\LPC1768\system_LPC17xx.c      0x00000000   Number         0  system_lpc17xx.o ABSOLUTE
    RTE\\CMSIS\\RTX_Conf_CM.c                0x00000000   Number         0  rtx_conf_cm.o ABSOLUTE
    RTE\\Device\\LPC1768\\system_LPC17xx.c   0x00000000   Number         0  system_lpc17xx.o ABSOLUTE
    SVC_Table.s                              0x00000000   Number         0  svc_table.o ABSOLUTE
    dc.s                                     0x00000000   Number         0  dc.o ABSOLUTE
    main.c                                   0x00000000   Number         0  main.o ABSOLUTE
    !!!main                                  0x000000cc   Section        8  __main.o(!!!main)
    !!!scatter                               0x000000d4   Section       52  __scatter.o(!!!scatter)
    !!handler_copy                           0x00000108   Section       26  __scatter_copy.o(!!handler_copy)
    !!handler_zi                             0x00000124   Section       28  __scatter_zi.o(!!handler_zi)
    .ARM.Collect$$libinit$$00000000          0x00000140   Section        2  libinit.o(.ARM.Collect$$libinit$$00000000)
    .ARM.Collect$$libinit$$00000002          0x00000142   Section        0  libinit2.o(.ARM.Collect$$libinit$$00000002)
    .ARM.Collect$$libinit$$00000004          0x00000142   Section        0  libinit2.o(.ARM.Collect$$libinit$$00000004)
    .ARM.Collect$$libinit$$0000000A          0x00000142   Section        0  libinit2.o(.ARM.Collect$$libinit$$0000000A)
    .ARM.Collect$$libinit$$0000000C          0x00000142   Section        0  libinit2.o(.ARM.Collect$$libinit$$0000000C)
    .ARM.Collect$$libinit$$0000000E          0x00000142   Section        0  libinit2.o(.ARM.Collect$$libinit$$0000000E)
    .ARM.Collect$$libinit$$00000011          0x00000142   Section        0  libinit2.o(.ARM.Collect$$libinit$$00000011)
    .ARM.Collect$$libinit$$00000013          0x00000142   Section        0  libinit2.o(.ARM.Collect$$libinit$$00000013)
    .ARM.Collect$$libinit$$00000015          0x00000142   Section        0  libinit2.o(.ARM.Collect$$libinit$$00000015)
    .ARM.Collect$$libinit$$00000017          0x00000142   Section        0  libinit2.o(.ARM.Collect$$libinit$$00000017)
    .ARM.Collect$$libinit$$00000019          0x00000142   Section        0  libinit2.o(.ARM.Collect$$libinit$$00000019)
    .ARM.Collect$$libinit$$0000001B          0x00000142   Section        0  libinit2.o(.ARM.Collect$$libinit$$0000001B)
    .ARM.Collect$$libinit$$0000001D          0x00000142   Section        0  libinit2.o(.ARM.Collect$$libinit$$0000001D)
    .ARM.Collect$$libinit$$0000001F          0x00000142   Section        0  libinit2.o(.ARM.Collect$$libinit$$0000001F)
    .ARM.Collect$$libinit$$00000021          0x00000142   Section        0  libinit2.o(.ARM.Collect$$libinit$$00000021)
    .ARM.Collect$$libinit$$00000023          0x00000142   Section        0  libinit2.o(.ARM.Collect$$libinit$$00000023)
    .ARM.Collect$$libinit$$00000025          0x00000142   Section        0  libinit2.o(.ARM.Collect$$libinit$$00000025)
    .ARM.Collect$$libinit$$0000002C          0x00000142   Section        0  libinit2.o(.ARM.Collect$$libinit$$0000002C)
    .ARM.Collect$$libinit$$0000002E          0x00000142   Section        0  libinit2.o(.ARM.Collect$$libinit$$0000002E)
    .ARM.Collect$$libinit$$00000030          0x00000142   Section        0  libinit2.o(.ARM.Collect$$libinit$$00000030)
    .ARM.Collect$$libinit$$00000032          0x00000142   Section        0  libinit2.o(.ARM.Collect$$libinit$$00000032)
    .ARM.Collect$$libinit$$00000033          0x00000142   Section        2  libinit2.o(.ARM.Collect$$libinit$$00000033)
    .ARM.Collect$$libshutdown$$00000000      0x00000144   Section        2  libshutdown.o(.ARM.Collect$$libshutdown$$00000000)
    .ARM.Collect$$libshutdown$$00000002      0x00000146   Section        0  libshutdown2.o(.ARM.Collect$$libshutdown$$00000002)
    .ARM.Collect$$libshutdown$$00000004      0x00000146   Section        0  libshutdown2.o(.ARM.Collect$$libshutdown$$00000004)
    .ARM.Collect$$libshutdown$$00000007      0x00000146   Section        0  libshutdown2.o(.ARM.Collect$$libshutdown$$00000007)
    .ARM.Collect$$libshutdown$$0000000A      0x00000146   Section        0  libshutdown2.o(.ARM.Collect$$libshutdown$$0000000A)
    .ARM.Collect$$libshutdown$$0000000C      0x00000146   Section        0  libshutdown2.o(.ARM.Collect$$libshutdown$$0000000C)
    .ARM.Collect$$libshutdown$$0000000F      0x00000146   Section        0  libshutdown2.o(.ARM.Collect$$libshutdown$$0000000F)
    .ARM.Collect$$libshutdown$$00000010      0x00000146   Section        2  libshutdown2.o(.ARM.Collect$$libshutdown$$00000010)
    .ARM.Collect$$rtentry$$00000000          0x00000148   Section        0  __rtentry.o(.ARM.Collect$$rtentry$$00000000)
    .ARM.Collect$$rtentry$$00000002          0x00000148   Section        0  __rtentry2.o(.ARM.Collect$$rtentry$$00000002)
    .ARM.Collect$$rtentry$$00000004          0x00000148   Section        6  __rtentry4.o(.ARM.Collect$$rtentry$$00000004)
    .ARM.Collect$$rtentry$$00000009          0x0000014e   Section        0  __rtentry2.o(.ARM.Collect$$rtentry$$00000009)
    .ARM.Collect$$rtentry$$0000000A          0x0000014e   Section        4  __rtentry2.o(.ARM.Collect$$rtentry$$0000000A)
    .ARM.Collect$$rtentry$$0000000B          0x00000152   Section        8  __rtentry2.o(.ARM.Collect$$rtentry$$0000000B)
    .ARM.Collect$$rtentry$$0000000D          0x0000015a   Section        8  __rtentry2.o(.ARM.Collect$$rtentry$$0000000D)
    .ARM.Collect$$rtexit$$00000000           0x00000162   Section        2  rtexit.o(.ARM.Collect$$rtexit$$00000000)
    .ARM.Collect$$rtexit$$00000002           0x00000164   Section        0  rtexit2.o(.ARM.Collect$$rtexit$$00000002)
    .ARM.Collect$$rtexit$$00000003           0x00000164   Section        4  rtexit2.o(.ARM.Collect$$rtexit$$00000003)
    .ARM.Collect$$rtexit$$00000004           0x00000168   Section        6  rtexit2.o(.ARM.Collect$$rtexit$$00000004)
    .emb_text                                0x00000170   Section       28  rtx_conf_cm.o(.emb_text)
    .emb_text                                0x0000018c   Section      304  hal_cm3.o(.emb_text)
    .text                                    0x000002bc   Section       60  startup_lpc17xx.o(.text)
    .text                                    0x000002f8   Section        2  use_no_semi.o(.text)
    .text                                    0x000002fa   Section        0  indicate_semi.o(.text)
    i.os_tick_irqack                         0x000002fa   Section        0  rt_system.o(i.os_tick_irqack)
    .ARM.__at_0x02FC                         0x000002fc   Section        4  startup_lpc17xx.o(.ARM.__at_0x02FC)
    .text                                    0x00000300   Section        8  libspace.o(.text)
    .text                                    0x00000308   Section      238  lludivv7m.o(.text)
    .text                                    0x000003f6   Section        0  exit.o(.text)
    .text                                    0x00000408   Section        0  heapauxi.o(.text)
    .text                                    0x00000410   Section        0  sys_exit.o(.text)
    .text                                    0x0000041c   Section       74  sys_stackheap_outer.o(.text)
    SVC_TABLE                                0x00000468   Section        4  svc_table.o(SVC_TABLE)
    i.Clear_Channel_active_flag              0x0000046c   Section        0  gpdma_lpc17xx.o(i.Clear_Channel_active_flag)
    Clear_Channel_active_flag                0x0000046d   Thumb Code    28  gpdma_lpc17xx.o(i.Clear_Channel_active_flag)
    i.DMA_IRQHandler                         0x0000048c   Section        0  gpdma_lpc17xx.o(i.DMA_IRQHandler)
    i.GPDMA_ChannelConfigure                 0x0000060c   Section        0  gpdma_lpc17xx.o(i.GPDMA_ChannelConfigure)
    i.GPDMA_ChannelDisable                   0x00000700   Section        0  gpdma_lpc17xx.o(i.GPDMA_ChannelDisable)
    i.GPDMA_ChannelGetCount                  0x00000730   Section        0  gpdma_lpc17xx.o(i.GPDMA_ChannelGetCount)
    i.GPDMA_Initialize                       0x00000760   Section        0  gpdma_lpc17xx.o(i.GPDMA_Initialize)
    i.GPDMA_PeripheralSelect                 0x00000810   Section        0  gpdma_lpc17xx.o(i.GPDMA_PeripheralSelect)
    i.GPDMA_Uninitialize                     0x00000854   Section        0  gpdma_lpc17xx.o(i.GPDMA_Uninitialize)
    i.GetUsartClockFreq                      0x000008d4   Section        0  uart_lpc17xx.o(i.GetUsartClockFreq)
    GetUsartClockFreq                        0x000008d5   Thumb Code    62  uart_lpc17xx.o(i.GetUsartClockFreq)
    i.Init_UART                              0x00000918   Section        0  main.o(i.Init_UART)
    i.PIN_Configure                          0x00000950   Section        0  pin_lpc17xx.o(i.PIN_Configure)
    i.Send_DFP                               0x00000a4c   Section        0  main.o(i.Send_DFP)
    i.Set_Channel_active_flag                0x00000ab4   Section        0  gpdma_lpc17xx.o(i.Set_Channel_active_flag)
    Set_Channel_active_flag                  0x00000ab5   Thumb Code    50  gpdma_lpc17xx.o(i.Set_Channel_active_flag)
    i.SystemInit                             0x00000aec   Section        0  system_lpc17xx.o(i.SystemInit)
    i.Tache1                                 0x00000c2c   Section        0  main.o(i.Tache1)
    i.UART1_IRQHandler                       0x00000c60   Section        0  uart_lpc17xx.o(i.UART1_IRQHandler)
    i.USART1_Control                         0x00000c70   Section        0  uart_lpc17xx.o(i.USART1_Control)
    USART1_Control                           0x00000c71   Thumb Code    18  uart_lpc17xx.o(i.USART1_Control)
    i.USART1_GPDMA_Rx_Event                  0x00000c88   Section        0  uart_lpc17xx.o(i.USART1_GPDMA_Rx_Event)
    i.USART1_GPDMA_Tx_Event                  0x00000c9c   Section        0  uart_lpc17xx.o(i.USART1_GPDMA_Tx_Event)
    i.USART1_GetCapabilities                 0x00000cb0   Section        0  uart_lpc17xx.o(i.USART1_GetCapabilities)
    USART1_GetCapabilities                   0x00000cb1   Thumb Code    12  uart_lpc17xx.o(i.USART1_GetCapabilities)
    i.USART1_GetModemStatus                  0x00000cc0   Section        0  uart_lpc17xx.o(i.USART1_GetModemStatus)
    USART1_GetModemStatus                    0x00000cc1   Thumb Code    12  uart_lpc17xx.o(i.USART1_GetModemStatus)
    i.USART1_GetRxCount                      0x00000cd0   Section        0  uart_lpc17xx.o(i.USART1_GetRxCount)
    USART1_GetRxCount                        0x00000cd1   Thumb Code    10  uart_lpc17xx.o(i.USART1_GetRxCount)
    i.USART1_GetStatus                       0x00000ce0   Section        0  uart_lpc17xx.o(i.USART1_GetStatus)
    USART1_GetStatus                         0x00000ce1   Thumb Code    12  uart_lpc17xx.o(i.USART1_GetStatus)
    i.USART1_GetTxCount                      0x00000cf0   Section        0  uart_lpc17xx.o(i.USART1_GetTxCount)
    USART1_GetTxCount                        0x00000cf1   Thumb Code    10  uart_lpc17xx.o(i.USART1_GetTxCount)
    i.USART1_Initialize                      0x00000d00   Section        0  uart_lpc17xx.o(i.USART1_Initialize)
    USART1_Initialize                        0x00000d01   Thumb Code    14  uart_lpc17xx.o(i.USART1_Initialize)
    i.USART1_PowerControl                    0x00000d14   Section        0  uart_lpc17xx.o(i.USART1_PowerControl)
    USART1_PowerControl                      0x00000d15   Thumb Code    14  uart_lpc17xx.o(i.USART1_PowerControl)
    i.USART1_Receive                         0x00000d28   Section        0  uart_lpc17xx.o(i.USART1_Receive)
    USART1_Receive                           0x00000d29   Thumb Code    18  uart_lpc17xx.o(i.USART1_Receive)
    i.USART1_Send                            0x00000d40   Section        0  uart_lpc17xx.o(i.USART1_Send)
    USART1_Send                              0x00000d41   Thumb Code    18  uart_lpc17xx.o(i.USART1_Send)
    i.USART1_SetModemControl                 0x00000d58   Section        0  uart_lpc17xx.o(i.USART1_SetModemControl)
    USART1_SetModemControl                   0x00000d59   Thumb Code    14  uart_lpc17xx.o(i.USART1_SetModemControl)
    i.USART1_Transfer                        0x00000d6c   Section        0  uart_lpc17xx.o(i.USART1_Transfer)
    USART1_Transfer                          0x00000d6d   Thumb Code    22  uart_lpc17xx.o(i.USART1_Transfer)
    i.USART1_Uninitialize                    0x00000d88   Section        0  uart_lpc17xx.o(i.USART1_Uninitialize)
    USART1_Uninitialize                      0x00000d89   Thumb Code    10  uart_lpc17xx.o(i.USART1_Uninitialize)
    i.USART_Control                          0x00000d98   Section        0  uart_lpc17xx.o(i.USART_Control)
    USART_Control                            0x00000d99   Thumb Code  1642  uart_lpc17xx.o(i.USART_Control)
    i.USART_GPDMA_Rx_Event                   0x00001408   Section        0  uart_lpc17xx.o(i.USART_GPDMA_Rx_Event)
    USART_GPDMA_Rx_Event                     0x00001409   Thumb Code   134  uart_lpc17xx.o(i.USART_GPDMA_Rx_Event)
    i.USART_GPDMA_Tx_Event                   0x0000148e   Section        0  uart_lpc17xx.o(i.USART_GPDMA_Tx_Event)
    USART_GPDMA_Tx_Event                     0x0000148f   Thumb Code    74  uart_lpc17xx.o(i.USART_GPDMA_Tx_Event)
    i.USART_GetCapabilities                  0x000014d8   Section        0  uart_lpc17xx.o(i.USART_GetCapabilities)
    USART_GetCapabilities                    0x000014d9   Thumb Code     6  uart_lpc17xx.o(i.USART_GetCapabilities)
    i.USART_GetModemStatus                   0x000014de   Section        0  uart_lpc17xx.o(i.USART_GetModemStatus)
    USART_GetModemStatus                     0x000014df   Thumb Code   236  uart_lpc17xx.o(i.USART_GetModemStatus)
    i.USART_GetRxCount                       0x000015ca   Section        0  uart_lpc17xx.o(i.USART_GetRxCount)
    USART_GetRxCount                         0x000015cb   Thumb Code    28  uart_lpc17xx.o(i.USART_GetRxCount)
    i.USART_GetStatus                        0x000015e6   Section        0  uart_lpc17xx.o(i.USART_GetStatus)
    USART_GetStatus                          0x000015e7   Thumb Code   188  uart_lpc17xx.o(i.USART_GetStatus)
    i.USART_GetTxCount                       0x000016a2   Section        0  uart_lpc17xx.o(i.USART_GetTxCount)
    USART_GetTxCount                         0x000016a3   Thumb Code    28  uart_lpc17xx.o(i.USART_GetTxCount)
    i.USART_IRQHandler                       0x000016be   Section        0  uart_lpc17xx.o(i.USART_IRQHandler)
    USART_IRQHandler                         0x000016bf   Thumb Code   620  uart_lpc17xx.o(i.USART_IRQHandler)
    i.USART_Initialize                       0x0000192a   Section        0  uart_lpc17xx.o(i.USART_Initialize)
    USART_Initialize                         0x0000192b   Thumb Code   254  uart_lpc17xx.o(i.USART_Initialize)
    i.USART_PowerControl                     0x00001a28   Section        0  uart_lpc17xx.o(i.USART_PowerControl)
    USART_PowerControl                       0x00001a29   Thumb Code   592  uart_lpc17xx.o(i.USART_PowerControl)
    i.USART_Receive                          0x00001c7c   Section        0  uart_lpc17xx.o(i.USART_Receive)
    USART_Receive                            0x00001c7d   Thumb Code   272  uart_lpc17xx.o(i.USART_Receive)
    i.USART_RxLineIntHandler                 0x00001d8c   Section        0  uart_lpc17xx.o(i.USART_RxLineIntHandler)
    USART_RxLineIntHandler                   0x00001d8d   Thumb Code   104  uart_lpc17xx.o(i.USART_RxLineIntHandler)
    i.USART_Send                             0x00001df4   Section        0  uart_lpc17xx.o(i.USART_Send)
    USART_Send                               0x00001df5   Thumb Code   412  uart_lpc17xx.o(i.USART_Send)
    i.USART_SetBaudrate                      0x00001f90   Section        0  uart_lpc17xx.o(i.USART_SetBaudrate)
    i.USART_SetModemControl                  0x000020c4   Section        0  uart_lpc17xx.o(i.USART_SetModemControl)
    USART_SetModemControl                    0x000020c5   Thumb Code   160  uart_lpc17xx.o(i.USART_SetModemControl)
    i.USART_Transfer                         0x00002164   Section        0  uart_lpc17xx.o(i.USART_Transfer)
    USART_Transfer                           0x00002165   Thumb Code   122  uart_lpc17xx.o(i.USART_Transfer)
    i.USART_Uninitialize                     0x000021de   Section        0  uart_lpc17xx.o(i.USART_Uninitialize)
    USART_Uninitialize                       0x000021df   Thumb Code   226  uart_lpc17xx.o(i.USART_Uninitialize)
    i.USARTx_GetVersion                      0x000022c0   Section        0  uart_lpc17xx.o(i.USARTx_GetVersion)
    USARTx_GetVersion                        0x000022c1   Thumb Code    10  uart_lpc17xx.o(i.USARTx_GetVersion)
    i.__NVIC_ClearPendingIRQ                 0x000022d0   Section        0  uart_lpc17xx.o(i.__NVIC_ClearPendingIRQ)
    __NVIC_ClearPendingIRQ                   0x000022d1   Thumb Code    22  uart_lpc17xx.o(i.__NVIC_ClearPendingIRQ)
    i.__NVIC_ClearPendingIRQ                 0x000022ec   Section        0  gpdma_lpc17xx.o(i.__NVIC_ClearPendingIRQ)
    __NVIC_ClearPendingIRQ                   0x000022ed   Thumb Code    22  gpdma_lpc17xx.o(i.__NVIC_ClearPendingIRQ)
    i._init_box                              0x00002308   Section        0  rt_membox.o(i._init_box)
    i._mutex_acquire                         0x00002350   Section        0  rtx_conf_cm.o(i._mutex_acquire)
    __tagsym$$used                           0x00002351   Number         0  rtx_conf_cm.o(i._mutex_acquire)
    i._mutex_release                         0x00002370   Section        0  rtx_conf_cm.o(i._mutex_release)
    __tagsym$$used                           0x00002371   Number         0  rtx_conf_cm.o(i._mutex_release)
    i.dbg_init                               0x0000238c   Section        0  hal_cm.o(i.dbg_init)
    i.dbg_task_notify                        0x000023bc   Section        0  hal_cm.o(i.dbg_task_notify)
    i.dbg_task_switch                        0x000023dc   Section        0  hal_cm.o(i.dbg_task_switch)
    i.isrMessageGet                          0x000023ec   Section        0  rt_cmsis.o(i.isrMessageGet)
    i.isrMessagePut                          0x00002416   Section        0  rt_cmsis.o(i.isrMessagePut)
    i.isr_mbx_receive                        0x00002444   Section        0  rt_mailbox.o(i.isr_mbx_receive)
    i.isr_mbx_send                           0x0000249a   Section        0  rt_mailbox.o(i.isr_mbx_send)
    i.main                                   0x000024a8   Section        0  main.o(i.main)
    i.osDelay                                0x000024f8   Section        0  rt_cmsis.o(i.osDelay)
    i.osKernelInitialize                     0x00002510   Section        0  rt_cmsis.o(i.osKernelInitialize)
    i.osKernelStart                          0x00002534   Section        0  rt_cmsis.o(i.osKernelStart)
    i.osMessageGet                           0x000025a0   Section        0  rt_cmsis.o(i.osMessageGet)
    i.osThreadCreate                         0x000025b8   Section        0  rt_cmsis.o(i.osThreadCreate)
    i.osThreadExit                           0x000025e4   Section        0  rt_cmsis.o(i.osThreadExit)
    i.osTimerCall                            0x000025fc   Section        0  rt_cmsis.o(i.osTimerCall)
    i.osTimerThread                          0x00002608   Section        0  rt_cmsis.o(i.osTimerThread)
    i.os_error                               0x00002634   Section        0  rtx_conf_cm.o(i.os_error)
    i.os_idle_demon                          0x00002656   Section        0  rtx_conf_cm.o(i.os_idle_demon)
    i.os_tick_init                           0x0000265c   Section        0  rt_system.o(i.os_tick_init)
    i.rt_alloc_box                           0x00002684   Section        0  rt_membox.o(i.rt_alloc_box)
    i.rt_alloc_mem                           0x0000269e   Section        0  rt_memory.o(i.rt_alloc_mem)
    i.rt_block                               0x000026dc   Section        0  rt_task.o(i.rt_block)
    i.rt_chk_robin                           0x00002714   Section        0  rt_robin.o(i.rt_chk_robin)
    i.rt_dec_dly                             0x0000275c   Section        0  rt_list.o(i.rt_dec_dly)
    i.rt_dispatch                            0x000027cc   Section        0  rt_task.o(i.rt_dispatch)
    i.rt_dly_wait                            0x00002810   Section        0  rt_time.o(i.rt_dly_wait)
    i.rt_evt_psh                             0x00002818   Section        0  rt_event.o(i.rt_evt_psh)
    i.rt_free_box                            0x00002868   Section        0  rt_membox.o(i.rt_free_box)
    i.rt_free_mem                            0x00002894   Section        0  rt_memory.o(i.rt_free_mem)
    i.rt_get_first                           0x000028bc   Section        0  rt_list.o(i.rt_get_first)
    i.rt_id2obj                              0x000028e4   Section        0  rt_cmsis.o(i.rt_id2obj)
    rt_id2obj                                0x000028e5   Thumb Code     8  rt_cmsis.o(i.rt_id2obj)
    i.rt_init_context                        0x000028ec   Section        0  rt_task.o(i.rt_init_context)
    rt_init_context                          0x000028ed   Thumb Code    66  rt_task.o(i.rt_init_context)
    i.rt_init_mem                            0x00002934   Section        0  rt_memory.o(i.rt_init_mem)
    i.rt_init_robin                          0x00002950   Section        0  rt_robin.o(i.rt_init_robin)
    i.rt_init_stack                          0x00002968   Section        0  hal_cm.o(i.rt_init_stack)
    i.rt_mbx_check                           0x000029e8   Section        0  rt_mailbox.o(i.rt_mbx_check)
    i.rt_mbx_init                            0x000029f0   Section        0  rt_mailbox.o(i.rt_mbx_init)
    i.rt_mbx_psh                             0x00002a0c   Section        0  rt_mailbox.o(i.rt_mbx_psh)
    i.rt_mbx_wait                            0x00002afc   Section        0  rt_mailbox.o(i.rt_mbx_wait)
    i.rt_ms2tick                             0x00002bb0   Section        0  rt_cmsis.o(i.rt_ms2tick)
    rt_ms2tick                               0x00002bb1   Thumb Code    58  rt_cmsis.o(i.rt_ms2tick)
    i.rt_mut_release                         0x00002bf4   Section        0  rt_mutex.o(i.rt_mut_release)
    i.rt_mut_wait                            0x00002ccc   Section        0  rt_mutex.o(i.rt_mut_wait)
    i.rt_pop_req                             0x00002d44   Section        0  rt_system.o(i.rt_pop_req)
    i.rt_psh_req                             0x00002dc0   Section        0  rt_system.o(i.rt_psh_req)
    i.rt_psq_enq                             0x00002de0   Section        0  rt_list.o(i.rt_psq_enq)
    i.rt_put_dly                             0x00002e3c   Section        0  rt_list.o(i.rt_put_dly)
    i.rt_put_prio                            0x00002e84   Section        0  rt_list.o(i.rt_put_prio)
    i.rt_put_rdy_first                       0x00002ebc   Section        0  rt_list.o(i.rt_put_rdy_first)
    i.rt_resort_prio                         0x00002ed0   Section        0  rt_list.o(i.rt_resort_prio)
    i.rt_ret_val                             0x00002f04   Section        0  hal_cm.o(i.rt_ret_val)
    i.rt_ret_val2                            0x00002f0a   Section        0  hal_cm.o(i.rt_ret_val2)
    i.rt_rmv_dly                             0x00002f12   Section        0  rt_list.o(i.rt_rmv_dly)
    i.rt_rmv_list                            0x00002f3c   Section        0  rt_list.o(i.rt_rmv_list)
    i.rt_sem_psh                             0x00002f6c   Section        0  rt_semaphore.o(i.rt_sem_psh)
    i.rt_stk_check                           0x00002fa0   Section        0  rt_system.o(i.rt_stk_check)
    i.rt_switch_req                          0x00002fc4   Section        0  rt_task.o(i.rt_switch_req)
    i.rt_sys_init                            0x00002fec   Section        0  rt_task.o(i.rt_sys_init)
    i.rt_sys_start                           0x000030b8   Section        0  rt_task.o(i.rt_sys_start)
    i.rt_systick                             0x00003130   Section        0  rt_system.o(i.rt_systick)
    i.rt_tid2ptcb                            0x00003170   Section        0  rt_cmsis.o(i.rt_tid2ptcb)
    rt_tid2ptcb                              0x00003171   Thumb Code    18  rt_cmsis.o(i.rt_tid2ptcb)
    i.rt_timer_insert                        0x00003184   Section        0  rt_cmsis.o(i.rt_timer_insert)
    rt_timer_insert                          0x00003185   Thumb Code    48  rt_cmsis.o(i.rt_timer_insert)
    i.rt_tsk_create                          0x000031b8   Section        0  rt_task.o(i.rt_tsk_create)
    i.rt_tsk_delete                          0x00003240   Section        0  rt_task.o(i.rt_tsk_delete)
    i.rt_tsk_prio                            0x000033bc   Section        0  rt_task.o(i.rt_tsk_prio)
    i.rt_tsk_self                            0x00003438   Section        0  rt_task.o(i.rt_tsk_self)
    i.svcDelay                               0x00003448   Section        0  rt_cmsis.o(i.svcDelay)
    i.svcKernelInitialize                    0x0000345c   Section        0  rt_cmsis.o(i.svcKernelInitialize)
    i.svcKernelStart                         0x000034cc   Section        0  rt_cmsis.o(i.svcKernelStart)
    i.svcMessageCreate                       0x00003514   Section        0  rt_cmsis.o(i.svcMessageCreate)
    i.svcMessageGet                          0x00003538   Section        0  rt_cmsis.o(i.svcMessageGet)
    i.svcThreadCreate                        0x00003574   Section        0  rt_cmsis.o(i.svcThreadCreate)
    i.svcThreadGetId                         0x000035e0   Section        0  rt_cmsis.o(i.svcThreadGetId)
    i.svcThreadTerminate                     0x000035fc   Section        0  rt_cmsis.o(i.svcThreadTerminate)
    i.svcTimerCall                           0x00003634   Section        0  rt_cmsis.o(i.svcTimerCall)
    i.sysTimerTick                           0x0000364c   Section        0  rt_cmsis.o(i.sysTimerTick)
    .constdata                               0x000036a8   Section       16  main.o(.constdata)
    .constdata                               0x000036b8   Section      104  rtx_conf_cm.o(.constdata)
    __tagsym$$used                           0x000036d4   Number         0  rtx_conf_cm.o(.constdata)
    __tagsym$$used                           0x000036d8   Number         0  rtx_conf_cm.o(.constdata)
    __tagsym$$used                           0x000036dc   Number         0  rtx_conf_cm.o(.constdata)
    __tagsym$$used                           0x000036e0   Number         0  rtx_conf_cm.o(.constdata)
    .constdata                               0x00003720   Section      464  uart_lpc17xx.o(.constdata)
    usart_driver_version                     0x00003720   Data           4  uart_lpc17xx.o(.constdata)
    fract_div_lookup_table                   0x00003724   Data         288  uart_lpc17xx.o(.constdata)
    USART1_DMA_Tx                            0x00003844   Data           8  uart_lpc17xx.o(.constdata)
    USART1_DMA_Rx                            0x0000384c   Data           8  uart_lpc17xx.o(.constdata)
    USART1_Resources                         0x00003854   Data         100  uart_lpc17xx.o(.constdata)
    .data                                    0x10000000   Section        4  main.o(.data)
    .data                                    0x10000004   Section       20  rtx_conf_cm.o(.data)
    nr_mutex                                 0x10000014   Data           4  rtx_conf_cm.o(.data)
    .data                                    0x10000018   Section        4  uart_lpc17xx.o(.data)
    USART1_pin_tx                            0x10000018   Data           2  uart_lpc17xx.o(.data)
    USART1_pin_rx                            0x1000001a   Data           2  uart_lpc17xx.o(.data)
    .data                                    0x1000001c   Section        8  gpdma_lpc17xx.o(.data)
    Channel_active                           0x1000001c   Data           4  gpdma_lpc17xx.o(.data)
    Init_cnt                                 0x10000020   Data           4  gpdma_lpc17xx.o(.data)
    .data                                    0x10000024   Section        4  system_lpc17xx.o(.data)
    .data                                    0x10000028   Section        8  rt_cmsis.o(.data)
    .data                                    0x10000030   Section        8  rt_task.o(.data)
    .data                                    0x10000038   Section        8  rt_system.o(.data)
    os_lock                                  0x10000038   Data           1  rt_system.o(.data)
    os_psh_flag                              0x10000039   Data           1  rt_system.o(.data)
    pend_flags                               0x1000003a   Data           1  rt_system.o(.data)
    .data                                    0x10000040   Section        4  rt_time.o(.data)
    .data                                    0x10000044   Section        8  rt_robin.o(.data)
    .data                                    0x1000004c   Section        1  hal_cm.o(.data)
    .bss                                     0x10000050   Section     6616  rtx_conf_cm.o(.bss)
    std_libspace                             0x10001708   Data         672  rtx_conf_cm.o(.bss)
    std_libmutex                             0x100019a8   Data         128  rtx_conf_cm.o(.bss)
    .bss                                     0x10001a28   Section       52  uart_lpc17xx.o(.bss)
    USART1_Info                              0x10001a28   Data          52  uart_lpc17xx.o(.bss)
    .bss                                     0x10001a5c   Section      160  gpdma_lpc17xx.o(.bss)
    Channel_info                             0x10001a5c   Data         160  gpdma_lpc17xx.o(.bss)
    .bss                                     0x10001afc   Section       52  rt_task.o(.bss)
    .bss                                     0x10001b30   Section       48  rt_list.o(.bss)
    .bss                                     0x10001b60   Section       96  libspace.o(.bss)
    HEAP                                     0x10001bc0   Section        0  startup_lpc17xx.o(HEAP)
    STACK                                    0x10001bc0   Section      512  startup_lpc17xx.o(STACK)
    Heap_Mem                                 0x10001bc0   Data           0  startup_lpc17xx.o(HEAP)
    Stack_Mem                                0x10001bc0   Data         512  startup_lpc17xx.o(STACK)
    __initial_sp                             0x10001dc0   Data           0  startup_lpc17xx.o(STACK)

    Global Symbols

    Symbol Name                              Value     Ov Type        Size  Object(Section)

    BuildAttributes$$THM_ISAv4$P$D$K$B$S$PE$A:L22UL41UL21$X:L11$S22US41US21$IEEE1$IW$USESV6$~STKCKD$USESV7$~SHL$OSPACE$ROPI$EBA8$UX$STANDARDLIB$REQ8$PRES8$EABIv2 0x00000000   Number         0  anon$$obj.o ABSOLUTE
    __ARM_use_no_argv                        0x00000000   Number         0  main.o ABSOLUTE
    __Vectors                                0x00000000   Data           4  startup_lpc17xx.o(RESET)
    __ARM_exceptions_init                     - Undefined Weak Reference
    __alloca_initialize                       - Undefined Weak Reference
    __arm_preinit_                            - Undefined Weak Reference
    __cpp_initialize__aeabi_                  - Undefined Weak Reference
    __cxa_finalize                            - Undefined Weak Reference
    __rt_locale                               - Undefined Weak Reference
    __sigvec_lookup                           - Undefined Weak Reference
    _atexit_init                              - Undefined Weak Reference
    _call_atexit_fns                          - Undefined Weak Reference
    _clock_init                               - Undefined Weak Reference
    _fp_trap_init                             - Undefined Weak Reference
    _fp_trap_shutdown                         - Undefined Weak Reference
    _get_lc_collate                           - Undefined Weak Reference
    _get_lc_ctype                             - Undefined Weak Reference
    _get_lc_monetary                          - Undefined Weak Reference
    _get_lc_numeric                           - Undefined Weak Reference
    _get_lc_time                              - Undefined Weak Reference
    _getenv_init                              - Undefined Weak Reference
    _handle_redirection                       - Undefined Weak Reference
    _init_alloc                               - Undefined Weak Reference
    _init_user_alloc                          - Undefined Weak Reference
    _initio                                   - Undefined Weak Reference
    _rand_init                                - Undefined Weak Reference
    _signal_finish                            - Undefined Weak Reference
    _signal_init                              - Undefined Weak Reference
    _terminate_alloc                          - Undefined Weak Reference
    _terminate_user_alloc                     - Undefined Weak Reference
    _terminateio                              - Undefined Weak Reference
    __main                                   0x000000cd   Thumb Code     8  __main.o(!!!main)
    __scatterload                            0x000000d5   Thumb Code     0  __scatter.o(!!!scatter)
    __scatterload_rt2                        0x000000d5   Thumb Code    44  __scatter.o(!!!scatter)
    __scatterload_rt2_thumb_only             0x000000d5   Thumb Code     0  __scatter.o(!!!scatter)
    __scatterload_null                       0x000000e3   Thumb Code     0  __scatter.o(!!!scatter)
    __scatterload_copy                       0x00000109   Thumb Code    26  __scatter_copy.o(!!handler_copy)
    __scatterload_zeroinit                   0x00000125   Thumb Code    28  __scatter_zi.o(!!handler_zi)
    __rt_lib_init                            0x00000141   Thumb Code     0  libinit.o(.ARM.Collect$$libinit$$00000000)
    __rt_lib_init_alloca_1                   0x00000143   Thumb Code     0  libinit2.o(.ARM.Collect$$libinit$$0000002E)
    __rt_lib_init_argv_1                     0x00000143   Thumb Code     0  libinit2.o(.ARM.Collect$$libinit$$0000002C)
    __rt_lib_init_atexit_1                   0x00000143   Thumb Code     0  libinit2.o(.ARM.Collect$$libinit$$0000001B)
    __rt_lib_init_clock_1                    0x00000143   Thumb Code     0  libinit2.o(.ARM.Collect$$libinit$$00000021)
    __rt_lib_init_cpp_1                      0x00000143   Thumb Code     0  libinit2.o(.ARM.Collect$$libinit$$00000032)
    __rt_lib_init_exceptions_1               0x00000143   Thumb Code     0  libinit2.o(.ARM.Collect$$libinit$$00000030)
    __rt_lib_init_fp_1                       0x00000143   Thumb Code     0  libinit2.o(.ARM.Collect$$libinit$$00000002)
    __rt_lib_init_fp_trap_1                  0x00000143   Thumb Code     0  libinit2.o(.ARM.Collect$$libinit$$0000001F)
    __rt_lib_init_getenv_1                   0x00000143   Thumb Code     0  libinit2.o(.ARM.Collect$$libinit$$00000023)
    __rt_lib_init_heap_1                     0x00000143   Thumb Code     0  libinit2.o(.ARM.Collect$$libinit$$0000000A)
    __rt_lib_init_lc_collate_1               0x00000143   Thumb Code     0  libinit2.o(.ARM.Collect$$libinit$$00000011)
    __rt_lib_init_lc_ctype_1                 0x00000143   Thumb Code     0  libinit2.o(.ARM.Collect$$libinit$$00000013)
    __rt_lib_init_lc_monetary_1              0x00000143   Thumb Code     0  libinit2.o(.ARM.Collect$$libinit$$00000015)
    __rt_lib_init_lc_numeric_1               0x00000143   Thumb Code     0  libinit2.o(.ARM.Collect$$libinit$$00000017)
    __rt_lib_init_lc_time_1                  0x00000143   Thumb Code     0  libinit2.o(.ARM.Collect$$libinit$$00000019)
    __rt_lib_init_preinit_1                  0x00000143   Thumb Code     0  libinit2.o(.ARM.Collect$$libinit$$00000004)
    __rt_lib_init_rand_1                     0x00000143   Thumb Code     0  libinit2.o(.ARM.Collect$$libinit$$0000000E)
    __rt_lib_init_return                     0x00000143   Thumb Code     0  libinit2.o(.ARM.Collect$$libinit$$00000033)
    __rt_lib_init_signal_1                   0x00000143   Thumb Code     0  libinit2.o(.ARM.Collect$$libinit$$0000001D)
    __rt_lib_init_stdio_1                    0x00000143   Thumb Code     0  libinit2.o(.ARM.Collect$$libinit$$00000025)
    __rt_lib_init_user_alloc_1               0x00000143   Thumb Code     0  libinit2.o(.ARM.Collect$$libinit$$0000000C)
    __rt_lib_shutdown                        0x00000145   Thumb Code     0  libshutdown.o(.ARM.Collect$$libshutdown$$00000000)
    __rt_lib_shutdown_cpp_1                  0x00000147   Thumb Code     0  libshutdown2.o(.ARM.Collect$$libshutdown$$00000002)
    __rt_lib_shutdown_fp_trap_1              0x00000147   Thumb Code     0  libshutdown2.o(.ARM.Collect$$libshutdown$$00000007)
    __rt_lib_shutdown_heap_1                 0x00000147   Thumb Code     0  libshutdown2.o(.ARM.Collect$$libshutdown$$0000000F)
    __rt_lib_shutdown_return                 0x00000147   Thumb Code     0  libshutdown2.o(.ARM.Collect$$libshutdown$$00000010)
    __rt_lib_shutdown_signal_1               0x00000147   Thumb Code     0  libshutdown2.o(.ARM.Collect$$libshutdown$$0000000A)
    __rt_lib_shutdown_stdio_1                0x00000147   Thumb Code     0  libshutdown2.o(.ARM.Collect$$libshutdown$$00000004)
    __rt_lib_shutdown_user_alloc_1           0x00000147   Thumb Code     0  libshutdown2.o(.ARM.Collect$$libshutdown$$0000000C)
    __rt_entry                               0x00000149   Thumb Code     0  __rtentry.o(.ARM.Collect$$rtentry$$00000000)
    __rt_entry_presh_1                       0x00000149   Thumb Code     0  __rtentry2.o(.ARM.Collect$$rtentry$$00000002)
    __rt_entry_sh                            0x00000149   Thumb Code     0  __rtentry4.o(.ARM.Collect$$rtentry$$00000004)
    __rt_entry_li                            0x0000014f   Thumb Code     0  __rtentry2.o(.ARM.Collect$$rtentry$$0000000A)
    __rt_entry_postsh_1                      0x0000014f   Thumb Code     0  __rtentry2.o(.ARM.Collect$$rtentry$$00000009)
    __rt_entry_postli_1                      0x00000153   Thumb Code     0  __rtentry2.o(.ARM.Collect$$rtentry$$0000000B)
    __rt_entry_main                          0x0000015b   Thumb Code     0  __rtentry2.o(.ARM.Collect$$rtentry$$0000000D)
    __rt_exit                                0x00000163   Thumb Code     0  rtexit.o(.ARM.Collect$$rtexit$$00000000)
    __rt_exit_ls                             0x00000165   Thumb Code     0  rtexit2.o(.ARM.Collect$$rtexit$$00000003)
    __rt_exit_prels_1                        0x00000165   Thumb Code     0  rtexit2.o(.ARM.Collect$$rtexit$$00000002)
    __rt_exit_exit                           0x00000169   Thumb Code     0  rtexit2.o(.ARM.Collect$$rtexit$$00000004)
    _platform_post_lib_init                  0x00000171   Thumb Code    24  rtx_conf_cm.o(.emb_text)
    rt_set_PSP                               0x0000018d   Thumb Code     6  hal_cm3.o(.emb_text)
    rt_get_PSP                               0x00000193   Thumb Code     6  hal_cm3.o(.emb_text)
    os_set_env                               0x00000199   Thumb Code    24  hal_cm3.o(.emb_text)
    _alloc_box                               0x000001b5   Thumb Code    28  hal_cm3.o(.emb_text)
    _free_box                                0x000001d5   Thumb Code    28  hal_cm3.o(.emb_text)
    SVC_Handler                              0x000001f5   Thumb Code   108  hal_cm3.o(.emb_text)
    PendSV_Handler                           0x0000026d   Thumb Code    56  hal_cm3.o(.emb_text)
    SysTick_Handler                          0x000002a9   Thumb Code     8  hal_cm3.o(.emb_text)
    OS_Tick_Handler                          0x000002b1   Thumb Code    12  hal_cm3.o(.emb_text)
    Reset_Handler                            0x000002bd   Thumb Code     8  startup_lpc17xx.o(.text)
    NMI_Handler                              0x000002c5   Thumb Code     2  startup_lpc17xx.o(.text)
    HardFault_Handler                        0x000002c7   Thumb Code     2  startup_lpc17xx.o(.text)
    MemManage_Handler                        0x000002c9   Thumb Code     2  startup_lpc17xx.o(.text)
    BusFault_Handler                         0x000002cb   Thumb Code     2  startup_lpc17xx.o(.text)
    UsageFault_Handler                       0x000002cd   Thumb Code     2  startup_lpc17xx.o(.text)
    DebugMon_Handler                         0x000002d1   Thumb Code     2  startup_lpc17xx.o(.text)
    ADC_IRQHandler                           0x000002d7   Thumb Code     0  startup_lpc17xx.o(.text)
    BOD_IRQHandler                           0x000002d7   Thumb Code     0  startup_lpc17xx.o(.text)
    CANActivity_IRQHandler                   0x000002d7   Thumb Code     0  startup_lpc17xx.o(.text)
    CAN_IRQHandler                           0x000002d7   Thumb Code     0  startup_lpc17xx.o(.text)
    EINT0_IRQHandler                         0x000002d7   Thumb Code     0  startup_lpc17xx.o(.text)
    EINT1_IRQHandler                         0x000002d7   Thumb Code     0  startup_lpc17xx.o(.text)
    EINT2_IRQHandler                         0x000002d7   Thumb Code     0  startup_lpc17xx.o(.text)
    EINT3_IRQHandler                         0x000002d7   Thumb Code     0  startup_lpc17xx.o(.text)
    ENET_IRQHandler                          0x000002d7   Thumb Code     0  startup_lpc17xx.o(.text)
    I2C0_IRQHandler                          0x000002d7   Thumb Code     0  startup_lpc17xx.o(.text)
    I2C1_IRQHandler                          0x000002d7   Thumb Code     0  startup_lpc17xx.o(.text)
    I2C2_IRQHandler                          0x000002d7   Thumb Code     0  startup_lpc17xx.o(.text)
    I2S_IRQHandler                           0x000002d7   Thumb Code     0  startup_lpc17xx.o(.text)
    MCPWM_IRQHandler                         0x000002d7   Thumb Code     0  startup_lpc17xx.o(.text)
    PLL0_IRQHandler                          0x000002d7   Thumb Code     0  startup_lpc17xx.o(.text)
    PLL1_IRQHandler                          0x000002d7   Thumb Code     0  startup_lpc17xx.o(.text)
    PWM1_IRQHandler                          0x000002d7   Thumb Code     0  startup_lpc17xx.o(.text)
    QEI_IRQHandler                           0x000002d7   Thumb Code     0  startup_lpc17xx.o(.text)
    RIT_IRQHandler                           0x000002d7   Thumb Code     0  startup_lpc17xx.o(.text)
    RTC_IRQHandler                           0x000002d7   Thumb Code     0  startup_lpc17xx.o(.text)
    SPI_IRQHandler                           0x000002d7   Thumb Code     0  startup_lpc17xx.o(.text)
    SSP0_IRQHandler                          0x000002d7   Thumb Code     0  startup_lpc17xx.o(.text)
    SSP1_IRQHandler                          0x000002d7   Thumb Code     0  startup_lpc17xx.o(.text)
    TIMER0_IRQHandler                        0x000002d7   Thumb Code     0  startup_lpc17xx.o(.text)
    TIMER1_IRQHandler                        0x000002d7   Thumb Code     0  startup_lpc17xx.o(.text)
    TIMER2_IRQHandler                        0x000002d7   Thumb Code     0  startup_lpc17xx.o(.text)
    TIMER3_IRQHandler                        0x000002d7   Thumb Code     0  startup_lpc17xx.o(.text)
    UART0_IRQHandler                         0x000002d7   Thumb Code     0  startup_lpc17xx.o(.text)
    UART2_IRQHandler                         0x000002d7   Thumb Code     0  startup_lpc17xx.o(.text)
    UART3_IRQHandler                         0x000002d7   Thumb Code     0  startup_lpc17xx.o(.text)
    USBActivity_IRQHandler                   0x000002d7   Thumb Code     0  startup_lpc17xx.o(.text)
    USB_IRQHandler                           0x000002d7   Thumb Code     0  startup_lpc17xx.o(.text)
    WDT_IRQHandler                           0x000002d7   Thumb Code     0  startup_lpc17xx.o(.text)
    __user_initial_stackheap                 0x000002d9   Thumb Code     0  startup_lpc17xx.o(.text)
    __I$use$semihosting                      0x000002f9   Thumb Code     0  use_no_semi.o(.text)
    __use_no_semihosting_swi                 0x000002f9   Thumb Code     2  use_no_semi.o(.text)
    __semihosting_library_function           0x000002fb   Thumb Code     0  indicate_semi.o(.text)
    os_tick_irqack                           0x000002fb   Thumb Code     2  rt_system.o(i.os_tick_irqack)
    __user_libspace                          0x00000301   Thumb Code     8  libspace.o(.text)
    __user_perproc_libspace                  0x00000301   Thumb Code     0  libspace.o(.text)
    __aeabi_uldivmod                         0x00000309   Thumb Code     0  lludivv7m.o(.text)
    _ll_udiv                                 0x00000309   Thumb Code   238  lludivv7m.o(.text)
    exit                                     0x000003f7   Thumb Code    18  exit.o(.text)
    __use_two_region_memory                  0x00000409   Thumb Code     2  heapauxi.o(.text)
    __rt_heap_escrow$2region                 0x0000040b   Thumb Code     2  heapauxi.o(.text)
    __rt_heap_expand$2region                 0x0000040d   Thumb Code     2  heapauxi.o(.text)
    _sys_exit                                0x00000411   Thumb Code     8  sys_exit.o(.text)
    __user_setup_stackheap                   0x0000041d   Thumb Code    74  sys_stackheap_outer.o(.text)
    SVC_Count                                0x00000468   Data           4  svc_table.o(SVC_TABLE)
    SVC_Table                                0x0000046c   Data           0  svc_table.o(SVC_TABLE)
    __RL_RTX_VER                             0x00000482   Number         0  rt_system.o ABSOLUTE
    DMA_IRQHandler                           0x0000048d   Thumb Code   372  gpdma_lpc17xx.o(i.DMA_IRQHandler)
    GPDMA_ChannelConfigure                   0x0000060d   Thumb Code   232  gpdma_lpc17xx.o(i.GPDMA_ChannelConfigure)
    GPDMA_ChannelDisable                     0x00000701   Thumb Code    44  gpdma_lpc17xx.o(i.GPDMA_ChannelDisable)
    GPDMA_ChannelGetCount                    0x00000731   Thumb Code    38  gpdma_lpc17xx.o(i.GPDMA_ChannelGetCount)
    GPDMA_Initialize                         0x00000761   Thumb Code   154  gpdma_lpc17xx.o(i.GPDMA_Initialize)
    GPDMA_PeripheralSelect                   0x00000811   Thumb Code    62  gpdma_lpc17xx.o(i.GPDMA_PeripheralSelect)
    GPDMA_Uninitialize                       0x00000855   Thumb Code   116  gpdma_lpc17xx.o(i.GPDMA_Uninitialize)
    Init_UART                                0x00000919   Thumb Code    52  main.o(i.Init_UART)
    PIN_Configure                            0x00000951   Thumb Code   246  pin_lpc17xx.o(i.PIN_Configure)
    Send_DFP                                 0x00000a4d   Thumb Code    88  main.o(i.Send_DFP)
    SystemInit                               0x00000aed   Thumb Code   302  system_lpc17xx.o(i.SystemInit)
    Tache1                                   0x00000c2d   Thumb Code    50  main.o(i.Tache1)
    UART1_IRQHandler                         0x00000c61   Thumb Code    10  uart_lpc17xx.o(i.UART1_IRQHandler)
    USART1_GPDMA_Rx_Event                    0x00000c89   Thumb Code    14  uart_lpc17xx.o(i.USART1_GPDMA_Rx_Event)
    USART1_GPDMA_Tx_Event                    0x00000c9d   Thumb Code    14  uart_lpc17xx.o(i.USART1_GPDMA_Tx_Event)
    USART_SetBaudrate                        0x00001f91   Thumb Code   302  uart_lpc17xx.o(i.USART_SetBaudrate)
    _init_box                                0x00002309   Thumb Code    70  rt_membox.o(i._init_box)
    _mutex_acquire                           0x00002351   Thumb Code    22  rtx_conf_cm.o(i._mutex_acquire)
    _mutex_release                           0x00002371   Thumb Code    18  rtx_conf_cm.o(i._mutex_release)
    dbg_init                                 0x0000238d   Thumb Code    34  hal_cm.o(i.dbg_init)
    dbg_task_notify                          0x000023bd   Thumb Code    32  hal_cm.o(i.dbg_task_notify)
    dbg_task_switch                          0x000023dd   Thumb Code    16  hal_cm.o(i.dbg_task_switch)
    isrMessageGet                            0x000023ed   Thumb Code    42  rt_cmsis.o(i.isrMessageGet)
    isrMessagePut                            0x00002417   Thumb Code    44  rt_cmsis.o(i.isrMessagePut)
    isr_mbx_receive                          0x00002445   Thumb Code    86  rt_mailbox.o(i.isr_mbx_receive)
    isr_mbx_send                             0x0000249b   Thumb Code    14  rt_mailbox.o(i.isr_mbx_send)
    main                                     0x000024a9   Thumb Code    70  main.o(i.main)
    osDelay                                  0x000024f9   Thumb Code    18  rt_cmsis.o(i.osDelay)
    osKernelInitialize                       0x00002511   Thumb Code    30  rt_cmsis.o(i.osKernelInitialize)
    osKernelStart                            0x00002535   Thumb Code    98  rt_cmsis.o(i.osKernelStart)
    osMessageGet                             0x000025a1   Thumb Code    18  rt_cmsis.o(i.osMessageGet)
    osThreadCreate                           0x000025b9   Thumb Code    36  rt_cmsis.o(i.osThreadCreate)
    osThreadExit                             0x000025e5   Thumb Code    14  rt_cmsis.o(i.osThreadExit)
    osTimerCall                              0x000025fd   Thumb Code     8  rt_cmsis.o(i.osTimerCall)
    osTimerThread                            0x00002609   Thumb Code    38  rt_cmsis.o(i.osTimerThread)
    os_error                                 0x00002635   Thumb Code    34  rtx_conf_cm.o(i.os_error)
    os_idle_demon                            0x00002657   Thumb Code     4  rtx_conf_cm.o(i.os_idle_demon)
    os_tick_init                             0x0000265d   Thumb Code    32  rt_system.o(i.os_tick_init)
    rt_alloc_box                             0x00002685   Thumb Code    26  rt_membox.o(i.rt_alloc_box)
    rt_alloc_mem                             0x0000269f   Thumb Code    62  rt_memory.o(i.rt_alloc_mem)
    rt_block                                 0x000026dd   Thumb Code    48  rt_task.o(i.rt_block)
    rt_chk_robin                             0x00002715   Thumb Code    60  rt_robin.o(i.rt_chk_robin)
    rt_dec_dly                               0x0000275d   Thumb Code   102  rt_list.o(i.rt_dec_dly)
    rt_dispatch                              0x000027cd   Thumb Code    60  rt_task.o(i.rt_dispatch)
    rt_dly_wait                              0x00002811   Thumb Code     6  rt_time.o(i.rt_dly_wait)
    rt_evt_psh                               0x00002819   Thumb Code    76  rt_event.o(i.rt_evt_psh)
    rt_free_box                              0x00002869   Thumb Code    44  rt_membox.o(i.rt_free_box)
    rt_free_mem                              0x00002895   Thumb Code    40  rt_memory.o(i.rt_free_mem)
    rt_get_first                             0x000028bd   Thumb Code    40  rt_list.o(i.rt_get_first)
    rt_init_mem                              0x00002935   Thumb Code    26  rt_memory.o(i.rt_init_mem)
    rt_init_robin                            0x00002951   Thumb Code    14  rt_robin.o(i.rt_init_robin)
    rt_init_stack                            0x00002969   Thumb Code   118  hal_cm.o(i.rt_init_stack)
    rt_mbx_check                             0x000029e9   Thumb Code     8  rt_mailbox.o(i.rt_mbx_check)
    rt_mbx_init                              0x000029f1   Thumb Code    26  rt_mailbox.o(i.rt_mbx_init)
    rt_mbx_psh                               0x00002a0d   Thumb Code   236  rt_mailbox.o(i.rt_mbx_psh)
    rt_mbx_wait                              0x00002afd   Thumb Code   174  rt_mailbox.o(i.rt_mbx_wait)
    rt_mut_release                           0x00002bf5   Thumb Code   208  rt_mutex.o(i.rt_mut_release)
    rt_mut_wait                              0x00002ccd   Thumb Code   114  rt_mutex.o(i.rt_mut_wait)
    rt_pop_req                               0x00002d45   Thumb Code   112  rt_system.o(i.rt_pop_req)
    rt_psh_req                               0x00002dc1   Thumb Code    22  rt_system.o(i.rt_psh_req)
    rt_psq_enq                               0x00002de1   Thumb Code    88  rt_list.o(i.rt_psq_enq)
    rt_put_dly                               0x00002e3d   Thumb Code    68  rt_list.o(i.rt_put_dly)
    rt_put_prio                              0x00002e85   Thumb Code    54  rt_list.o(i.rt_put_prio)
    rt_put_rdy_first                         0x00002ebd   Thumb Code    14  rt_list.o(i.rt_put_rdy_first)
    rt_resort_prio                           0x00002ed1   Thumb Code    46  rt_list.o(i.rt_resort_prio)
    rt_ret_val                               0x00002f05   Thumb Code     6  hal_cm.o(i.rt_ret_val)
    rt_ret_val2                              0x00002f0b   Thumb Code     8  hal_cm.o(i.rt_ret_val2)
    rt_rmv_dly                               0x00002f13   Thumb Code    40  rt_list.o(i.rt_rmv_dly)
    rt_rmv_list                              0x00002f3d   Thumb Code    44  rt_list.o(i.rt_rmv_list)
    rt_sem_psh                               0x00002f6d   Thumb Code    48  rt_semaphore.o(i.rt_sem_psh)
    rt_stk_check                             0x00002fa1   Thumb Code    28  rt_system.o(i.rt_stk_check)
    rt_switch_req                            0x00002fc5   Thumb Code    30  rt_task.o(i.rt_switch_req)
    rt_sys_init                              0x00002fed   Thumb Code   138  rt_task.o(i.rt_sys_init)
    rt_sys_start                             0x000030b9   Thumb Code   110  rt_task.o(i.rt_sys_start)
    rt_systick                               0x00003131   Thumb Code    50  rt_system.o(i.rt_systick)
    rt_tsk_create                            0x000031b9   Thumb Code   118  rt_task.o(i.rt_tsk_create)
    rt_tsk_delete                            0x00003241   Thumb Code   352  rt_task.o(i.rt_tsk_delete)
    rt_tsk_prio                              0x000033bd   Thumb Code   108  rt_task.o(i.rt_tsk_prio)
    rt_tsk_self                              0x00003439   Thumb Code    12  rt_task.o(i.rt_tsk_self)
    svcDelay                                 0x00003449   Thumb Code    18  rt_cmsis.o(i.svcDelay)
    svcKernelInitialize                      0x0000345d   Thumb Code    80  rt_cmsis.o(i.svcKernelInitialize)
    svcKernelStart                           0x000034cd   Thumb Code    62  rt_cmsis.o(i.svcKernelStart)
    svcMessageCreate                         0x00003515   Thumb Code    36  rt_cmsis.o(i.svcMessageCreate)
    svcMessageGet                            0x00003539   Thumb Code    58  rt_cmsis.o(i.svcMessageGet)
    svcThreadCreate                          0x00003575   Thumb Code    96  rt_cmsis.o(i.svcThreadCreate)
    svcThreadGetId                           0x000035e1   Thumb Code    22  rt_cmsis.o(i.svcThreadGetId)
    svcThreadTerminate                       0x000035fd   Thumb Code    50  rt_cmsis.o(i.svcThreadTerminate)
    svcTimerCall                             0x00003635   Thumb Code    24  rt_cmsis.o(i.svcTimerCall)
    sysTimerTick                             0x0000364d   Thumb Code    84  rt_cmsis.o(i.sysTimerTick)
    os_thread_def_Tache1                     0x000036a8   Data          16  main.o(.constdata)
    os_maxtaskrun                            0x000036b8   Data           2  rtx_conf_cm.o(.constdata)
    os_stackinfo                             0x000036bc   Data           4  rtx_conf_cm.o(.constdata)
    os_rrobin                                0x000036c0   Data           4  rtx_conf_cm.o(.constdata)
    os_tickfreq                              0x000036c4   Data           4  rtx_conf_cm.o(.constdata)
    os_tickus_i                              0x000036c8   Data           2  rtx_conf_cm.o(.constdata)
    os_tickus_f                              0x000036ca   Data           2  rtx_conf_cm.o(.constdata)
    os_trv                                   0x000036cc   Data           4  rtx_conf_cm.o(.constdata)
    os_flags                                 0x000036d0   Data           1  rtx_conf_cm.o(.constdata)
    CMSIS_RTOS_API_Version                   0x000036d4   Data           4  rtx_conf_cm.o(.constdata)
    CMSIS_RTOS_RTX_Version                   0x000036d8   Data           4  rtx_conf_cm.o(.constdata)
    os_clockrate                             0x000036dc   Data           4  rtx_conf_cm.o(.constdata)
    os_timernum                              0x000036e0   Data           4  rtx_conf_cm.o(.constdata)
    mp_tcb_size                              0x000036e4   Data           2  rtx_conf_cm.o(.constdata)
    mp_stk_size                              0x000036e8   Data           4  rtx_conf_cm.o(.constdata)
    os_stack_sz                              0x000036ec   Data           4  rtx_conf_cm.o(.constdata)
    os_fifo_size                             0x000036f0   Data           1  rtx_conf_cm.o(.constdata)
    os_thread_def_osTimerThread              0x000036f4   Data          16  rtx_conf_cm.o(.constdata)
    os_messageQ_def_osTimerMessageQ          0x00003704   Data           8  rtx_conf_cm.o(.constdata)
    mp_tmr_size                              0x0000370c   Data           2  rtx_conf_cm.o(.constdata)
    os_thread_def_main                       0x00003710   Data          16  rtx_conf_cm.o(.constdata)
    Driver_USART1                            0x000038b8   Data          56  uart_lpc17xx.o(.constdata)
    Region$$Table$$Base                      0x000038f0   Number         0  anon$$obj.o(Region$$Table)
    Region$$Table$$Limit                     0x00003910   Number         0  anon$$obj.o(Region$$Table)
    ID_Tache1                                0x10000000   Data           4  main.o(.data)
    osThreadId_osTimerThread                 0x10000004   Data           4  rtx_conf_cm.o(.data)
    osMessageQId_osTimerMessageQ             0x10000008   Data           4  rtx_conf_cm.o(.data)
    os_tmr                                   0x1000000c   Data           4  rtx_conf_cm.o(.data)
    m_tmr                                    0x10000010   Data           4  rtx_conf_cm.o(.data)
    SystemCoreClock                          0x10000024   Data           4  system_lpc17xx.o(.data)
    os_initialized                           0x10000028   Data           1  rt_cmsis.o(.data)
    os_running                               0x10000029   Data           1  rt_cmsis.o(.data)
    os_timer_head                            0x1000002c   Data           4  rt_cmsis.o(.data)
    os_tsk                                   0x10000030   Data           8  rt_task.o(.data)
    os_tick_irqn                             0x1000003c   Data           4  rt_system.o(.data)
    os_time                                  0x10000040   Data           4  rt_time.o(.data)
    os_robin                                 0x10000044   Data           8  rt_robin.o(.data)
    dbg_msg                                  0x1000004c   Data           1  hal_cm.o(.data)
    mp_tcb                                   0x10000050   Data         376  rtx_conf_cm.o(.bss)
    mp_stk                                   0x100001c8   Data        4816  rtx_conf_cm.o(.bss)
    os_stack_mem                             0x10001498   Data         432  rtx_conf_cm.o(.bss)
    os_fifo                                  0x10001648   Data         132  rtx_conf_cm.o(.bss)
    os_active_TCB                            0x100016cc   Data          28  rtx_conf_cm.o(.bss)
    os_messageQ_q_osTimerMessageQ            0x100016e8   Data          32  rtx_conf_cm.o(.bss)
    os_idle_TCB                              0x10001afc   Data          52  rt_task.o(.bss)
    os_rdy                                   0x10001b30   Data          24  rt_list.o(.bss)
    os_dly                                   0x10001b48   Data          24  rt_list.o(.bss)
    __libspace_start                         0x10001b60   Data          96  libspace.o(.bss)
    __temporary_stack_top$libspace           0x10001bc0   Data           0  libspace.o(.bss)



==============================================================================

Memory Map of the image

  Image Entry point : 0x000002bd

  Load Region LR_1 (Base: 0x00000000, Size: 0x00003960, Max: 0xffffffff, ABSOLUTE)

    Execution Region ER_RO (Base: 0x00000000, Size: 0x00003910, Max: 0xffffffff, ABSOLUTE)

    Base Addr    Size         Type   Attr      Idx    E Section Name        Object

    0x00000000   0x000000cc   Data   RO          501    RESET               startup_lpc17xx.o
    0x000000cc   0x00000008   Code   RO         1767  * !!!main             c_w.l(__main.o)
    0x000000d4   0x00000034   Code   RO         1928    !!!scatter          c_w.l(__scatter.o)
    0x00000108   0x0000001a   Code   RO         1930    !!handler_copy      c_w.l(__scatter_copy.o)
    0x00000122   0x00000002   PAD
    0x00000124   0x0000001c   Code   RO         1932    !!handler_zi        c_w.l(__scatter_zi.o)
    0x00000140   0x00000002   Code   RO         1814    .ARM.Collect$$libinit$$00000000  c_w.l(libinit.o)
    0x00000142   0x00000000   Code   RO         1826    .ARM.Collect$$libinit$$00000002  c_w.l(libinit2.o)
    0x00000142   0x00000000   Code   RO         1828    .ARM.Collect$$libinit$$00000004  c_w.l(libinit2.o)
    0x00000142   0x00000000   Code   RO         1831    .ARM.Collect$$libinit$$0000000A  c_w.l(libinit2.o)
    0x00000142   0x00000000   Code   RO         1833    .ARM.Collect$$libinit$$0000000C  c_w.l(libinit2.o)
    0x00000142   0x00000000   Code   RO         1835    .ARM.Collect$$libinit$$0000000E  c_w.l(libinit2.o)
    0x00000142   0x00000000   Code   RO         1838    .ARM.Collect$$libinit$$00000011  c_w.l(libinit2.o)
    0x00000142   0x00000000   Code   RO         1840    .ARM.Collect$$libinit$$00000013  c_w.l(libinit2.o)
    0x00000142   0x00000000   Code   RO         1842    .ARM.Collect$$libinit$$00000015  c_w.l(libinit2.o)
    0x00000142   0x00000000   Code   RO         1844    .ARM.Collect$$libinit$$00000017  c_w.l(libinit2.o)
    0x00000142   0x00000000   Code   RO         1846    .ARM.Collect$$libinit$$00000019  c_w.l(libinit2.o)
    0x00000142   0x00000000   Code   RO         1848    .ARM.Collect$$libinit$$0000001B  c_w.l(libinit2.o)
    0x00000142   0x00000000   Code   RO         1850    .ARM.Collect$$libinit$$0000001D  c_w.l(libinit2.o)
    0x00000142   0x00000000   Code   RO         1852    .ARM.Collect$$libinit$$0000001F  c_w.l(libinit2.o)
    0x00000142   0x00000000   Code   RO         1854    .ARM.Collect$$libinit$$00000021  c_w.l(libinit2.o)
    0x00000142   0x00000000   Code   RO         1856    .ARM.Collect$$libinit$$00000023  c_w.l(libinit2.o)
    0x00000142   0x00000000   Code   RO         1858    .ARM.Collect$$libinit$$00000025  c_w.l(libinit2.o)
    0x00000142   0x00000000   Code   RO         1862    .ARM.Collect$$libinit$$0000002C  c_w.l(libinit2.o)
    0x00000142   0x00000000   Code   RO         1864    .ARM.Collect$$libinit$$0000002E  c_w.l(libinit2.o)
    0x00000142   0x00000000   Code   RO         1866    .ARM.Collect$$libinit$$00000030  c_w.l(libinit2.o)
    0x00000142   0x00000000   Code   RO         1868    .ARM.Collect$$libinit$$00000032  c_w.l(libinit2.o)
    0x00000142   0x00000002   Code   RO         1869    .ARM.Collect$$libinit$$00000033  c_w.l(libinit2.o)
    0x00000144   0x00000002   Code   RO         1815    .ARM.Collect$$libshutdown$$00000000  c_w.l(libshutdown.o)
    0x00000146   0x00000000   Code   RO         1871    .ARM.Collect$$libshutdown$$00000002  c_w.l(libshutdown2.o)
    0x00000146   0x00000000   Code   RO         1873    .ARM.Collect$$libshutdown$$00000004  c_w.l(libshutdown2.o)
    0x00000146   0x00000000   Code   RO         1876    .ARM.Collect$$libshutdown$$00000007  c_w.l(libshutdown2.o)
    0x00000146   0x00000000   Code   RO         1879    .ARM.Collect$$libshutdown$$0000000A  c_w.l(libshutdown2.o)
    0x00000146   0x00000000   Code   RO         1881    .ARM.Collect$$libshutdown$$0000000C  c_w.l(libshutdown2.o)
    0x00000146   0x00000000   Code   RO         1884    .ARM.Collect$$libshutdown$$0000000F  c_w.l(libshutdown2.o)
    0x00000146   0x00000002   Code   RO         1885    .ARM.Collect$$libshutdown$$00000010  c_w.l(libshutdown2.o)
    0x00000148   0x00000000   Code   RO         1769    .ARM.Collect$$rtentry$$00000000  c_w.l(__rtentry.o)
    0x00000148   0x00000000   Code   RO         1777    .ARM.Collect$$rtentry$$00000002  c_w.l(__rtentry2.o)
    0x00000148   0x00000006   Code   RO         1789    .ARM.Collect$$rtentry$$00000004  c_w.l(__rtentry4.o)
    0x0000014e   0x00000000   Code   RO         1779    .ARM.Collect$$rtentry$$00000009  c_w.l(__rtentry2.o)
    0x0000014e   0x00000004   Code   RO         1780    .ARM.Collect$$rtentry$$0000000A  c_w.l(__rtentry2.o)
    0x00000152   0x00000008   Code   RO         1781    .ARM.Collect$$rtentry$$0000000B  c_w.l(__rtentry2.o)
    0x0000015a   0x00000008   Code   RO         1783    .ARM.Collect$$rtentry$$0000000D  c_w.l(__rtentry2.o)
    0x00000162   0x00000002   Code   RO         1770    .ARM.Collect$$rtexit$$00000000  c_w.l(rtexit.o)
    0x00000164   0x00000000   Code   RO         1792    .ARM.Collect$$rtexit$$00000002  c_w.l(rtexit2.o)
    0x00000164   0x00000004   Code   RO         1793    .ARM.Collect$$rtexit$$00000003  c_w.l(rtexit2.o)
    0x00000168   0x00000006   Code   RO         1794    .ARM.Collect$$rtexit$$00000004  c_w.l(rtexit2.o)
    0x0000016e   0x00000002   PAD
    0x00000170   0x0000001c   Code   RO           60    .emb_text           rtx_conf_cm.o
    0x0000018c   0x00000130   Code   RO         1743    .emb_text           RTX_CM3.lib(hal_cm3.o)
    0x000002bc   0x0000003c   Code   RO          503  * .text               startup_lpc17xx.o
    0x000002f8   0x00000002   Code   RO         1816    .text               c_w.l(use_no_semi.o)
    0x000002fa   0x00000000   Code   RO         1818    .text               c_w.l(indicate_semi.o)
    0x000002fa   0x00000002   Code   RO         1290    i.os_tick_irqack    RTX_CM3.lib(rt_system.o)
    0x000002fc   0x00000004   Code   RO          502    .ARM.__at_0x02FC    startup_lpc17xx.o
    0x00000300   0x00000008   Code   RO         1758    .text               c_w.l(libspace.o)
    0x00000308   0x000000ee   Code   RO         1761    .text               c_w.l(lludivv7m.o)
    0x000003f6   0x00000012   Code   RO         1763    .text               c_w.l(exit.o)
    0x00000408   0x00000006   Code   RO         1765    .text               c_w.l(heapauxi.o)
    0x0000040e   0x00000002   PAD
    0x00000410   0x0000000c   Code   RO         1800    .text               c_w.l(sys_exit.o)
    0x0000041c   0x0000004a   Code   RO         1802    .text               c_w.l(sys_stackheap_outer.o)
    0x00000466   0x00000002   PAD
    0x00000468   0x00000004   Code   RO         1753    SVC_TABLE           RTX_CM3.lib(svc_table.o)
    0x0000046c   0x00000020   Code   RO          372    i.Clear_Channel_active_flag  gpdma_lpc17xx.o
    0x0000048c   0x00000180   Code   RO          373    i.DMA_IRQHandler    gpdma_lpc17xx.o
    0x0000060c   0x000000f4   Code   RO          374    i.GPDMA_ChannelConfigure  gpdma_lpc17xx.o
    0x00000700   0x00000030   Code   RO          375    i.GPDMA_ChannelDisable  gpdma_lpc17xx.o
    0x00000730   0x00000030   Code   RO          377    i.GPDMA_ChannelGetCount  gpdma_lpc17xx.o
    0x00000760   0x000000b0   Code   RO          379    i.GPDMA_Initialize  gpdma_lpc17xx.o
    0x00000810   0x00000044   Code   RO          380    i.GPDMA_PeripheralSelect  gpdma_lpc17xx.o
    0x00000854   0x00000080   Code   RO          381    i.GPDMA_Uninitialize  gpdma_lpc17xx.o
    0x000008d4   0x00000044   Code   RO          122    i.GetUsartClockFreq  uart_lpc17xx.o
    0x00000918   0x00000038   Code   RO            1    i.Init_UART         main.o
    0x00000950   0x000000fc   Code   RO          462    i.PIN_Configure     pin_lpc17xx.o
    0x00000a4c   0x00000068   Code   RO            2    i.Send_DFP          main.o
    0x00000ab4   0x00000038   Code   RO          382    i.Set_Channel_active_flag  gpdma_lpc17xx.o
    0x00000aec   0x00000140   Code   RO          513    i.SystemInit        system_lpc17xx.o
    0x00000c2c   0x00000032   Code   RO            3    i.Tache1            main.o
    0x00000c5e   0x00000002   PAD
    0x00000c60   0x00000010   Code   RO          123    i.UART1_IRQHandler  uart_lpc17xx.o
    0x00000c70   0x00000018   Code   RO          124    i.USART1_Control    uart_lpc17xx.o
    0x00000c88   0x00000014   Code   RO          125    i.USART1_GPDMA_Rx_Event  uart_lpc17xx.o
    0x00000c9c   0x00000014   Code   RO          126    i.USART1_GPDMA_Tx_Event  uart_lpc17xx.o
    0x00000cb0   0x00000010   Code   RO          127    i.USART1_GetCapabilities  uart_lpc17xx.o
    0x00000cc0   0x00000010   Code   RO          128    i.USART1_GetModemStatus  uart_lpc17xx.o
    0x00000cd0   0x00000010   Code   RO          129    i.USART1_GetRxCount  uart_lpc17xx.o
    0x00000ce0   0x00000010   Code   RO          130    i.USART1_GetStatus  uart_lpc17xx.o
    0x00000cf0   0x00000010   Code   RO          131    i.USART1_GetTxCount  uart_lpc17xx.o
    0x00000d00   0x00000014   Code   RO          132    i.USART1_Initialize  uart_lpc17xx.o
    0x00000d14   0x00000014   Code   RO          133    i.USART1_PowerControl  uart_lpc17xx.o
    0x00000d28   0x00000018   Code   RO          134    i.USART1_Receive    uart_lpc17xx.o
    0x00000d40   0x00000018   Code   RO          135    i.USART1_Send       uart_lpc17xx.o
    0x00000d58   0x00000014   Code   RO          136    i.USART1_SetModemControl  uart_lpc17xx.o
    0x00000d6c   0x0000001c   Code   RO          137    i.USART1_Transfer   uart_lpc17xx.o
    0x00000d88   0x00000010   Code   RO          138    i.USART1_Uninitialize  uart_lpc17xx.o
    0x00000d98   0x00000670   Code   RO          139    i.USART_Control     uart_lpc17xx.o
    0x00001408   0x00000086   Code   RO          140    i.USART_GPDMA_Rx_Event  uart_lpc17xx.o
    0x0000148e   0x0000004a   Code   RO          141    i.USART_GPDMA_Tx_Event  uart_lpc17xx.o
    0x000014d8   0x00000006   Code   RO          142    i.USART_GetCapabilities  uart_lpc17xx.o
    0x000014de   0x000000ec   Code   RO          143    i.USART_GetModemStatus  uart_lpc17xx.o
    0x000015ca   0x0000001c   Code   RO          144    i.USART_GetRxCount  uart_lpc17xx.o
    0x000015e6   0x000000bc   Code   RO          145    i.USART_GetStatus   uart_lpc17xx.o
    0x000016a2   0x0000001c   Code   RO          146    i.USART_GetTxCount  uart_lpc17xx.o
    0x000016be   0x0000026c   Code   RO          147    i.USART_IRQHandler  uart_lpc17xx.o
    0x0000192a   0x000000fe   Code   RO          148    i.USART_Initialize  uart_lpc17xx.o
    0x00001a28   0x00000254   Code   RO          149    i.USART_PowerControl  uart_lpc17xx.o
    0x00001c7c   0x00000110   Code   RO          150    i.USART_Receive     uart_lpc17xx.o
    0x00001d8c   0x00000068   Code   RO          151    i.USART_RxLineIntHandler  uart_lpc17xx.o
    0x00001df4   0x0000019c   Code   RO          152    i.USART_Send        uart_lpc17xx.o
    0x00001f90   0x00000134   Code   RO          153    i.USART_SetBaudrate  uart_lpc17xx.o
    0x000020c4   0x000000a0   Code   RO          154    i.USART_SetModemControl  uart_lpc17xx.o
    0x00002164   0x0000007a   Code   RO          155    i.USART_Transfer    uart_lpc17xx.o
    0x000021de   0x000000e2   Code   RO          156    i.USART_Uninitialize  uart_lpc17xx.o
    0x000022c0   0x00000010   Code   RO          157    i.USARTx_GetVersion  uart_lpc17xx.o
    0x000022d0   0x0000001c   Code   RO          158    i.__NVIC_ClearPendingIRQ  uart_lpc17xx.o
    0x000022ec   0x0000001c   Code   RO          383    i.__NVIC_ClearPendingIRQ  gpdma_lpc17xx.o
    0x00002308   0x00000046   Code   RO         1642    i._init_box         RTX_CM3.lib(rt_membox.o)
    0x0000234e   0x00000002   PAD
    0x00002350   0x00000020   Code   RO           62    i._mutex_acquire    rtx_conf_cm.o
    0x00002370   0x0000001c   Code   RO           64    i._mutex_release    rtx_conf_cm.o
    0x0000238c   0x00000030   Code   RO         1695    i.dbg_init          RTX_CM3.lib(hal_cm.o)
    0x000023bc   0x00000020   Code   RO         1696    i.dbg_task_notify   RTX_CM3.lib(hal_cm.o)
    0x000023dc   0x00000010   Code   RO         1697    i.dbg_task_switch   RTX_CM3.lib(hal_cm.o)
    0x000023ec   0x0000002a   Code   RO          548    i.isrMessageGet     RTX_CM3.lib(rt_cmsis.o)
    0x00002416   0x0000002c   Code   RO          549    i.isrMessagePut     RTX_CM3.lib(rt_cmsis.o)
    0x00002442   0x00000002   PAD
    0x00002444   0x00000056   Code   RO         1497    i.isr_mbx_receive   RTX_CM3.lib(rt_mailbox.o)
    0x0000249a   0x0000000e   Code   RO         1498    i.isr_mbx_send      RTX_CM3.lib(rt_mailbox.o)
    0x000024a8   0x00000050   Code   RO            4    i.main              main.o
    0x000024f8   0x00000018   Code   RO          552    i.osDelay           RTX_CM3.lib(rt_cmsis.o)
    0x00002510   0x00000024   Code   RO          553    i.osKernelInitialize  RTX_CM3.lib(rt_cmsis.o)
    0x00002534   0x0000006c   Code   RO          555    i.osKernelStart     RTX_CM3.lib(rt_cmsis.o)
    0x000025a0   0x00000018   Code   RO          564    i.osMessageGet      RTX_CM3.lib(rt_cmsis.o)
    0x000025b8   0x0000002c   Code   RO          581    i.osThreadCreate    RTX_CM3.lib(rt_cmsis.o)
    0x000025e4   0x00000018   Code   RO          582    i.osThreadExit      RTX_CM3.lib(rt_cmsis.o)
    0x000025fc   0x0000000c   Code   RO          588    i.osTimerCall       RTX_CM3.lib(rt_cmsis.o)
    0x00002608   0x0000002c   Code   RO          593    i.osTimerThread     RTX_CM3.lib(rt_cmsis.o)
    0x00002634   0x00000022   Code   RO           65    i.os_error          rtx_conf_cm.o
    0x00002656   0x00000004   Code   RO           66    i.os_idle_demon     rtx_conf_cm.o
    0x0000265a   0x00000002   PAD
    0x0000265c   0x00000028   Code   RO         1289    i.os_tick_init      RTX_CM3.lib(rt_system.o)
    0x00002684   0x0000001a   Code   RO         1643    i.rt_alloc_box      RTX_CM3.lib(rt_membox.o)
    0x0000269e   0x0000003e   Code   RO         1671    i.rt_alloc_mem      RTX_CM3.lib(rt_memory.o)
    0x000026dc   0x00000038   Code   RO         1170    i.rt_block          RTX_CM3.lib(rt_task.o)
    0x00002714   0x00000048   Code   RO         1620    i.rt_chk_robin      RTX_CM3.lib(rt_robin.o)
    0x0000275c   0x00000070   Code   RO         1421    i.rt_dec_dly        RTX_CM3.lib(rt_list.o)
    0x000027cc   0x00000044   Code   RO         1171    i.rt_dispatch       RTX_CM3.lib(rt_task.o)
    0x00002810   0x00000006   Code   RO         1587    i.rt_dly_wait       RTX_CM3.lib(rt_time.o)
    0x00002816   0x00000002   PAD
    0x00002818   0x00000050   Code   RO         1382    i.rt_evt_psh        RTX_CM3.lib(rt_event.o)
    0x00002868   0x0000002c   Code   RO         1644    i.rt_free_box       RTX_CM3.lib(rt_membox.o)
    0x00002894   0x00000028   Code   RO         1672    i.rt_free_mem       RTX_CM3.lib(rt_memory.o)
    0x000028bc   0x00000028   Code   RO         1422    i.rt_get_first      RTX_CM3.lib(rt_list.o)
    0x000028e4   0x00000008   Code   RO          598    i.rt_id2obj         RTX_CM3.lib(rt_cmsis.o)
    0x000028ec   0x00000048   Code   RO         1172    i.rt_init_context   RTX_CM3.lib(rt_task.o)
    0x00002934   0x0000001a   Code   RO         1673    i.rt_init_mem       RTX_CM3.lib(rt_memory.o)
    0x0000294e   0x00000002   PAD
    0x00002950   0x00000018   Code   RO         1621    i.rt_init_robin     RTX_CM3.lib(rt_robin.o)
    0x00002968   0x00000080   Code   RO         1698    i.rt_init_stack     RTX_CM3.lib(hal_cm.o)
    0x000029e8   0x00000008   Code   RO         1499    i.rt_mbx_check      RTX_CM3.lib(rt_mailbox.o)
    0x000029f0   0x0000001a   Code   RO         1500    i.rt_mbx_init       RTX_CM3.lib(rt_mailbox.o)
    0x00002a0a   0x00000002   PAD
    0x00002a0c   0x000000f0   Code   RO         1501    i.rt_mbx_psh        RTX_CM3.lib(rt_mailbox.o)
    0x00002afc   0x000000b4   Code   RO         1503    i.rt_mbx_wait       RTX_CM3.lib(rt_mailbox.o)
    0x00002bb0   0x00000044   Code   RO          599    i.rt_ms2tick        RTX_CM3.lib(rt_cmsis.o)
    0x00002bf4   0x000000d8   Code   RO         1256    i.rt_mut_release    RTX_CM3.lib(rt_mutex.o)
    0x00002ccc   0x00000078   Code   RO         1257    i.rt_mut_wait       RTX_CM3.lib(rt_mutex.o)
    0x00002d44   0x0000007c   Code   RO         1293    i.rt_pop_req        RTX_CM3.lib(rt_system.o)
    0x00002dc0   0x00000020   Code   RO         1294    i.rt_psh_req        RTX_CM3.lib(rt_system.o)
    0x00002de0   0x0000005c   Code   RO         1424    i.rt_psq_enq        RTX_CM3.lib(rt_list.o)
    0x00002e3c   0x00000048   Code   RO         1425    i.rt_put_dly        RTX_CM3.lib(rt_list.o)
    0x00002e84   0x00000036   Code   RO         1426    i.rt_put_prio       RTX_CM3.lib(rt_list.o)
    0x00002eba   0x00000002   PAD
    0x00002ebc   0x00000014   Code   RO         1427    i.rt_put_rdy_first  RTX_CM3.lib(rt_list.o)
    0x00002ed0   0x00000034   Code   RO         1428    i.rt_resort_prio    RTX_CM3.lib(rt_list.o)
    0x00002f04   0x00000006   Code   RO         1699    i.rt_ret_val        RTX_CM3.lib(hal_cm.o)
    0x00002f0a   0x00000008   Code   RO         1700    i.rt_ret_val2       RTX_CM3.lib(hal_cm.o)
    0x00002f12   0x00000028   Code   RO         1429    i.rt_rmv_dly        RTX_CM3.lib(rt_list.o)
    0x00002f3a   0x00000002   PAD
    0x00002f3c   0x00000030   Code   RO         1430    i.rt_rmv_list       RTX_CM3.lib(rt_list.o)
    0x00002f6c   0x00000034   Code   RO         1548    i.rt_sem_psh        RTX_CM3.lib(rt_semaphore.o)
    0x00002fa0   0x00000024   Code   RO         1296    i.rt_stk_check      RTX_CM3.lib(rt_system.o)
    0x00002fc4   0x00000028   Code   RO         1173    i.rt_switch_req     RTX_CM3.lib(rt_task.o)
    0x00002fec   0x000000cc   Code   RO         1174    i.rt_sys_init       RTX_CM3.lib(rt_task.o)
    0x000030b8   0x00000078   Code   RO         1175    i.rt_sys_start      RTX_CM3.lib(rt_task.o)
    0x00003130   0x00000040   Code   RO         1298    i.rt_systick        RTX_CM3.lib(rt_system.o)
    0x00003170   0x00000012   Code   RO          600    i.rt_tid2ptcb       RTX_CM3.lib(rt_cmsis.o)
    0x00003182   0x00000002   PAD
    0x00003184   0x00000034   Code   RO          601    i.rt_timer_insert   RTX_CM3.lib(rt_cmsis.o)
    0x000031b8   0x00000088   Code   RO         1176    i.rt_tsk_create     RTX_CM3.lib(rt_task.o)
    0x00003240   0x0000017c   Code   RO         1177    i.rt_tsk_delete     RTX_CM3.lib(rt_task.o)
    0x000033bc   0x0000007c   Code   RO         1179    i.rt_tsk_prio       RTX_CM3.lib(rt_task.o)
    0x00003438   0x00000010   Code   RO         1180    i.rt_tsk_self       RTX_CM3.lib(rt_task.o)
    0x00003448   0x00000012   Code   RO          603    i.svcDelay          RTX_CM3.lib(rt_cmsis.o)
    0x0000345a   0x00000002   PAD
    0x0000345c   0x00000070   Code   RO          604    i.svcKernelInitialize  RTX_CM3.lib(rt_cmsis.o)
    0x000034cc   0x00000048   Code   RO          606    i.svcKernelStart    RTX_CM3.lib(rt_cmsis.o)
    0x00003514   0x00000024   Code   RO          609    i.svcMessageCreate  RTX_CM3.lib(rt_cmsis.o)
    0x00003538   0x0000003a   Code   RO          610    i.svcMessageGet     RTX_CM3.lib(rt_cmsis.o)
    0x00003572   0x00000002   PAD
    0x00003574   0x0000006c   Code   RO          624    i.svcThreadCreate   RTX_CM3.lib(rt_cmsis.o)
    0x000035e0   0x0000001c   Code   RO          625    i.svcThreadGetId    RTX_CM3.lib(rt_cmsis.o)
    0x000035fc   0x00000038   Code   RO          628    i.svcThreadTerminate  RTX_CM3.lib(rt_cmsis.o)
    0x00003634   0x00000018   Code   RO          630    i.svcTimerCall      RTX_CM3.lib(rt_cmsis.o)
    0x0000364c   0x0000005c   Code   RO          639    i.sysTimerTick      RTX_CM3.lib(rt_cmsis.o)
    0x000036a8   0x00000010   Data   RO            5    .constdata          main.o
    0x000036b8   0x00000068   Data   RO           68    .constdata          rtx_conf_cm.o
    0x00003720   0x000001d0   Data   RO          160    .constdata          uart_lpc17xx.o
    0x000038f0   0x00000020   Data   RO         1926    Region$$Table       anon$$obj.o


    Execution Region ER_RW (Base: 0x10000000, Size: 0x00000050, Max: 0xffffffff, ABSOLUTE)

    Base Addr    Size         Type   Attr      Idx    E Section Name        Object

    0x10000000   0x00000004   Data   RW            6    .data               main.o
    0x10000004   0x00000014   Data   RW           69    .data               rtx_conf_cm.o
    0x10000018   0x00000004   Data   RW          161    .data               uart_lpc17xx.o
    0x1000001c   0x00000008   Data   RW          385    .data               gpdma_lpc17xx.o
    0x10000024   0x00000004   Data   RW          514    .data               system_lpc17xx.o
    0x10000028   0x00000008   Data   RW          642    .data               RTX_CM3.lib(rt_cmsis.o)
    0x10000030   0x00000008   Data   RW         1182    .data               RTX_CM3.lib(rt_task.o)
    0x10000038   0x00000008   Data   RW         1301    .data               RTX_CM3.lib(rt_system.o)
    0x10000040   0x00000004   Data   RW         1591    .data               RTX_CM3.lib(rt_time.o)
    0x10000044   0x00000008   Data   RW         1622    .data               RTX_CM3.lib(rt_robin.o)
    0x1000004c   0x00000001   Data   RW         1701    .data               RTX_CM3.lib(hal_cm.o)


    Execution Region ER_ZI (Base: 0x10000050, Size: 0x00001d70, Max: 0xffffffff, ABSOLUTE)

    Base Addr    Size         Type   Attr      Idx    E Section Name        Object

    0x10000050   0x000019d8   Zero   RW           67    .bss                rtx_conf_cm.o
    0x10001a28   0x00000034   Zero   RW          159    .bss                uart_lpc17xx.o
    0x10001a5c   0x000000a0   Zero   RW          384    .bss                gpdma_lpc17xx.o
    0x10001afc   0x00000034   Zero   RW         1181    .bss                RTX_CM3.lib(rt_task.o)
    0x10001b30   0x00000030   Zero   RW         1431    .bss                RTX_CM3.lib(rt_list.o)
    0x10001b60   0x00000060   Zero   RW         1759    .bss                c_w.l(libspace.o)
    0x10001bc0   0x00000000   Zero   RW          500    HEAP                startup_lpc17xx.o
    0x10001bc0   0x00000200   Zero   RW          499    STACK               startup_lpc17xx.o


==============================================================================

Image component sizes


      Code (inc. data)   RO Data    RW Data    ZI Data      Debug   Object Name

      1212         94          0          8        160       8082   gpdma_lpc17xx.o
       290         30         16          4          0      17882   main.o
       252          6          0          0          0        804   pin_lpc17xx.o
       126         26        104         20       6616       9035   rtx_conf_cm.o
        64         26        204          0        512        980   startup_lpc17xx.o
       320         18          0          4          0        791   system_lpc17xx.o
      5840        152        464          4         52      80798   uart_lpc17xx.o

    ----------------------------------------------------------------------
      8108        352        820         40       7340     118372   Object Totals
         0          0         32          0          0          0   (incl. Generated)
         4          0          0          0          0          0   (incl. Padding)

    ----------------------------------------------------------------------

      Code (inc. data)   RO Data    RW Data    ZI Data      Debug   Library Member Name

       238         24          0          1          0       3268   hal_cm.o
       304         36          0          0          0        760   hal_cm3.o
      1152        144          0          8          0      33134   rt_cmsis.o
        80          4          0          0          0        653   rt_event.o
       530         34          0          0         48       8169   rt_list.o
       554         10          0          0          0       3901   rt_mailbox.o
       140          0          0          0          0       1901   rt_membox.o
       128          0          0          0          0       2275   rt_memory.o
       336         14          0          0          0       1631   rt_mutex.o
        96         22          0          8          0       1134   rt_robin.o
        52          4          0          0          0        565   rt_semaphore.o
       298         52          0          8          0       6151   rt_system.o
      1216        174          0          8         52       9565   rt_task.o
         6          0          0          4          0        644   rt_time.o
         4          4          0          0          0        200   svc_table.o
         8          0          0          0          0         68   __main.o
         0          0          0          0          0          0   __rtentry.o
        20          0          0          0          0          0   __rtentry2.o
         6          0          0          0          0          0   __rtentry4.o
        52          8          0          0          0          0   __scatter.o
        26          0          0          0          0          0   __scatter_copy.o
        28          0          0          0          0          0   __scatter_zi.o
        18          0          0          0          0         80   exit.o
         6          0          0          0          0        152   heapauxi.o
         0          0          0          0          0          0   indicate_semi.o
         2          0          0          0          0          0   libinit.o
         2          0          0          0          0          0   libinit2.o
         2          0          0          0          0          0   libshutdown.o
         2          0          0          0          0          0   libshutdown2.o
         8          4          0          0         96         68   libspace.o
       238          0          0          0          0        100   lludivv7m.o
         2          0          0          0          0          0   rtexit.o
        10          0          0          0          0          0   rtexit2.o
        12          4          0          0          0         68   sys_exit.o
        74          0          0          0          0         80   sys_stackheap_outer.o
         2          0          0          0          0         68   use_no_semi.o

    ----------------------------------------------------------------------
      5680        538          0         40        196      74635   Library Totals
        28          0          0          3          0          0   (incl. Padding)

    ----------------------------------------------------------------------

      Code (inc. data)   RO Data    RW Data    ZI Data      Debug   Library Name

      5134        522          0         37        100      73951   RTX_CM3.lib
       518         16          0          0         96        684   c_w.l

    ----------------------------------------------------------------------
      5680        538          0         40        196      74635   Library Totals

    ----------------------------------------------------------------------

==============================================================================


      Code (inc. data)   RO Data    RW Data    ZI Data      Debug   

     13788        890        820         80       7536     186295   Grand Totals
     13788        890        820         80       7536     186295   ELF Image Totals
     13788        890        820         80          0          0   ROM Totals

==============================================================================

    Total RO  Size (Code + RO Data)                14608 (  14.27kB)
    Total RW  Size (RW Data + ZI Data)              7616 (   7.44kB)
    Total ROM Size (Code + RO Data + RW Data)      14688 (  14.34kB)

==============================================================================

